Archive member included to satisfy reference by file (symbol)

c:/st/stm32cubeide_1.10.1/stm32cubeide/plugins/com.st.stm32cube.ide.mcu.externaltools.gnu-tools-for-stm32.10.3-2021.10.win32_1.0.0.202111181127/tools/bin/../lib/gcc/arm-none-eabi/10.3.1/../../../../arm-none-eabi/lib/thumb/v7e-m+fp/hard\libc_nano.a(lib_a-errno.o)
                              ./Core/Src/syscalls.o (__errno)
c:/st/stm32cubeide_1.10.1/stm32cubeide/plugins/com.st.stm32cube.ide.mcu.externaltools.gnu-tools-for-stm32.10.3-2021.10.win32_1.0.0.202111181127/tools/bin/../lib/gcc/arm-none-eabi/10.3.1/../../../../arm-none-eabi/lib/thumb/v7e-m+fp/hard\libc_nano.a(lib_a-exit.o)
                              c:/st/stm32cubeide_1.10.1/stm32cubeide/plugins/com.st.stm32cube.ide.mcu.externaltools.gnu-tools-for-stm32.10.3-2021.10.win32_1.0.0.202111181127/tools/bin/../lib/gcc/arm-none-eabi/10.3.1/../../../../arm-none-eabi/lib/thumb/v7e-m+fp/hard/crt0.o (exit)
c:/st/stm32cubeide_1.10.1/stm32cubeide/plugins/com.st.stm32cube.ide.mcu.externaltools.gnu-tools-for-stm32.10.3-2021.10.win32_1.0.0.202111181127/tools/bin/../lib/gcc/arm-none-eabi/10.3.1/../../../../arm-none-eabi/lib/thumb/v7e-m+fp/hard\libc_nano.a(lib_a-findfp.o)
                              ./Middlewares/Third_Party/FreeRTOS/Source/tasks.o (__sf_fake_stderr)
c:/st/stm32cubeide_1.10.1/stm32cubeide/plugins/com.st.stm32cube.ide.mcu.externaltools.gnu-tools-for-stm32.10.3-2021.10.win32_1.0.0.202111181127/tools/bin/../lib/gcc/arm-none-eabi/10.3.1/../../../../arm-none-eabi/lib/thumb/v7e-m+fp/hard\libc_nano.a(lib_a-fwalk.o)
                              c:/st/stm32cubeide_1.10.1/stm32cubeide/plugins/com.st.stm32cube.ide.mcu.externaltools.gnu-tools-for-stm32.10.3-2021.10.win32_1.0.0.202111181127/tools/bin/../lib/gcc/arm-none-eabi/10.3.1/../../../../arm-none-eabi/lib/thumb/v7e-m+fp/hard\libc_nano.a(lib_a-findfp.o) (_fwalk)
c:/st/stm32cubeide_1.10.1/stm32cubeide/plugins/com.st.stm32cube.ide.mcu.externaltools.gnu-tools-for-stm32.10.3-2021.10.win32_1.0.0.202111181127/tools/bin/../lib/gcc/arm-none-eabi/10.3.1/../../../../arm-none-eabi/lib/thumb/v7e-m+fp/hard\libc_nano.a(lib_a-impure.o)
                              c:/st/stm32cubeide_1.10.1/stm32cubeide/plugins/com.st.stm32cube.ide.mcu.externaltools.gnu-tools-for-stm32.10.3-2021.10.win32_1.0.0.202111181127/tools/bin/../lib/gcc/arm-none-eabi/10.3.1/../../../../arm-none-eabi/lib/thumb/v7e-m+fp/hard\libc_nano.a(lib_a-exit.o) (_global_impure_ptr)
c:/st/stm32cubeide_1.10.1/stm32cubeide/plugins/com.st.stm32cube.ide.mcu.externaltools.gnu-tools-for-stm32.10.3-2021.10.win32_1.0.0.202111181127/tools/bin/../lib/gcc/arm-none-eabi/10.3.1/../../../../arm-none-eabi/lib/thumb/v7e-m+fp/hard\libc_nano.a(lib_a-init.o)
                              c:/st/stm32cubeide_1.10.1/stm32cubeide/plugins/com.st.stm32cube.ide.mcu.externaltools.gnu-tools-for-stm32.10.3-2021.10.win32_1.0.0.202111181127/tools/bin/../lib/gcc/arm-none-eabi/10.3.1/../../../../arm-none-eabi/lib/thumb/v7e-m+fp/hard/crt0.o (__libc_init_array)
c:/st/stm32cubeide_1.10.1/stm32cubeide/plugins/com.st.stm32cube.ide.mcu.externaltools.gnu-tools-for-stm32.10.3-2021.10.win32_1.0.0.202111181127/tools/bin/../lib/gcc/arm-none-eabi/10.3.1/../../../../arm-none-eabi/lib/thumb/v7e-m+fp/hard\libc_nano.a(lib_a-lock.o)
                              c:/st/stm32cubeide_1.10.1/stm32cubeide/plugins/com.st.stm32cube.ide.mcu.externaltools.gnu-tools-for-stm32.10.3-2021.10.win32_1.0.0.202111181127/tools/bin/../lib/gcc/arm-none-eabi/10.3.1/../../../../arm-none-eabi/lib/thumb/v7e-m+fp/hard\libc_nano.a(lib_a-findfp.o) (__retarget_lock_init_recursive)
c:/st/stm32cubeide_1.10.1/stm32cubeide/plugins/com.st.stm32cube.ide.mcu.externaltools.gnu-tools-for-stm32.10.3-2021.10.win32_1.0.0.202111181127/tools/bin/../lib/gcc/arm-none-eabi/10.3.1/../../../../arm-none-eabi/lib/thumb/v7e-m+fp/hard\libc_nano.a(lib_a-memcpy-stub.o)
                              ./Core/Src/comm_modbus.o (memcpy)
c:/st/stm32cubeide_1.10.1/stm32cubeide/plugins/com.st.stm32cube.ide.mcu.externaltools.gnu-tools-for-stm32.10.3-2021.10.win32_1.0.0.202111181127/tools/bin/../lib/gcc/arm-none-eabi/10.3.1/../../../../arm-none-eabi/lib/thumb/v7e-m+fp/hard\libc_nano.a(lib_a-memset.o)
                              c:/st/stm32cubeide_1.10.1/stm32cubeide/plugins/com.st.stm32cube.ide.mcu.externaltools.gnu-tools-for-stm32.10.3-2021.10.win32_1.0.0.202111181127/tools/bin/../lib/gcc/arm-none-eabi/10.3.1/../../../../arm-none-eabi/lib/thumb/v7e-m+fp/hard/crt0.o (memset)
c:/st/stm32cubeide_1.10.1/stm32cubeide/plugins/com.st.stm32cube.ide.mcu.externaltools.gnu-tools-for-stm32.10.3-2021.10.win32_1.0.0.202111181127/tools/bin/../lib/gcc/arm-none-eabi/10.3.1/../../../../arm-none-eabi/lib/thumb/v7e-m+fp/hard\libc_nano.a(lib_a-nano-mallocr.o)
[...]
Memory Configuration

Name             Origin             Length             Attributes
RAM              0x0000000020000000 0x0000000000010000 xrw
FLASH            0x0000000008000000 0x0000000000040000 xr
*default*        0x0000000000000000 0xffffffffffffffff

Linker script and memory map

LOAD c:/st/stm32cubeide_1.10.1/stm32cubeide/plugins/com.st.stm32cube.ide.mcu.externaltools.gnu-tools-for-stm32.10.3-2021.10.win32_1.0.0.202111181127/tools/bin/../lib/gcc/arm-none-eabi/10.3.1/thumb/v7e-m+fp/hard/crti.o
LOAD c:/st/stm32cubeide_1.10.1/stm32cubeide/plugins/com.st.stm32cube.ide.mcu.externaltools.gnu-tools-for-stm32.10.3-2021.10.win32_1.0.0.202111181127/tools/bin/../lib/gcc/arm-none-eabi/10.3.1/thumb/v7e-m+fp/hard/crtbegin.o
LOAD c:/st/stm32cubeide_1.10.1/stm32cubeide/plugins/com.st.stm32cube.ide.mcu.externaltools.gnu-tools-for-stm32.10.3-2021.10.win32_1.0.0.202111181127/tools/bin/../lib/gcc/arm-none-eabi/10.3.1/../../../../arm-none-eabi/lib/thumb/v7e-m+fp/hard/crt0.o
LOAD ./Core/Src/comm_modbus.o
LOAD ./Core/Src/freertos.o
LOAD ./Core/Src/inverter.o
LOAD ./Core/Src/main.o
LOAD ./Core/Src/mitsubishi_encoder.o
LOAD ./Core/Src/pid.o
LOAD ./Core/Src/stm32f4xx_hal_msp.o
LOAD ./Core/Src/stm32f4xx_it.o
LOAD ./Core/Src/syscalls.o
LOAD ./Core/Src/sysmem.o
LOAD ./Core/Src/system_stm32f4xx.o
LOAD ./Core/Startup/startup_stm32f401ccux.o
LOAD ./Core/stModbus/src/modbus.o
LOAD ./Core/stModbus/src/rtu/mbutils.o
LOAD ./Drivers/STM32F4xx_HAL_Driver/Src/stm32f4xx_hal.o
LOAD ./Drivers/STM32F4xx_HAL_Driver/Src/stm32f4xx_hal_adc.o
LOAD ./Drivers/STM32F4xx_HAL_Driver/Src/stm32f4xx_hal_adc_ex.o
LOAD ./Drivers/STM32F4xx_HAL_Driver/Src/stm32f4xx_hal_cortex.o
LOAD ./Drivers/STM32F4xx_HAL_Driver/Src/stm32f4xx_hal_dma.o
LOAD ./Drivers/STM32F4xx_HAL_Driver/Src/stm32f4xx_hal_dma_ex.o
LOAD ./Drivers/STM32F4xx_HAL_Driver/Src/stm32f4xx_hal_exti.o
LOAD ./Drivers/STM32F4xx_HAL_Driver/Src/stm32f4xx_hal_flash.o
LOAD ./Drivers/STM32F4xx_HAL_Driver/Src/stm32f4xx_hal_flash_ex.o
LOAD ./Drivers/STM32F4xx_HAL_Driver/Src/stm32f4xx_hal_flash_ramfunc.o
LOAD ./Drivers/STM32F4xx_HAL_Driver/Src/stm32f4xx_hal_gpio.o
LOAD ./Drivers/STM32F4xx_HAL_Driver/Src/stm32f4xx_hal_pwr.o
LOAD ./Drivers/STM32F4xx_HAL_Driver/Src/stm32f4xx_hal_pwr_ex.o
LOAD ./Drivers/STM32F4xx_HAL_Driver/Src/stm32f4xx_hal_rcc.o
LOAD ./Drivers/STM32F4xx_HAL_Driver/Src/stm32f4xx_hal_rcc_ex.o
LOAD ./Drivers/STM32F4xx_HAL_Driver/Src/stm32f4xx_hal_tim.o
LOAD ./Drivers/STM32F4xx_HAL_Driver/Src/stm32f4xx_hal_tim_ex.o
LOAD ./Drivers/STM32F4xx_HAL_Driver/Src/stm32f4xx_hal_uart.o
LOAD ./Drivers/STM32F4xx_HAL_Driver/Src/stm32f4xx_ll_adc.o
LOAD ./Middlewares/Third_Party/FreeRTOS/Source/CMSIS_RTOS_V2/cmsis_os2.o
LOAD ./Middlewares/Third_Party/FreeRTOS/Source/croutine.o
LOAD ./Middlewares/Third_Party/FreeRTOS/Source/event_groups.o
LOAD ./Middlewares/Third_Party/FreeRTOS/Source/list.o
LOAD ./Middlewares/Third_Party/FreeRTOS/Source/queue.o
LOAD ./Middlewares/Third_Party/FreeRTOS/Source/stream_buffer.o
LOAD ./Middlewares/Third_Party/FreeRTOS/Source/tasks.o
LOAD ./Middlewares/Third_Party/FreeRTOS/Source/timers.o
LOAD ./Middlewares/Third_Party/FreeRTOS/Source/portable/GCC/ARM_CM4F/port.o
LOAD ./Middlewares/Third_Party/FreeRTOS/Source/portable/MemMang/heap_4.o
START GROUP
LOAD c:/st/stm32cubeide_1.10.1/stm32cubeide/plugins/com.st.stm32cube.ide.mcu.externaltools.gnu-tools-for-stm32.10.3-2021.10.win32_1.0.0.202111181127/tools/bin/../lib/gcc/arm-none-eabi/10.3.1/../../../../arm-none-eabi/lib/thumb/v7e-m+fp/hard\libc_nano.a
LOAD c:/st/stm32cubeide_1.10.1/stm32cubeide/plugins/com.st.stm32cube.ide.mcu.externaltools.gnu-tools-for-stm32.10.3-2021.10.win32_1.0.0.202111181127/tools/bin/../lib/gcc/arm-none-eabi/10.3.1/../../../../arm-none-eabi/lib/thumb/v7e-m+fp/hard\libm.a
END GROUP
START GROUP
LOAD c:/st/stm32cubeide_1.10.1/stm32cubeide/plugins/com.st.stm32cube.ide.mcu.externaltools.gnu-tools-for-stm32.10.3-2021.10.win32_1.0.0.202111181127/tools/bin/../lib/gcc/arm-none-eabi/10.3.1/thumb/v7e-m+fp/hard\libgcc.a
LOAD c:/st/stm32cubeide_1.10.1/stm32cubeide/plugins/com.st.stm32cube.ide.mcu.externaltools.gnu-tools-for-stm32.10.3-2021.10.win32_1.0.0.202111181127/tools/bin/../lib/gcc/arm-none-eabi/10.3.1/../../../../arm-none-eabi/lib/thumb/v7e-m+fp/hard\libc_nano.a
END GROUP
START GROUP
LOAD c:/st/stm32cubeide_1.10.1/stm32cubeide/plugins/com.st.stm32cube.ide.mcu.externaltools.gnu-tools-for-stm32.10.3-2021.10.win32_1.0.0.202111181127/tools/bin/../lib/gcc/arm-none-eabi/10.3.1/thumb/v7e-m+fp/hard\libgcc.a
LOAD c:/st/stm32cubeide_1.10.1/stm32cubeide/plugins/com.st.stm32cube.ide.mcu.externaltools.gnu-tools-for-stm32.10.3-2021.10.win32_1.0.0.202111181127/tools/bin/../lib/gcc/arm-none-eabi/10.3.1/../../../../arm-none-eabi/lib/thumb/v7e-m+fp/hard\libc_nano.a
LOAD c:/st/stm32cubeide_1.10.1/stm32cubeide/plugins/com.st.stm32cube.ide.mcu.externaltools.gnu-tools-for-stm32.10.3-2021.10.win32_1.0.0.202111181127/tools/bin/../lib/gcc/arm-none-eabi/10.3.1/../../../../arm-none-eabi/lib/thumb/v7e-m+fp/hard\libnosys.a
END GROUP
START GROUP
LOAD c:/st/stm32cubeide_1.10.1/stm32cubeide/plugins/com.st.stm32cube.ide.mcu.externaltools.gnu-tools-for-stm32.10.3-2021.10.win32_1.0.0.202111181127/tools/bin/../lib/gcc/arm-none-eabi/10.3.1/thumb/v7e-m+fp/hard\libgcc.a
LOAD c:/st/stm32cubeide_1.10.1/stm32cubeide/plugins/com.st.stm32cube.ide.mcu.externaltools.gnu-tools-for-stm32.10.3-2021.10.win32_1.0.0.202111181127/tools/bin/../lib/gcc/arm-none-eabi/10.3.1/../../../../arm-none-eabi/lib/thumb/v7e-m+fp/hard\libc_nano.a
LOAD c:/st/stm32cubeide_1.10.1/stm32cubeide/plugins/com.st.stm32cube.ide.mcu.externaltools.gnu-tools-for-stm32.10.3-2021.10.win32_1.0.0.202111181127/tools/bin/../lib/gcc/arm-none-eabi/10.3.1/../../../../arm-none-eabi/lib/thumb/v7e-m+fp/hard\libnosys.a
END GROUP
LOAD c:/st/stm32cubeide_1.10.1/stm32cubeide/plugins/com.st.stm32cube.ide.mcu.externaltools.gnu-tools-for-stm32.10.3-2021.10.win32_1.0.0.202111181127/tools/bin/../lib/gcc/arm-none-eabi/10.3.1/thumb/v7e-m+fp/hard/crtend.o
LOAD c:/st/stm32cubeide_1.10.1/stm32cubeide/plugins/com.st.stm32cube.ide.mcu.externaltools.gnu-tools-for-stm32.10.3-2021.10.win32_1.0.0.202111181127/tools/bin/../lib/gcc/arm-none-eabi/10.3.1/thumb/v7e-m+fp/hard/crtn.o
                0x0000000020010000                _estack = (ORIGIN (RAM) + LENGTH (RAM))
                0x0000000000000200                _Min_Heap_Size = 0x200
                0x0000000000000400                _Min_Stack_Size = 0x400

.isr_vector     0x0000000008000000      0x194
                0x0000000008000000                . = ALIGN (0x4)
 *(.isr_vector)
 .isr_vector    0x0000000008000000      0x194 ./Core/Startup/startup_stm32f401ccux.o
                0x0000000008000000                g_pfnVectors
                0x0000000008000194                . = ALIGN (0x4)

.text           0x00000000080001a0     0xcf0c
                0x00000000080001a0                . = ALIGN (0x4)
 *(.text)
 .text          0x00000000080001a0       0x40 c:/st/stm32cubeide_1.10.1/stm32cubeide/plugins/com.st.stm32cube.ide.mcu.externaltools.gnu-tools-for-stm32.10.3-2021.10.win32_1.0.0.202111181127/tools/bin/../lib/gcc/arm-none-eabi/10.3.1/thumb/v7e-m+fp/hard/crtbegin.o
 .text          0x00000000080001e0      0x378 c:/st/stm32cubeide_1.10.1/stm32cubeide/plugins/com.st.stm32cube.ide.mcu.externaltools.gnu-tools-for-stm32.10.3-2021.10.win32_1.0.0.202111181127/tools/bin/../lib/gcc/arm-none-eabi/10.3.1/thumb/v7e-m+fp/hard\libgcc.a(_arm_addsubdf3.o)
                0x00000000080001e0                __aeabi_drsub
                0x00000000080001e8                __aeabi_dsub
                0x00000000080001e8                __subdf3
                0x00000000080001ec                __aeabi_dadd
                0x00000000080001ec                __adddf3
                0x0000000008000464                __floatunsidf
                0x0000000008000464                __aeabi_ui2d
                0x0000000008000484                __floatsidf
                0x0000000008000484                __aeabi_i2d
                0x00000000080004a8                __aeabi_f2d
                0x00000000080004a8                __extendsfdf2
                0x00000000080004ec                __floatundidf
                0x00000000080004ec                __aeabi_ul2d
                0x00000000080004fc                __floatdidf
                0x00000000080004fc                __aeabi_l2d
 .text          0x0000000008000558      0x424 c:/st/stm32cubeide_1.10.1/stm32cubeide/plugins/com.st.stm32cube.ide.mcu.externaltools.gnu-tools-for-stm32.10.3-2021.10.win32_1.0.0.202111181127/tools/bin/../lib/gcc/arm-none-eabi/10.3.1/thumb/v7e-m+fp/hard\libgcc.a(_arm_muldivdf3.o)
                0x0000000008000558                __aeabi_dmul
                0x0000000008000558                __muldf3
                0x00000000080007ac                __divdf3
                0x00000000080007ac                __aeabi_ddiv
 .text          0x000000000800097c      0x110 c:/st/stm32cubeide_1.10.1/stm32cubeide/plugins/com.st.stm32cube.ide.mcu.externaltools.gnu-tools-for-stm32.10.3-2021.10.win32_1.0.0.202111181127/tools/bin/../lib/gcc/arm-none-eabi/10.3.1/thumb/v7e-m+fp/hard\libgcc.a(_arm_cmpdf2.o)
                0x000000000800097c                __gtdf2
                0x000000000800097c                __gedf2
                0x0000000008000984                __ltdf2
                0x0000000008000984                __ledf2
                0x000000000800098c                __nedf2
                0x000000000800098c                __eqdf2
                0x000000000800098c                __cmpdf2
                0x0000000008000a08                __aeabi_cdrcmple
                0x0000000008000a18                __aeabi_cdcmpeq
                0x0000000008000a18                __aeabi_cdcmple
                0x0000000008000a28                __aeabi_dcmpeq
                0x0000000008000a3c                __aeabi_dcmplt
                0x0000000008000a50                __aeabi_dcmple
                0x0000000008000a64                __aeabi_dcmpge
                0x0000000008000a78                __aeabi_dcmpgt
 .text          0x0000000008000a8c       0x2c c:/st/stm32cubeide_1.10.1/stm32cubeide/plugins/com.st.stm32cube.ide.mcu.externaltools.gnu-tools-for-stm32.10.3-2021.10.win32_1.0.0.202111181127/tools/bin/../lib/gcc/arm-none-eabi/10.3.1/thumb/v7e-m+fp/hard\libgcc.a(_arm_unorddf2.o)
                0x0000000008000a8c                __unorddf2
                0x0000000008000a8c                __aeabi_dcmpun
 .text          0x0000000008000ab8       0xa0 c:/st/stm32cubeide_1.10.1/stm32cubeide/plugins/com.st.stm32cube.ide.mcu.externaltools.gnu-tools-for-stm32.10.3-2021.10.win32_1.0.0.202111181127/tools/bin/../lib/gcc/arm-none-eabi/10.3.1/thumb/v7e-m+fp/hard\libgcc.a(_arm_truncdfsf2.o)
                0x0000000008000ab8                __truncdfsf2
                0x0000000008000ab8                __aeabi_d2f
 .text          0x0000000008000b58       0x30 c:/st/stm32cubeide_1.10.1/stm32cubeide/plugins/com.st.stm32cube.ide.mcu.externaltools.gnu-tools-for-stm32.10.3-2021.10.win32_1.0.0.202111181127/tools/bin/../lib/gcc/arm-none-eabi/10.3.1/thumb/v7e-m+fp/hard\libgcc.a(_aeabi_uldivmod.o)
                0x0000000008000b58                __aeabi_uldivmod
 .text          0x0000000008000b88      0x2d0 c:/st/stm32cubeide_1.10.1/stm32cubeide/plugins/com.st.stm32cube.ide.mcu.externaltools.gnu-tools-for-stm32.10.3-2021.10.win32_1.0.0.202111181127/tools/bin/../lib/gcc/arm-none-eabi/10.3.1/thumb/v7e-m+fp/hard\libgcc.a(_udivmoddi4.o)
                0x0000000008000b88                __udivmoddi4
 .text          0x0000000008000e58        0x4 c:/st/stm32cubeide_1.10.1/stm32cubeide/plugins/com.st.stm32cube.ide.mcu.externaltools.gnu-tools-for-stm32.10.3-2021.10.win32_1.0.0.202111181127/tools/bin/../lib/gcc/arm-none-eabi/10.3.1/thumb/v7e-m+fp/hard\libgcc.a(_dvmd_tls.o)
                0x0000000008000e58                __aeabi_idiv0
                0x0000000008000e58                __aeabi_ldiv0
 *(.text*)
 .text.modbus_protocol_read
                0x0000000008000e5c       0x40 ./Core/Src/comm_modbus.o
                0x0000000008000e5c                modbus_protocol_read
 .text.modbus_protocol_write
                0x0000000008000e9c      0x210 ./Core/Src/comm_modbus.o
                0x0000000008000e9c                modbus_protocol_write
 .text.mbus_send
                0x00000000080010ac       0x48 ./Core/Src/comm_modbus.o
                0x00000000080010ac                mbus_send
 .text.Modbus_init
                0x00000000080010f4       0x8c ./Core/Src/comm_modbus.o
                0x00000000080010f4                Modbus_init
 .text.modbus_process_new_data_to_fifo
                0x0000000008001180       0xd4 ./Core/Src/comm_modbus.o
                0x0000000008001180                modbus_process_new_data_to_fifo
 .text.process_modbus_command
                0x0000000008001254       0x5c ./Core/Src/comm_modbus.o
                0x0000000008001254                process_modbus_command
 .text.inverter_enable
                0x00000000080012b0       0x8c ./Core/Src/inverter.o
                0x00000000080012b0                inverter_enable
 .text.inverter_disable
                0x000000000800133c       0x74 ./Core/Src/inverter.o
                0x000000000800133c                inverter_disable
 .text.inverter_error_trip
                0x00000000080013b0       0x2c ./Core/Src/inverter.o
                0x00000000080013b0                inverter_error_trip
 .text.park_transform
                0x00000000080013dc       0xd8 ./Core/Src/inverter.o
                0x00000000080013dc                park_transform
 .text.inv_park_transform
                0x00000000080014b4       0xac ./Core/Src/inverter.o
                0x00000000080014b4                inv_park_transform
 .text.LowPassFilter
                0x0000000008001560       0x70 ./Core/Src/inverter.o
                0x0000000008001560                LowPassFilter
 .text.get_sine_value
                0x00000000080015d0       0xc0 ./Core/Src/inverter.o
                0x00000000080015d0                get_sine_value
 .text.output_sine_pwm
                0x0000000008001690      0x104 ./Core/Src/inverter.o
                0x0000000008001690                output_sine_pwm
 .text.main     0x0000000008001794       0x58 ./Core/Src/main.o
                0x0000000008001794                main
 .text.SystemClock_Config
                0x00000000080017ec       0xd4 ./Core/Src/main.o
                0x00000000080017ec                SystemClock_Config
 .text.MX_ADC1_Init
                0x00000000080018c0       0xf8 ./Core/Src/main.o
 .text.MX_TIM1_Init
                0x00000000080019b8      0x174 ./Core/Src/main.o
 .text.MX_TIM2_Init
                0x0000000008001b2c       0xa8 ./Core/Src/main.o
 .text.MX_TIM3_Init
                0x0000000008001bd4       0x9c ./Core/Src/main.o
 .text.MX_TIM4_Init
                0x0000000008001c70       0x9c ./Core/Src/main.o
 .text.MX_USART1_UART_Init
                0x0000000008001d0c       0x70 ./Core/Src/main.o
 .text.MX_USART2_UART_Init
                0x0000000008001d7c       0x54 ./Core/Src/main.o
 .text.MX_DMA_Init
                0x0000000008001dd0       0x9c ./Core/Src/main.o
 .text.MX_GPIO_Init
                0x0000000008001e6c      0x170 ./Core/Src/main.o
 .text.HAL_UARTEx_RxEventCallback
                0x0000000008001fdc       0x22 ./Core/Src/main.o
                0x0000000008001fdc                HAL_UARTEx_RxEventCallback
 *fill*         0x0000000008001ffe        0x2 
 .text.HAL_UART_ErrorCallback
                0x0000000008002000       0x28 ./Core/Src/main.o
                0x0000000008002000                HAL_UART_ErrorCallback
 .text.HAL_UART_TxCpltCallback
                0x0000000008002028       0x30 ./Core/Src/main.o
                0x0000000008002028                HAL_UART_TxCpltCallback
 .text.StartDefaultTask
                0x0000000008002058       0x4c ./Core/Src/main.o
                0x0000000008002058                StartDefaultTask
 .text.Error_Handler
                0x00000000080020a4        0xa ./Core/Src/main.o
                0x00000000080020a4                Error_Handler
 *fill*         0x00000000080020ae        0x2 
 .text.motor_identification
                0x00000000080020b0      0x110 ./Core/Src/mitsubishi_encoder.o
                0x00000000080020b0                motor_identification
 .text.motor_encoder_read_position
                0x00000000080021c0      0x1dc ./Core/Src/mitsubishi_encoder.o
                0x00000000080021c0                motor_encoder_read_position
 .text.PI_control
                0x000000000800239c      0x10c ./Core/Src/pid.o
                0x000000000800239c                PI_control
 .text.HAL_MspInit
                0x00000000080024a8       0x58 ./Core/Src/stm32f4xx_hal_msp.o
                0x00000000080024a8                HAL_MspInit
 .text.HAL_ADC_MspInit
                0x0000000008002500       0xf0 ./Core/Src/stm32f4xx_hal_msp.o
                0x0000000008002500                HAL_ADC_MspInit
 .text.HAL_TIM_Base_MspInit
                0x00000000080025f0       0xc8 ./Core/Src/stm32f4xx_hal_msp.o
                0x00000000080025f0                HAL_TIM_Base_MspInit
 .text.HAL_TIM_Encoder_MspInit
                0x00000000080026b8       0x8c ./Core/Src/stm32f4xx_hal_msp.o
                0x00000000080026b8                HAL_TIM_Encoder_MspInit
 .text.HAL_TIM_MspPostInit
                0x0000000008002744       0x74 ./Core/Src/stm32f4xx_hal_msp.o
                0x0000000008002744                HAL_TIM_MspPostInit
 .text.HAL_UART_MspInit
                0x00000000080027b8      0x2b0 ./Core/Src/stm32f4xx_hal_msp.o
                0x00000000080027b8                HAL_UART_MspInit
 .text.HAL_UART_MspDeInit
                0x0000000008002a68       0x98 ./Core/Src/stm32f4xx_hal_msp.o
                0x0000000008002a68                HAL_UART_MspDeInit
 .text.NMI_Handler
                0x0000000008002b00        0x6 ./Core/Src/stm32f4xx_it.o
                0x0000000008002b00                NMI_Handler
 .text.HardFault_Handler
                0x0000000008002b06        0x6 ./Core/Src/stm32f4xx_it.o
                0x0000000008002b06                HardFault_Handler
 .text.MemManage_Handler
                0x0000000008002b0c        0x6 ./Core/Src/stm32f4xx_it.o
                0x0000000008002b0c                MemManage_Handler
 .text.BusFault_Handler
                0x0000000008002b12        0x6 ./Core/Src/stm32f4xx_it.o
                0x0000000008002b12                BusFault_Handler
 .text.UsageFault_Handler
                0x0000000008002b18        0x6 ./Core/Src/stm32f4xx_it.o
                0x0000000008002b18                UsageFault_Handler
 .text.DebugMon_Handler
                0x0000000008002b1e        0xe ./Core/Src/stm32f4xx_it.o
                0x0000000008002b1e                DebugMon_Handler
 .text.SysTick_Handler
                0x0000000008002b2c       0x1a ./Core/Src/stm32f4xx_it.o
                0x0000000008002b2c                SysTick_Handler
 *fill*         0x0000000008002b46        0x2 
 .text.DMA1_Stream5_IRQHandler
                0x0000000008002b48       0x14 ./Core/Src/stm32f4xx_it.o
                0x0000000008002b48                DMA1_Stream5_IRQHandler
 .text.DMA1_Stream6_IRQHandler
                0x0000000008002b5c       0x14 ./Core/Src/stm32f4xx_it.o
                0x0000000008002b5c                DMA1_Stream6_IRQHandler
 .text.TIM1_UP_TIM10_IRQHandler
                0x0000000008002b70       0x14 ./Core/Src/stm32f4xx_it.o
                0x0000000008002b70                TIM1_UP_TIM10_IRQHandler
 .text.TIM3_IRQHandler
                0x0000000008002b84       0x38 ./Core/Src/stm32f4xx_it.o
                0x0000000008002b84                TIM3_IRQHandler
 .text.TIM4_IRQHandler
                0x0000000008002bbc       0x58 ./Core/Src/stm32f4xx_it.o
                0x0000000008002bbc                TIM4_IRQHandler
 .text.USART1_IRQHandler
                0x0000000008002c14       0x14 ./Core/Src/stm32f4xx_it.o
                0x0000000008002c14                USART1_IRQHandler
 .text.USART2_IRQHandler
                0x0000000008002c28       0x14 ./Core/Src/stm32f4xx_it.o
                0x0000000008002c28                USART2_IRQHandler
 .text.DMA2_Stream0_IRQHandler
                0x0000000008002c3c      0xdc8 ./Core/Src/stm32f4xx_it.o
                0x0000000008002c3c                DMA2_Stream0_IRQHandler
 .text.DMA2_Stream2_IRQHandler
                0x0000000008003a04       0x14 ./Core/Src/stm32f4xx_it.o
                0x0000000008003a04                DMA2_Stream2_IRQHandler
 .text.DMA2_Stream7_IRQHandler
                0x0000000008003a18       0x14 ./Core/Src/stm32f4xx_it.o
                0x0000000008003a18                DMA2_Stream7_IRQHandler
 .text.SystemInit
                0x0000000008003a2c       0x24 ./Core/Src/system_stm32f4xx.o
                0x0000000008003a2c                SystemInit
 .text.Reset_Handler
                0x0000000008003a50       0x50 ./Core/Startup/startup_stm32f401ccux.o
                0x0000000008003a50                Reset_Handler
 .text.Default_Handler
                0x0000000008003aa0        0x2 ./Core/Startup/startup_stm32f401ccux.o
                0x0000000008003aa0                RTC_Alarm_IRQHandler
                0x0000000008003aa0                EXTI2_IRQHandler
                0x0000000008003aa0                SPI4_IRQHandler
                0x0000000008003aa0                TIM1_CC_IRQHandler
                0x0000000008003aa0                DMA2_Stream5_IRQHandler
                0x0000000008003aa0                PVD_IRQHandler
                0x0000000008003aa0                SDIO_IRQHandler
                0x0000000008003aa0                TAMP_STAMP_IRQHandler
                0x0000000008003aa0                EXTI3_IRQHandler
                0x0000000008003aa0                I2C3_ER_IRQHandler
                0x0000000008003aa0                EXTI0_IRQHandler
                0x0000000008003aa0                I2C2_EV_IRQHandler
                0x0000000008003aa0                DMA1_Stream2_IRQHandler
                0x0000000008003aa0                FPU_IRQHandler
                0x0000000008003aa0                SPI1_IRQHandler
                0x0000000008003aa0                TIM1_BRK_TIM9_IRQHandler
                0x0000000008003aa0                DMA2_Stream3_IRQHandler
                0x0000000008003aa0                USART6_IRQHandler
                0x0000000008003aa0                I2C1_EV_IRQHandler
                0x0000000008003aa0                DMA1_Stream1_IRQHandler
                0x0000000008003aa0                RCC_IRQHandler
                0x0000000008003aa0                Default_Handler
                0x0000000008003aa0                EXTI15_10_IRQHandler
                0x0000000008003aa0                ADC_IRQHandler
                0x0000000008003aa0                DMA1_Stream7_IRQHandler
                0x0000000008003aa0                TIM5_IRQHandler
                0x0000000008003aa0                I2C3_EV_IRQHandler
                0x0000000008003aa0                EXTI9_5_IRQHandler
                0x0000000008003aa0                RTC_WKUP_IRQHandler
                0x0000000008003aa0                SPI2_IRQHandler
                0x0000000008003aa0                DMA1_Stream0_IRQHandler
                0x0000000008003aa0                EXTI4_IRQHandler
                0x0000000008003aa0                WWDG_IRQHandler
                0x0000000008003aa0                TIM2_IRQHandler
                0x0000000008003aa0                OTG_FS_WKUP_IRQHandler
                0x0000000008003aa0                TIM1_TRG_COM_TIM11_IRQHandler
                0x0000000008003aa0                EXTI1_IRQHandler
                0x0000000008003aa0                I2C2_ER_IRQHandler
                0x0000000008003aa0                DMA2_Stream1_IRQHandler
                0x0000000008003aa0                FLASH_IRQHandler
                0x0000000008003aa0                DMA2_Stream4_IRQHandler
                0x0000000008003aa0                OTG_FS_IRQHandler
                0x0000000008003aa0                SPI3_IRQHandler
                0x0000000008003aa0                DMA1_Stream4_IRQHandler
                0x0000000008003aa0                I2C1_ER_IRQHandler
                0x0000000008003aa0                DMA2_Stream6_IRQHandler
                0x0000000008003aa0                DMA1_Stream3_IRQHandler
 *fill*         0x0000000008003aa2        0x2 
 .text.mbus_open
                0x0000000008003aa4       0xa0 ./Core/stModbus/src/modbus.o
                0x0000000008003aa4                mbus_open
 .text.mbus_flush
                0x0000000008003b44       0x48 ./Core/stModbus/src/modbus.o
                0x0000000008003b44                mbus_flush
 .text.mbus_response
                0x0000000008003b8c       0x34 ./Core/stModbus/src/modbus.o
                0x0000000008003b8c                mbus_response
 .text.mbus_poll_response
                0x0000000008003bc0      0x394 ./Core/stModbus/src/modbus.o
                0x0000000008003bc0                mbus_poll_response
 .text.mbus_poll
                0x0000000008003f54      0x3d0 ./Core/stModbus/src/modbus.o
                0x0000000008003f54                mbus_poll
 .text.mbus_send_error
                0x0000000008004324       0x54 ./Core/stModbus/src/modbus.o
                0x0000000008004324                mbus_send_error
 .text.mbus_send_data
                0x0000000008004378       0xc8 ./Core/stModbus/src/modbus.o
                0x0000000008004378                mbus_send_data
 .text.mbus_proto_address
                0x0000000008004440       0xbc ./Core/stModbus/src/modbus.o
                0x0000000008004440                mbus_proto_address
 .text.mbus_crc16
                0x00000000080044fc       0x58 ./Core/stModbus/src/rtu/mbutils.o
                0x00000000080044fc                mbus_crc16
 .text.mbus_tickcount
                0x0000000008004554       0x10 ./Core/stModbus/src/rtu/mbutils.o
                0x0000000008004554                mbus_tickcount
 .text.HAL_Init
                0x0000000008004564       0x44 ./Drivers/STM32F4xx_HAL_Driver/Src/stm32f4xx_hal.o
                0x0000000008004564                HAL_Init
 .text.HAL_InitTick
                0x00000000080045a8       0x60 ./Drivers/STM32F4xx_HAL_Driver/Src/stm32f4xx_hal.o
                0x00000000080045a8                HAL_InitTick
 .text.HAL_IncTick
                0x0000000008004608       0x28 ./Drivers/STM32F4xx_HAL_Driver/Src/stm32f4xx_hal.o
                0x0000000008004608                HAL_IncTick
 .text.HAL_GetTick
                0x0000000008004630       0x18 ./Drivers/STM32F4xx_HAL_Driver/Src/stm32f4xx_hal.o
                0x0000000008004630                HAL_GetTick
 .text.HAL_ADC_Init
                0x0000000008004648       0x86 ./Drivers/STM32F4xx_HAL_Driver/Src/stm32f4xx_hal_adc.o
                0x0000000008004648                HAL_ADC_Init
 *fill*         0x00000000080046ce        0x2 
 .text.HAL_ADC_Start_DMA
                0x00000000080046d0      0x1e0 ./Drivers/STM32F4xx_HAL_Driver/Src/stm32f4xx_hal_adc.o
                0x00000000080046d0                HAL_ADC_Start_DMA
 .text.HAL_ADC_ConvCpltCallback
                0x00000000080048b0       0x14 ./Drivers/STM32F4xx_HAL_Driver/Src/stm32f4xx_hal_adc.o
                0x00000000080048b0                HAL_ADC_ConvCpltCallback
 .text.HAL_ADC_ConvHalfCpltCallback
                0x00000000080048c4       0x14 ./Drivers/STM32F4xx_HAL_Driver/Src/stm32f4xx_hal_adc.o
                0x00000000080048c4                HAL_ADC_ConvHalfCpltCallback
 .text.HAL_ADC_ErrorCallback
                0x00000000080048d8       0x14 ./Drivers/STM32F4xx_HAL_Driver/Src/stm32f4xx_hal_adc.o
                0x00000000080048d8                HAL_ADC_ErrorCallback
 .text.HAL_ADC_ConfigChannel
                0x00000000080048ec      0x244 ./Drivers/STM32F4xx_HAL_Driver/Src/stm32f4xx_hal_adc.o
                0x00000000080048ec                HAL_ADC_ConfigChannel
 .text.ADC_Init
                0x0000000008004b30      0x1f8 ./Drivers/STM32F4xx_HAL_Driver/Src/stm32f4xx_hal_adc.o
 .text.ADC_DMAConvCplt
                0x0000000008004d28       0xba ./Drivers/STM32F4xx_HAL_Driver/Src/stm32f4xx_hal_adc.o
 .text.ADC_DMAHalfConvCplt
                0x0000000008004de2       0x1c ./Drivers/STM32F4xx_HAL_Driver/Src/stm32f4xx_hal_adc.o
 .text.ADC_DMAError
                0x0000000008004dfe       0x2e ./Drivers/STM32F4xx_HAL_Driver/Src/stm32f4xx_hal_adc.o
 .text.__NVIC_SetPriorityGrouping
                0x0000000008004e2c       0x48 ./Drivers/STM32F4xx_HAL_Driver/Src/stm32f4xx_hal_cortex.o
 .text.__NVIC_GetPriorityGrouping
                0x0000000008004e74       0x1c ./Drivers/STM32F4xx_HAL_Driver/Src/stm32f4xx_hal_cortex.o
 .text.__NVIC_EnableIRQ
                0x0000000008004e90       0x3c ./Drivers/STM32F4xx_HAL_Driver/Src/stm32f4xx_hal_cortex.o
 .text.__NVIC_DisableIRQ
                0x0000000008004ecc       0x48 ./Drivers/STM32F4xx_HAL_Driver/Src/stm32f4xx_hal_cortex.o
 .text.__NVIC_SetPriority
                0x0000000008004f14       0x54 ./Drivers/STM32F4xx_HAL_Driver/Src/stm32f4xx_hal_cortex.o
 .text.NVIC_EncodePriority
                0x0000000008004f68       0x66 ./Drivers/STM32F4xx_HAL_Driver/Src/stm32f4xx_hal_cortex.o
 *fill*         0x0000000008004fce        0x2 
 .text.SysTick_Config
                0x0000000008004fd0       0x44 ./Drivers/STM32F4xx_HAL_Driver/Src/stm32f4xx_hal_cortex.o
 .text.HAL_NVIC_SetPriorityGrouping
                0x0000000008005014       0x16 ./Drivers/STM32F4xx_HAL_Driver/Src/stm32f4xx_hal_cortex.o
                0x0000000008005014                HAL_NVIC_SetPriorityGrouping
 .text.HAL_NVIC_SetPriority
                0x000000000800502a       0x38 ./Drivers/STM32F4xx_HAL_Driver/Src/stm32f4xx_hal_cortex.o
                0x000000000800502a                HAL_NVIC_SetPriority
 .text.HAL_NVIC_EnableIRQ
                0x0000000008005062       0x1c ./Drivers/STM32F4xx_HAL_Driver/Src/stm32f4xx_hal_cortex.o
                0x0000000008005062                HAL_NVIC_EnableIRQ
 .text.HAL_NVIC_DisableIRQ
                0x000000000800507e       0x1c ./Drivers/STM32F4xx_HAL_Driver/Src/stm32f4xx_hal_cortex.o
                0x000000000800507e                HAL_NVIC_DisableIRQ
 .text.HAL_SYSTICK_Config
                0x000000000800509a       0x18 ./Drivers/STM32F4xx_HAL_Driver/Src/stm32f4xx_hal_cortex.o
                0x000000000800509a                HAL_SYSTICK_Config
 *fill*         0x00000000080050b2        0x2 
 .text.HAL_DMA_Init
                0x00000000080050b4      0x15c ./Drivers/STM32F4xx_HAL_Driver/Src/stm32f4xx_hal_dma.o
                0x00000000080050b4                HAL_DMA_Init
 .text.HAL_DMA_DeInit
                0x0000000008005210       0xbc ./Drivers/STM32F4xx_HAL_Driver/Src/stm32f4xx_hal_dma.o
                0x0000000008005210                HAL_DMA_DeInit
 .text.HAL_DMA_Start_IT
                0x00000000080052cc       0xb0 ./Drivers/STM32F4xx_HAL_Driver/Src/stm32f4xx_hal_dma.o
                0x00000000080052cc                HAL_DMA_Start_IT
 .text.HAL_DMA_Abort
                0x000000000800537c       0xe0 ./Drivers/STM32F4xx_HAL_Driver/Src/stm32f4xx_hal_dma.o
                0x000000000800537c                HAL_DMA_Abort
 .text.HAL_DMA_Abort_IT
                0x000000000800545c       0x44 ./Drivers/STM32F4xx_HAL_Driver/Src/stm32f4xx_hal_dma.o
                0x000000000800545c                HAL_DMA_Abort_IT
 .text.HAL_DMA_IRQHandler
                0x00000000080054a0      0x314 ./Drivers/STM32F4xx_HAL_Driver/Src/stm32f4xx_hal_dma.o
                0x00000000080054a0                HAL_DMA_IRQHandler
 .text.DMA_SetConfig
                0x00000000080057b4       0x5c ./Drivers/STM32F4xx_HAL_Driver/Src/stm32f4xx_hal_dma.o
 .text.DMA_CalcBaseAndBitshift
                0x0000000008005810       0x6c ./Drivers/STM32F4xx_HAL_Driver/Src/stm32f4xx_hal_dma.o
 .text.DMA_CheckFifoParam
                0x000000000800587c       0xf8 ./Drivers/STM32F4xx_HAL_Driver/Src/stm32f4xx_hal_dma.o
 .text.HAL_GPIO_Init
                0x0000000008005974      0x308 ./Drivers/STM32F4xx_HAL_Driver/Src/stm32f4xx_hal_gpio.o
                0x0000000008005974                HAL_GPIO_Init
 .text.HAL_GPIO_DeInit
                0x0000000008005c7c      0x1c8 ./Drivers/STM32F4xx_HAL_Driver/Src/stm32f4xx_hal_gpio.o
                0x0000000008005c7c                HAL_GPIO_DeInit
 .text.HAL_GPIO_WritePin
                0x0000000008005e44       0x32 ./Drivers/STM32F4xx_HAL_Driver/Src/stm32f4xx_hal_gpio.o
                0x0000000008005e44                HAL_GPIO_WritePin
 *fill*         0x0000000008005e76        0x2 
 .text.HAL_RCC_OscConfig
                0x0000000008005e78      0x4f0 ./Drivers/STM32F4xx_HAL_Driver/Src/stm32f4xx_hal_rcc.o
                0x0000000008005e78                HAL_RCC_OscConfig
 .text.HAL_RCC_ClockConfig
                0x0000000008006368      0x1cc ./Drivers/STM32F4xx_HAL_Driver/Src/stm32f4xx_hal_rcc.o
                0x0000000008006368                HAL_RCC_ClockConfig
 .text.HAL_RCC_GetSysClockFreq
                0x0000000008006534      0x18c ./Drivers/STM32F4xx_HAL_Driver/Src/stm32f4xx_hal_rcc.o
                0x0000000008006534                HAL_RCC_GetSysClockFreq
 .text.HAL_RCC_GetHCLKFreq
                0x00000000080066c0       0x18 ./Drivers/STM32F4xx_HAL_Driver/Src/stm32f4xx_hal_rcc.o
                0x00000000080066c0                HAL_RCC_GetHCLKFreq
 .text.HAL_RCC_GetPCLK1Freq
                0x00000000080066d8       0x28 ./Drivers/STM32F4xx_HAL_Driver/Src/stm32f4xx_hal_rcc.o
                0x00000000080066d8                HAL_RCC_GetPCLK1Freq
 .text.HAL_RCC_GetPCLK2Freq
                0x0000000008006700       0x28 ./Drivers/STM32F4xx_HAL_Driver/Src/stm32f4xx_hal_rcc.o
                0x0000000008006700                HAL_RCC_GetPCLK2Freq
 .text.HAL_TIM_Base_Init
                0x0000000008006728       0x9e ./Drivers/STM32F4xx_HAL_Driver/Src/stm32f4xx_hal_tim.o
                0x0000000008006728                HAL_TIM_Base_Init
 *fill*         0x00000000080067c6        0x2 
 .text.HAL_TIM_Base_Start_IT
                0x00000000080067c8       0xc4 ./Drivers/STM32F4xx_HAL_Driver/Src/stm32f4xx_hal_tim.o
                0x00000000080067c8                HAL_TIM_Base_Start_IT
 .text.HAL_TIM_Base_Stop_IT
                0x000000000800688c       0x5e ./Drivers/STM32F4xx_HAL_Driver/Src/stm32f4xx_hal_tim.o
                0x000000000800688c                HAL_TIM_Base_Stop_IT
 .text.HAL_TIM_PWM_Init
                0x00000000080068ea       0x9e ./Drivers/STM32F4xx_HAL_Driver/Src/stm32f4xx_hal_tim.o
                0x00000000080068ea                HAL_TIM_PWM_Init
 .text.HAL_TIM_PWM_MspInit
                0x0000000008006988       0x14 ./Drivers/STM32F4xx_HAL_Driver/Src/stm32f4xx_hal_tim.o
                0x0000000008006988                HAL_TIM_PWM_MspInit
 .text.HAL_TIM_PWM_Start
                0x000000000800699c      0x160 ./Drivers/STM32F4xx_HAL_Driver/Src/stm32f4xx_hal_tim.o
                0x000000000800699c                HAL_TIM_PWM_Start
 .text.HAL_TIM_PWM_Stop
                0x0000000008006afc       0xc8 ./Drivers/STM32F4xx_HAL_Driver/Src/stm32f4xx_hal_tim.o
                0x0000000008006afc                HAL_TIM_PWM_Stop
 .text.HAL_TIM_Encoder_Init
                0x0000000008006bc4      0x14c ./Drivers/STM32F4xx_HAL_Driver/Src/stm32f4xx_hal_tim.o
                0x0000000008006bc4                HAL_TIM_Encoder_Init
 .text.HAL_TIM_Encoder_Start
                0x0000000008006d10      0x11c ./Drivers/STM32F4xx_HAL_Driver/Src/stm32f4xx_hal_tim.o
                0x0000000008006d10                HAL_TIM_Encoder_Start
 .text.HAL_TIM_IRQHandler
                0x0000000008006e2c      0x210 ./Drivers/STM32F4xx_HAL_Driver/Src/stm32f4xx_hal_tim.o
                0x0000000008006e2c                HAL_TIM_IRQHandler
 .text.HAL_TIM_PWM_ConfigChannel
                0x000000000800703c      0x184 ./Drivers/STM32F4xx_HAL_Driver/Src/stm32f4xx_hal_tim.o
                0x000000000800703c                HAL_TIM_PWM_ConfigChannel
 .text.HAL_TIM_ConfigClockSource
                0x00000000080071c0      0x18e ./Drivers/STM32F4xx_HAL_Driver/Src/stm32f4xx_hal_tim.o
                0x00000000080071c0                HAL_TIM_ConfigClockSource
 .text.HAL_TIM_PeriodElapsedCallback
                0x000000000800734e       0x14 ./Drivers/STM32F4xx_HAL_Driver/Src/stm32f4xx_hal_tim.o
                0x000000000800734e                HAL_TIM_PeriodElapsedCallback
 .text.HAL_TIM_OC_DelayElapsedCallback
                0x0000000008007362       0x14 ./Drivers/STM32F4xx_HAL_Driver/Src/stm32f4xx_hal_tim.o
                0x0000000008007362                HAL_TIM_OC_DelayElapsedCallback
 .text.HAL_TIM_IC_CaptureCallback
                0x0000000008007376       0x14 ./Drivers/STM32F4xx_HAL_Driver/Src/stm32f4xx_hal_tim.o
                0x0000000008007376                HAL_TIM_IC_CaptureCallback
 .text.HAL_TIM_PWM_PulseFinishedCallback
                0x000000000800738a       0x14 ./Drivers/STM32F4xx_HAL_Driver/Src/stm32f4xx_hal_tim.o
                0x000000000800738a                HAL_TIM_PWM_PulseFinishedCallback
 .text.HAL_TIM_TriggerCallback
                0x000000000800739e       0x14 ./Drivers/STM32F4xx_HAL_Driver/Src/stm32f4xx_hal_tim.o
                0x000000000800739e                HAL_TIM_TriggerCallback
 *fill*         0x00000000080073b2        0x2 
 .text.TIM_Base_SetConfig
                0x00000000080073b4      0x100 ./Drivers/STM32F4xx_HAL_Driver/Src/stm32f4xx_hal_tim.o
                0x00000000080073b4                TIM_Base_SetConfig
 .text.TIM_OC1_SetConfig
                0x00000000080074b4       0xcc ./Drivers/STM32F4xx_HAL_Driver/Src/stm32f4xx_hal_tim.o
 .text.TIM_OC2_SetConfig
                0x0000000008007580       0xd8 ./Drivers/STM32F4xx_HAL_Driver/Src/stm32f4xx_hal_tim.o
                0x0000000008007580                TIM_OC2_SetConfig
 .text.TIM_OC3_SetConfig
                0x0000000008007658       0xd4 ./Drivers/STM32F4xx_HAL_Driver/Src/stm32f4xx_hal_tim.o
 .text.TIM_OC4_SetConfig
                0x000000000800772c       0xa0 ./Drivers/STM32F4xx_HAL_Driver/Src/stm32f4xx_hal_tim.o
 .text.TIM_TI1_ConfigInputStage
                0x00000000080077cc       0x5e ./Drivers/STM32F4xx_HAL_Driver/Src/stm32f4xx_hal_tim.o
 .text.TIM_TI2_ConfigInputStage
                0x000000000800782a       0x60 ./Drivers/STM32F4xx_HAL_Driver/Src/stm32f4xx_hal_tim.o
 .text.TIM_ITRx_SetConfig
                0x000000000800788a       0x36 ./Drivers/STM32F4xx_HAL_Driver/Src/stm32f4xx_hal_tim.o
 .text.TIM_ETR_SetConfig
                0x00000000080078c0       0x40 ./Drivers/STM32F4xx_HAL_Driver/Src/stm32f4xx_hal_tim.o
                0x00000000080078c0                TIM_ETR_SetConfig
 .text.TIM_CCxChannelCmd
                0x0000000008007900       0x4a ./Drivers/STM32F4xx_HAL_Driver/Src/stm32f4xx_hal_tim.o
                0x0000000008007900                TIM_CCxChannelCmd
 *fill*         0x000000000800794a        0x2 
 .text.HAL_TIMEx_MasterConfigSynchronization
                0x000000000800794c       0xdc ./Drivers/STM32F4xx_HAL_Driver/Src/stm32f4xx_hal_tim_ex.o
                0x000000000800794c                HAL_TIMEx_MasterConfigSynchronization
 .text.HAL_TIMEx_ConfigBreakDeadTime
                0x0000000008007a28       0xa4 ./Drivers/STM32F4xx_HAL_Driver/Src/stm32f4xx_hal_tim_ex.o
                0x0000000008007a28                HAL_TIMEx_ConfigBreakDeadTime
 .text.HAL_TIMEx_CommutCallback
                0x0000000008007acc       0x14 ./Drivers/STM32F4xx_HAL_Driver/Src/stm32f4xx_hal_tim_ex.o
                0x0000000008007acc                HAL_TIMEx_CommutCallback
 .text.HAL_TIMEx_BreakCallback
                0x0000000008007ae0       0x14 ./Drivers/STM32F4xx_HAL_Driver/Src/stm32f4xx_hal_tim_ex.o
                0x0000000008007ae0                HAL_TIMEx_BreakCallback
 .text.HAL_UART_Init
                0x0000000008007af4       0x9a ./Drivers/STM32F4xx_HAL_Driver/Src/stm32f4xx_hal_uart.o
                0x0000000008007af4                HAL_UART_Init
 .text.HAL_UART_DeInit
                0x0000000008007b8e       0x5e ./Drivers/STM32F4xx_HAL_Driver/Src/stm32f4xx_hal_uart.o
                0x0000000008007b8e                HAL_UART_DeInit
 .text.HAL_UART_Transmit
                0x0000000008007bec      0x124 ./Drivers/STM32F4xx_HAL_Driver/Src/stm32f4xx_hal_uart.o
                0x0000000008007bec                HAL_UART_Transmit
 .text.HAL_UART_Transmit_DMA
                0x0000000008007d10       0xfc ./Drivers/STM32F4xx_HAL_Driver/Src/stm32f4xx_hal_uart.o
                0x0000000008007d10                HAL_UART_Transmit_DMA
 .text.HAL_UART_Receive_DMA
                0x0000000008007e0c       0x60 ./Drivers/STM32F4xx_HAL_Driver/Src/stm32f4xx_hal_uart.o
                0x0000000008007e0c                HAL_UART_Receive_DMA
 .text.HAL_UARTEx_ReceiveToIdle_DMA
                0x0000000008007e6c       0xca ./Drivers/STM32F4xx_HAL_Driver/Src/stm32f4xx_hal_uart.o
                0x0000000008007e6c                HAL_UARTEx_ReceiveToIdle_DMA
 *fill*         0x0000000008007f36        0x2 
 .text.HAL_UART_IRQHandler
                0x0000000008007f38      0x51c ./Drivers/STM32F4xx_HAL_Driver/Src/stm32f4xx_hal_uart.o
                0x0000000008007f38                HAL_UART_IRQHandler
 .text.HAL_UART_TxHalfCpltCallback
                0x0000000008008454       0x14 ./Drivers/STM32F4xx_HAL_Driver/Src/stm32f4xx_hal_uart.o
                0x0000000008008454                HAL_UART_TxHalfCpltCallback
 .text.HAL_UART_RxCpltCallback
                0x0000000008008468       0x14 ./Drivers/STM32F4xx_HAL_Driver/Src/stm32f4xx_hal_uart.o
                0x0000000008008468                HAL_UART_RxCpltCallback
 .text.HAL_UART_RxHalfCpltCallback
                0x000000000800847c       0x14 ./Drivers/STM32F4xx_HAL_Driver/Src/stm32f4xx_hal_uart.o
                0x000000000800847c                HAL_UART_RxHalfCpltCallback
 .text.UART_DMATransmitCplt
                0x0000000008008490       0x9a ./Drivers/STM32F4xx_HAL_Driver/Src/stm32f4xx_hal_uart.o
 .text.UART_DMATxHalfCplt
                0x000000000800852a       0x1c ./Drivers/STM32F4xx_HAL_Driver/Src/stm32f4xx_hal_uart.o
 .text.UART_DMAReceiveCplt
                0x0000000008008546      0x126 ./Drivers/STM32F4xx_HAL_Driver/Src/stm32f4xx_hal_uart.o
 .text.UART_DMARxHalfCplt
                0x000000000800866c       0x36 ./Drivers/STM32F4xx_HAL_Driver/Src/stm32f4xx_hal_uart.o
 .text.UART_DMAError
                0x00000000080086a2       0x94 ./Drivers/STM32F4xx_HAL_Driver/Src/stm32f4xx_hal_uart.o
 .text.UART_WaitOnFlagUntilTimeout
                0x0000000008008736       0xdc ./Drivers/STM32F4xx_HAL_Driver/Src/stm32f4xx_hal_uart.o
 *fill*         0x0000000008008812        0x2 
 .text.UART_Start_Receive_DMA
                0x0000000008008814      0x13c ./Drivers/STM32F4xx_HAL_Driver/Src/stm32f4xx_hal_uart.o
                0x0000000008008814                UART_Start_Receive_DMA
 .text.UART_EndTxTransfer
                0x0000000008008950       0x50 ./Drivers/STM32F4xx_HAL_Driver/Src/stm32f4xx_hal_uart.o
 .text.UART_EndRxTransfer
                0x00000000080089a0       0xc6 ./Drivers/STM32F4xx_HAL_Driver/Src/stm32f4xx_hal_uart.o
 .text.UART_DMAAbortOnError
                0x0000000008008a66       0x28 ./Drivers/STM32F4xx_HAL_Driver/Src/stm32f4xx_hal_uart.o
 .text.UART_Transmit_IT
                0x0000000008008a8e       0xa0 ./Drivers/STM32F4xx_HAL_Driver/Src/stm32f4xx_hal_uart.o
 .text.UART_EndTransmit_IT
                0x0000000008008b2e       0x30 ./Drivers/STM32F4xx_HAL_Driver/Src/stm32f4xx_hal_uart.o
 .text.UART_Receive_IT
                0x0000000008008b5e      0x176 ./Drivers/STM32F4xx_HAL_Driver/Src/stm32f4xx_hal_uart.o
 .text.UART_SetConfig
                0x0000000008008cd4      0x4e8 ./Drivers/STM32F4xx_HAL_Driver/Src/stm32f4xx_hal_uart.o
 .text.__NVIC_SetPriority
                0x00000000080091bc       0x54 ./Middlewares/Third_Party/FreeRTOS/Source/CMSIS_RTOS_V2/cmsis_os2.o
 .text.SVC_Setup
                0x0000000008009210       0x12 ./Middlewares/Third_Party/FreeRTOS/Source/CMSIS_RTOS_V2/cmsis_os2.o
 *fill*         0x0000000008009222        0x2 
 .text.osKernelInitialize
                0x0000000008009224       0x48 ./Middlewares/Third_Party/FreeRTOS/Source/CMSIS_RTOS_V2/cmsis_os2.o
                0x0000000008009224                osKernelInitialize
 .text.osKernelStart
                0x000000000800926c       0x4c ./Middlewares/Third_Party/FreeRTOS/Source/CMSIS_RTOS_V2/cmsis_os2.o
                0x000000000800926c                osKernelStart
 .text.osThreadNew
                0x00000000080092b8      0x124 ./Middlewares/Third_Party/FreeRTOS/Source/CMSIS_RTOS_V2/cmsis_os2.o
                0x00000000080092b8                osThreadNew
 .text.osDelay  0x00000000080093dc       0x36 ./Middlewares/Third_Party/FreeRTOS/Source/CMSIS_RTOS_V2/cmsis_os2.o
                0x00000000080093dc                osDelay
 *fill*         0x0000000008009412        0x2 
 .text.vApplicationGetIdleTaskMemory
                0x0000000008009414       0x34 ./Middlewares/Third_Party/FreeRTOS/Source/CMSIS_RTOS_V2/cmsis_os2.o
                0x0000000008009414                vApplicationGetIdleTaskMemory
 .text.vApplicationGetTimerTaskMemory
                0x0000000008009448       0x34 ./Middlewares/Third_Party/FreeRTOS/Source/CMSIS_RTOS_V2/cmsis_os2.o
                0x0000000008009448                vApplicationGetTimerTaskMemory
 .text.vListInitialise
                0x000000000800947c       0x40 ./Middlewares/Third_Party/FreeRTOS/Source/list.o
                0x000000000800947c                vListInitialise
 .text.vListInitialiseItem
                0x00000000080094bc       0x1a ./Middlewares/Third_Party/FreeRTOS/Source/list.o
                0x00000000080094bc                vListInitialiseItem
 .text.vListInsertEnd
                0x00000000080094d6       0x48 ./Middlewares/Third_Party/FreeRTOS/Source/list.o
                0x00000000080094d6                vListInsertEnd
 .text.vListInsert
                0x000000000800951e       0x72 ./Middlewares/Third_Party/FreeRTOS/Source/list.o
                0x000000000800951e                vListInsert
 .text.uxListRemove
                0x0000000008009590       0x54 ./Middlewares/Third_Party/FreeRTOS/Source/list.o
                0x0000000008009590                uxListRemove
 .text.xQueueGenericReset
                0x00000000080095e4       0xd0 ./Middlewares/Third_Party/FreeRTOS/Source/queue.o
                0x00000000080095e4                xQueueGenericReset
 .text.xQueueGenericCreateStatic
                0x00000000080096b4       0xf0 ./Middlewares/Third_Party/FreeRTOS/Source/queue.o
                0x00000000080096b4                xQueueGenericCreateStatic
 .text.prvInitialiseNewQueue
                0x00000000080097a4       0x46 ./Middlewares/Third_Party/FreeRTOS/Source/queue.o
 *fill*         0x00000000080097ea        0x2 
 .text.xQueueGenericSend
                0x00000000080097ec      0x1fc ./Middlewares/Third_Party/FreeRTOS/Source/queue.o
                0x00000000080097ec                xQueueGenericSend
 .text.xQueueGenericSendFromISR
                0x00000000080099e8      0x136 ./Middlewares/Third_Party/FreeRTOS/Source/queue.o
                0x00000000080099e8                xQueueGenericSendFromISR
 *fill*         0x0000000008009b1e        0x2 
 .text.xQueueReceive
                0x0000000008009b20      0x1c0 ./Middlewares/Third_Party/FreeRTOS/Source/queue.o
                0x0000000008009b20                xQueueReceive
 .text.prvCopyDataToQueue
                0x0000000008009ce0       0xd4 ./Middlewares/Third_Party/FreeRTOS/Source/queue.o
 .text.prvCopyDataFromQueue
                0x0000000008009db4       0x4c ./Middlewares/Third_Party/FreeRTOS/Source/queue.o
 .text.prvUnlockQueue
                0x0000000008009e00       0xa4 ./Middlewares/Third_Party/FreeRTOS/Source/queue.o
 .text.prvIsQueueEmpty
                0x0000000008009ea4       0x2c ./Middlewares/Third_Party/FreeRTOS/Source/queue.o
 .text.prvIsQueueFull
                0x0000000008009ed0       0x30 ./Middlewares/Third_Party/FreeRTOS/Source/queue.o
 .text.vQueueAddToRegistry
                0x0000000008009f00       0x54 ./Middlewares/Third_Party/FreeRTOS/Source/queue.o
                0x0000000008009f00                vQueueAddToRegistry
 .text.vQueueWaitForMessageRestricted
                0x0000000008009f54       0x68 ./Middlewares/Third_Party/FreeRTOS/Source/queue.o
                0x0000000008009f54                vQueueWaitForMessageRestricted
 .text.xTaskCreateStatic
                0x0000000008009fbc       0xba ./Middlewares/Third_Party/FreeRTOS/Source/tasks.o
                0x0000000008009fbc                xTaskCreateStatic
 .text.xTaskCreate
                0x000000000800a076       0x8a ./Middlewares/Third_Party/FreeRTOS/Source/tasks.o
                0x000000000800a076                xTaskCreate
 .text.prvInitialiseNewTask
                0x000000000800a100      0x14c ./Middlewares/Third_Party/FreeRTOS/Source/tasks.o
 .text.prvAddNewTaskToReadyList
                0x000000000800a24c       0xe0 ./Middlewares/Third_Party/FreeRTOS/Source/tasks.o
 .text.vTaskDelay
                0x000000000800a32c       0x68 ./Middlewares/Third_Party/FreeRTOS/Source/tasks.o
                0x000000000800a32c                vTaskDelay
 .text.vTaskStartScheduler
                0x000000000800a394       0xe0 ./Middlewares/Third_Party/FreeRTOS/Source/tasks.o
                0x000000000800a394                vTaskStartScheduler
 .text.vTaskSuspendAll
                0x000000000800a474       0x1c ./Middlewares/Third_Party/FreeRTOS/Source/tasks.o
                0x000000000800a474                vTaskSuspendAll
 .text.xTaskResumeAll
                0x000000000800a490      0x13c ./Middlewares/Third_Party/FreeRTOS/Source/tasks.o
                0x000000000800a490                xTaskResumeAll
 .text.xTaskGetTickCount
                0x000000000800a5cc       0x20 ./Middlewares/Third_Party/FreeRTOS/Source/tasks.o
                0x000000000800a5cc                xTaskGetTickCount
 .text.xTaskIncrementTick
                0x000000000800a5ec      0x174 ./Middlewares/Third_Party/FreeRTOS/Source/tasks.o
                0x000000000800a5ec                xTaskIncrementTick
 .text.vTaskSwitchContext
                0x000000000800a760       0xc8 ./Middlewares/Third_Party/FreeRTOS/Source/tasks.o
                0x000000000800a760                vTaskSwitchContext
 .text.vTaskPlaceOnEventList
                0x000000000800a828       0x48 ./Middlewares/Third_Party/FreeRTOS/Source/tasks.o
                0x000000000800a828                vTaskPlaceOnEventList
 .text.vTaskPlaceOnEventListRestricted
                0x000000000800a870       0x58 ./Middlewares/Third_Party/FreeRTOS/Source/tasks.o
                0x000000000800a870                vTaskPlaceOnEventListRestricted
 .text.xTaskRemoveFromEventList
                0x000000000800a8c8       0xc8 ./Middlewares/Third_Party/FreeRTOS/Source/tasks.o
                0x000000000800a8c8                xTaskRemoveFromEventList
 .text.vTaskInternalSetTimeOutState
                0x000000000800a990       0x2c ./Middlewares/Third_Party/FreeRTOS/Source/tasks.o
                0x000000000800a990                vTaskInternalSetTimeOutState
 .text.xTaskCheckForTimeOut
                0x000000000800a9bc       0xc4 ./Middlewares/Third_Party/FreeRTOS/Source/tasks.o
                0x000000000800a9bc                xTaskCheckForTimeOut
 .text.vTaskMissedYield
                0x000000000800aa80       0x18 ./Middlewares/Third_Party/FreeRTOS/Source/tasks.o
                0x000000000800aa80                vTaskMissedYield
 .text.prvIdleTask
                0x000000000800aa98       0x30 ./Middlewares/Third_Party/FreeRTOS/Source/tasks.o
 .text.prvInitialiseTaskLists
                0x000000000800aac8       0x80 ./Middlewares/Third_Party/FreeRTOS/Source/tasks.o
 .text.prvCheckTasksWaitingTermination
                0x000000000800ab48       0x5c ./Middlewares/Third_Party/FreeRTOS/Source/tasks.o
 .text.prvDeleteTCB
                0x000000000800aba4       0x68 ./Middlewares/Third_Party/FreeRTOS/Source/tasks.o
 .text.prvResetNextTaskUnblockTime
                0x000000000800ac0c       0x40 ./Middlewares/Third_Party/FreeRTOS/Source/tasks.o
 .text.xTaskGetSchedulerState
                0x000000000800ac4c       0x3c ./Middlewares/Third_Party/FreeRTOS/Source/tasks.o
                0x000000000800ac4c                xTaskGetSchedulerState
 .text.xTaskPriorityDisinherit
                0x000000000800ac88       0xdc ./Middlewares/Third_Party/FreeRTOS/Source/tasks.o
                0x000000000800ac88                xTaskPriorityDisinherit
 .text.prvAddCurrentTaskToDelayedList
                0x000000000800ad64       0xa8 ./Middlewares/Third_Party/FreeRTOS/Source/tasks.o
 .text.xTimerCreateTimerTask
                0x000000000800ae0c       0x90 ./Middlewares/Third_Party/FreeRTOS/Source/timers.o
                0x000000000800ae0c                xTimerCreateTimerTask
 .text.xTimerGenericCommand
                0x000000000800ae9c       0x9c ./Middlewares/Third_Party/FreeRTOS/Source/timers.o
                0x000000000800ae9c                xTimerGenericCommand
 .text.prvProcessExpiredTimer
                0x000000000800af38       0x98 ./Middlewares/Third_Party/FreeRTOS/Source/timers.o
 .text.prvTimerTask
                0x000000000800afd0       0x24 ./Middlewares/Third_Party/FreeRTOS/Source/timers.o
 .text.prvProcessTimerOrBlockTask
                0x000000000800aff4       0x9c ./Middlewares/Third_Party/FreeRTOS/Source/timers.o
 .text.prvGetNextExpireTime
                0x000000000800b090       0x48 ./Middlewares/Third_Party/FreeRTOS/Source/timers.o
 .text.prvSampleTimeNow
                0x000000000800b0d8       0x40 ./Middlewares/Third_Party/FreeRTOS/Source/timers.o
 .text.prvInsertTimerInActiveList
                0x000000000800b118       0x84 ./Middlewares/Third_Party/FreeRTOS/Source/timers.o
 .text.prvProcessReceivedCommands
                0x000000000800b19c      0x1c4 ./Middlewares/Third_Party/FreeRTOS/Source/timers.o
 .text.prvSwitchTimerLists
                0x000000000800b360       0xc8 ./Middlewares/Third_Party/FreeRTOS/Source/timers.o
 .text.prvCheckForValidListAndQueue
                0x000000000800b428       0x80 ./Middlewares/Third_Party/FreeRTOS/Source/timers.o
 .text.pxPortInitialiseStack
                0x000000000800b4a8       0x68 ./Middlewares/Third_Party/FreeRTOS/Source/portable/GCC/ARM_CM4F/port.o
                0x000000000800b4a8                pxPortInitialiseStack
 .text.prvTaskExitError
                0x000000000800b510       0x58 ./Middlewares/Third_Party/FreeRTOS/Source/portable/GCC/ARM_CM4F/port.o
 *fill*         0x000000000800b568        0x8 
 .text.SVC_Handler
                0x000000000800b570       0x28 ./Middlewares/Third_Party/FreeRTOS/Source/portable/GCC/ARM_CM4F/port.o
                0x000000000800b570                SVC_Handler
 .text.prvPortStartFirstTask
                0x000000000800b598       0x28 ./Middlewares/Third_Party/FreeRTOS/Source/portable/GCC/ARM_CM4F/port.o
 .text.xPortStartScheduler
                0x000000000800b5c0      0x144 ./Middlewares/Third_Party/FreeRTOS/Source/portable/GCC/ARM_CM4F/port.o
                0x000000000800b5c0                xPortStartScheduler
 .text.vPortEnterCritical
                0x000000000800b704       0x60 ./Middlewares/Third_Party/FreeRTOS/Source/portable/GCC/ARM_CM4F/port.o
                0x000000000800b704                vPortEnterCritical
 .text.vPortExitCritical
                0x000000000800b764       0x54 ./Middlewares/Third_Party/FreeRTOS/Source/portable/GCC/ARM_CM4F/port.o
                0x000000000800b764                vPortExitCritical
 *fill*         0x000000000800b7b8        0x8 
 .text.PendSV_Handler
                0x000000000800b7c0       0x68 ./Middlewares/Third_Party/FreeRTOS/Source/portable/GCC/ARM_CM4F/port.o
                0x000000000800b7c0                PendSV_Handler
 .text.xPortSysTickHandler
                0x000000000800b828       0x44 ./Middlewares/Third_Party/FreeRTOS/Source/portable/GCC/ARM_CM4F/port.o
                0x000000000800b828                xPortSysTickHandler
 .text.vPortSetupTimerInterrupt
                0x000000000800b86c       0x48 ./Middlewares/Third_Party/FreeRTOS/Source/portable/GCC/ARM_CM4F/port.o
                0x000000000800b86c                vPortSetupTimerInterrupt
 .text.vPortEnableVFP
                0x000000000800b8b4       0x14 ./Middlewares/Third_Party/FreeRTOS/Source/portable/GCC/ARM_CM4F/port.o
 .text.vPortValidateInterruptPriority
                0x000000000800b8c8       0x80 ./Middlewares/Third_Party/FreeRTOS/Source/portable/GCC/ARM_CM4F/port.o
                0x000000000800b8c8                vPortValidateInterruptPriority
 .text.pvPortMalloc
                0x000000000800b948      0x198 ./Middlewares/Third_Party/FreeRTOS/Source/portable/MemMang/heap_4.o
                0x000000000800b948                pvPortMalloc
 .text.vPortFree
                0x000000000800bae0       0xc4 ./Middlewares/Third_Party/FreeRTOS/Source/portable/MemMang/heap_4.o
                0x000000000800bae0                vPortFree
 .text.prvHeapInit
                0x000000000800bba4       0xc4 ./Middlewares/Third_Party/FreeRTOS/Source/portable/MemMang/heap_4.o
 .text.prvInsertBlockIntoFreeList
                0x000000000800bc68       0xb4 ./Middlewares/Third_Party/FreeRTOS/Source/portable/MemMang/heap_4.o
 .text.__errno  0x000000000800bd1c        0xc c:/st/stm32cubeide_1.10.1/stm32cubeide/plugins/com.st.stm32cube.ide.mcu.externaltools.gnu-tools-for-stm32.10.3-2021.10.win32_1.0.0.202111181127/tools/bin/../lib/gcc/arm-none-eabi/10.3.1/../../../../arm-none-eabi/lib/thumb/v7e-m+fp/hard\libc_nano.a(lib_a-errno.o)
                0x000000000800bd1c                __errno
 .text.__libc_init_array
                0x000000000800bd28       0x48 c:/st/stm32cubeide_1.10.1/stm32cubeide/plugins/com.st.stm32cube.ide.mcu.externaltools.gnu-tools-for-stm32.10.3-2021.10.win32_1.0.0.202111181127/tools/bin/../lib/gcc/arm-none-eabi/10.3.1/../../../../arm-none-eabi/lib/thumb/v7e-m+fp/hard\libc_nano.a(lib_a-init.o)
                0x000000000800bd28                __libc_init_array
 .text.__retarget_lock_acquire_recursive
                0x000000000800bd70        0x2 c:/st/stm32cubeide_1.10.1/stm32cubeide/plugins/com.st.stm32cube.ide.mcu.externaltools.gnu-tools-for-stm32.10.3-2021.10.win32_1.0.0.202111181127/tools/bin/../lib/gcc/arm-none-eabi/10.3.1/../../../../arm-none-eabi/lib/thumb/v7e-m+fp/hard\libc_nano.a(lib_a-lock.o)
                0x000000000800bd70                __retarget_lock_acquire_recursive
 .text.__retarget_lock_release_recursive
                0x000000000800bd72        0x2 c:/st/stm32cubeide_1.10.1/stm32cubeide/plugins/com.st.stm32cube.ide.mcu.externaltools.gnu-tools-for-stm32.10.3-2021.10.win32_1.0.0.202111181127/tools/bin/../lib/gcc/arm-none-eabi/10.3.1/../../../../arm-none-eabi/lib/thumb/v7e-m+fp/hard\libc_nano.a(lib_a-lock.o)
                0x000000000800bd72                __retarget_lock_release_recursive
 .text.memcpy   0x000000000800bd74       0x1c c:/st/stm32cubeide_1.10.1/stm32cubeide/plugins/com.st.stm32cube.ide.mcu.externaltools.gnu-tools-for-stm32.10.3-2021.10.win32_1.0.0.202111181127/tools/bin/../lib/gcc/arm-none-eabi/10.3.1/../../../../arm-none-eabi/lib/thumb/v7e-m+fp/hard\libc_nano.a(lib_a-memcpy-stub.o)
                0x000000000800bd74                memcpy
 .text.memset   0x000000000800bd90       0x10 c:/st/stm32cubeide_1.10.1/stm32cubeide/plugins/com.st.stm32cube.ide.mcu.externaltools.gnu-tools-for-stm32.10.3-2021.10.win32_1.0.0.202111181127/tools/bin/../lib/gcc/arm-none-eabi/10.3.1/../../../../arm-none-eabi/lib/thumb/v7e-m+fp/hard\libc_nano.a(lib_a-memset.o)
                0x000000000800bd90                memset
 .text.cleanup_glue
                0x000000000800bda0       0x1a c:/st/stm32cubeide_1.10.1/stm32cubeide/plugins/com.st.stm32cube.ide.mcu.externaltools.gnu-tools-for-stm32.10.3-2021.10.win32_1.0.0.202111181127/tools/bin/../lib/gcc/arm-none-eabi/10.3.1/../../../../arm-none-eabi/lib/thumb/v7e-m+fp/hard\libc_nano.a(lib_a-reent.o)
                0x000000000800bda0                cleanup_glue
 *fill*         0x000000000800bdba        0x2 
 .text._reclaim_reent
                0x000000000800bdbc       0xb8 c:/st/stm32cubeide_1.10.1/stm32cubeide/plugins/com.st.stm32cube.ide.mcu.externaltools.gnu-tools-for-stm32.10.3-2021.10.win32_1.0.0.202111181127/tools/bin/../lib/gcc/arm-none-eabi/10.3.1/../../../../arm-none-eabi/lib/thumb/v7e-m+fp/hard\libc_nano.a(lib_a-reent.o)
                0x000000000800bdbc                _reclaim_reent
 .text.__malloc_lock
                0x000000000800be74        0xc c:/st/stm32cubeide_1.10.1/stm32cubeide/plugins/com.st.stm32cube.ide.mcu.externaltools.gnu-tools-for-stm32.10.3-2021.10.win32_1.0.0.202111181127/tools/bin/../lib/gcc/arm-none-eabi/10.3.1/../../../../arm-none-eabi/lib/thumb/v7e-m+fp/hard\libc_nano.a(lib_a-mlock.o)
                0x000000000800be74                __malloc_lock
 .text.__malloc_unlock
                0x000000000800be80        0xc c:/st/stm32cubeide_1.10.1/stm32cubeide/plugins/com.st.stm32cube.ide.mcu.externaltools.gnu-tools-for-stm32.10.3-2021.10.win32_1.0.0.202111181127/tools/bin/../lib/gcc/arm-none-eabi/10.3.1/../../../../arm-none-eabi/lib/thumb/v7e-m+fp/hard\libc_nano.a(lib_a-mlock.o)
                0x000000000800be80                __malloc_unlock
 .text._free_r  0x000000000800be8c       0x98 c:/st/stm32cubeide_1.10.1/stm32cubeide/plugins/com.st.stm32cube.ide.mcu.externaltools.gnu-tools-for-stm32.10.3-2021.10.win32_1.0.0.202111181127/tools/bin/../lib/gcc/arm-none-eabi/10.3.1/../../../../arm-none-eabi/lib/thumb/v7e-m+fp/hard\libc_nano.a(lib_a-nano-freer.o)
                0x000000000800be8c                _free_r
 .text.cosf     0x000000000800bf24       0x88 c:/st/stm32cubeide_1.10.1/stm32cubeide/plugins/com.st.stm32cube.ide.mcu.externaltools.gnu-tools-for-stm32.10.3-2021.10.win32_1.0.0.202111181127/tools/bin/../lib/gcc/arm-none-eabi/10.3.1/../../../../arm-none-eabi/lib/thumb/v7e-m+fp/hard\libm.a(lib_a-sf_cos.o)
                0x000000000800bf24                cosf
 .text.sinf     0x000000000800bfac       0x8c c:/st/stm32cubeide_1.10.1/stm32cubeide/plugins/com.st.stm32cube.ide.mcu.externaltools.gnu-tools-for-stm32.10.3-2021.10.win32_1.0.0.202111181127/tools/bin/../lib/gcc/arm-none-eabi/10.3.1/../../../../arm-none-eabi/lib/thumb/v7e-m+fp/hard\libm.a(lib_a-sf_sin.o)
                0x000000000800bfac                sinf
 .text.sqrt     0x000000000800c038       0x58 c:/st/stm32cubeide_1.10.1/stm32cubeide/plugins/com.st.stm32cube.ide.mcu.externaltools.gnu-tools-for-stm32.10.3-2021.10.win32_1.0.0.202111181127/tools/bin/../lib/gcc/arm-none-eabi/10.3.1/../../../../arm-none-eabi/lib/thumb/v7e-m+fp/hard\libm.a(lib_a-w_sqrt.o)
                0x000000000800c038                sqrt
 .text.atan2f   0x000000000800c090        0x4 c:/st/stm32cubeide_1.10.1/stm32cubeide/plugins/com.st.stm32cube.ide.mcu.externaltools.gnu-tools-for-stm32.10.3-2021.10.win32_1.0.0.202111181127/tools/bin/../lib/gcc/arm-none-eabi/10.3.1/../../../../arm-none-eabi/lib/thumb/v7e-m+fp/hard\libm.a(lib_a-wf_atan2.o)
                0x000000000800c090                atan2f
 .text.fmodf    0x000000000800c094       0x40 c:/st/stm32cubeide_1.10.1/stm32cubeide/plugins/com.st.stm32cube.ide.mcu.externaltools.gnu-tools-for-stm32.10.3-2021.10.win32_1.0.0.202111181127/tools/bin/../lib/gcc/arm-none-eabi/10.3.1/../../../../arm-none-eabi/lib/thumb/v7e-m+fp/hard\libm.a(lib_a-wf_fmod.o)
                0x000000000800c094                fmodf
 .text.sqrtf    0x000000000800c0d4       0x3c c:/st/stm32cubeide_1.10.1/stm32cubeide/plugins/com.st.stm32cube.ide.mcu.externaltools.gnu-tools-for-stm32.10.3-2021.10.win32_1.0.0.202111181127/tools/bin/../lib/gcc/arm-none-eabi/10.3.1/../../../../arm-none-eabi/lib/thumb/v7e-m+fp/hard\libm.a(lib_a-wf_sqrt.o)
                0x000000000800c0d4                sqrtf
 .text.__ieee754_sqrt
                0x000000000800c110      0x164 c:/st/stm32cubeide_1.10.1/stm32cubeide/plugins/com.st.stm32cube.ide.mcu.externaltools.gnu-tools-for-stm32.10.3-2021.10.win32_1.0.0.202111181127/tools/bin/../lib/gcc/arm-none-eabi/10.3.1/../../../../arm-none-eabi/lib/thumb/v7e-m+fp/hard\libm.a(lib_a-e_sqrt.o)
                0x000000000800c110                __ieee754_sqrt
 .text.__ieee754_atan2f
                0x000000000800c274      0x140 c:/st/stm32cubeide_1.10.1/stm32cubeide/plugins/com.st.stm32cube.ide.mcu.externaltools.gnu-tools-for-stm32.10.3-2021.10.win32_1.0.0.202111181127/tools/bin/../lib/gcc/arm-none-eabi/10.3.1/../../../../arm-none-eabi/lib/thumb/v7e-m+fp/hard\libm.a(lib_a-ef_atan2.o)
                0x000000000800c274                __ieee754_atan2f
 .text.__ieee754_fmodf
                0x000000000800c3b4      0x104 c:/st/stm32cubeide_1.10.1/stm32cubeide/plugins/com.st.stm32cube.ide.mcu.externaltools.gnu-tools-for-stm32.10.3-2021.10.win32_1.0.0.202111181127/tools/bin/../lib/gcc/arm-none-eabi/10.3.1/../../../../arm-none-eabi/lib/thumb/v7e-m+fp/hard\libm.a(lib_a-ef_fmod.o)
                0x000000000800c3b4                __ieee754_fmodf
 .text.__ieee754_rem_pio2f
                0x000000000800c4b8      0x278 c:/st/stm32cubeide_1.10.1/stm32cubeide/plugins/com.st.stm32cube.ide.mcu.externaltools.gnu-tools-for-stm32.10.3-2021.10.win32_1.0.0.202111181127/tools/bin/../lib/gcc/arm-none-eabi/10.3.1/../../../../arm-none-eabi/lib/thumb/v7e-m+fp/hard\libm.a(lib_a-ef_rem_pio2.o)
                0x000000000800c4b8                __ieee754_rem_pio2f
 .text.__ieee754_sqrtf
                0x000000000800c730        0x6 c:/st/stm32cubeide_1.10.1/stm32cubeide/plugins/com.st.stm32cube.ide.mcu.externaltools.gnu-tools-for-stm32.10.3-2021.10.win32_1.0.0.202111181127/tools/bin/../lib/gcc/arm-none-eabi/10.3.1/../../../../arm-none-eabi/lib/thumb/v7e-m+fp/hard\libm.a(lib_a-ef_sqrt.o)
                0x000000000800c730                __ieee754_sqrtf
 *fill*         0x000000000800c736        0x2 
 .text.__kernel_cosf
                0x000000000800c738       0xc0 c:/st/stm32cubeide_1.10.1/stm32cubeide/plugins/com.st.stm32cube.ide.mcu.externaltools.gnu-tools-for-stm32.10.3-2021.10.win32_1.0.0.202111181127/tools/bin/../lib/gcc/arm-none-eabi/10.3.1/../../../../arm-none-eabi/lib/thumb/v7e-m+fp/hard\libm.a(lib_a-kf_cos.o)
                0x000000000800c738                __kernel_cosf
 .text.__kernel_rem_pio2f
                0x000000000800c7f8      0x4ec c:/st/stm32cubeide_1.10.1/stm32cubeide/plugins/com.st.stm32cube.ide.mcu.externaltools.gnu-tools-for-stm32.10.3-2021.10.win32_1.0.0.202111181127/tools/bin/../lib/gcc/arm-none-eabi/10.3.1/../../../../arm-none-eabi/lib/thumb/v7e-m+fp/hard\libm.a(lib_a-kf_rem_pio2.o)
                0x000000000800c7f8                __kernel_rem_pio2f
 .text.__kernel_sinf
                0x000000000800cce4       0x90 c:/st/stm32cubeide_1.10.1/stm32cubeide/plugins/com.st.stm32cube.ide.mcu.externaltools.gnu-tools-for-stm32.10.3-2021.10.win32_1.0.0.202111181127/tools/bin/../lib/gcc/arm-none-eabi/10.3.1/../../../../arm-none-eabi/lib/thumb/v7e-m+fp/hard\libm.a(lib_a-kf_sin.o)
                0x000000000800cce4                __kernel_sinf
 .text.atanf    0x000000000800cd74      0x1a8 c:/st/stm32cubeide_1.10.1/stm32cubeide/plugins/com.st.stm32cube.ide.mcu.externaltools.gnu-tools-for-stm32.10.3-2021.10.win32_1.0.0.202111181127/tools/bin/../lib/gcc/arm-none-eabi/10.3.1/../../../../arm-none-eabi/lib/thumb/v7e-m+fp/hard\libm.a(lib_a-sf_atan.o)
                0x000000000800cd74                atanf
 .text.fabsf    0x000000000800cf1c        0xe c:/st/stm32cubeide_1.10.1/stm32cubeide/plugins/com.st.stm32cube.ide.mcu.externaltools.gnu-tools-for-stm32.10.3-2021.10.win32_1.0.0.202111181127/tools/bin/../lib/gcc/arm-none-eabi/10.3.1/../../../../arm-none-eabi/lib/thumb/v7e-m+fp/hard\libm.a(lib_a-sf_fabs.o)
                0x000000000800cf1c                fabsf
 *fill*         0x000000000800cf2a        0x2 
 .text.floorf   0x000000000800cf2c       0x84 c:/st/stm32cubeide_1.10.1/stm32cubeide/plugins/com.st.stm32cube.ide.mcu.externaltools.gnu-tools-for-stm32.10.3-2021.10.win32_1.0.0.202111181127/tools/bin/../lib/gcc/arm-none-eabi/10.3.1/../../../../arm-none-eabi/lib/thumb/v7e-m+fp/hard\libm.a(lib_a-sf_floor.o)
                0x000000000800cf2c                floorf
 .text.scalbnf  0x000000000800cfb0       0xe4 c:/st/stm32cubeide_1.10.1/stm32cubeide/plugins/com.st.stm32cube.ide.mcu.externaltools.gnu-tools-for-stm32.10.3-2021.10.win32_1.0.0.202111181127/tools/bin/../lib/gcc/arm-none-eabi/10.3.1/../../../../arm-none-eabi/lib/thumb/v7e-m+fp/hard\libm.a(lib_a-sf_scalbn.o)
                0x000000000800cfb0                scalbnf
 *(.glue_7)
 .glue_7        0x000000000800d094        0x0 linker stubs
 *(.glue_7t)
 .glue_7t       0x000000000800d094        0x0 linker stubs
 *(.eh_frame)
 .eh_frame      0x000000000800d094        0x0 c:/st/stm32cubeide_1.10.1/stm32cubeide/plugins/com.st.stm32cube.ide.mcu.externaltools.gnu-tools-for-stm32.10.3-2021.10.win32_1.0.0.202111181127/tools/bin/../lib/gcc/arm-none-eabi/10.3.1/thumb/v7e-m+fp/hard/crtbegin.o
 *(.init)
 .init          0x000000000800d094        0x4 c:/st/stm32cubeide_1.10.1/stm32cubeide/plugins/com.st.stm32cube.ide.mcu.externaltools.gnu-tools-for-stm32.10.3-2021.10.win32_1.0.0.202111181127/tools/bin/../lib/gcc/arm-none-eabi/10.3.1/thumb/v7e-m+fp/hard/crti.o
                0x000000000800d094                _init
 .init          0x000000000800d098        0x8 c:/st/stm32cubeide_1.10.1/stm32cubeide/plugins/com.st.stm32cube.ide.mcu.externaltools.gnu-tools-for-stm32.10.3-2021.10.win32_1.0.0.202111181127/tools/bin/../lib/gcc/arm-none-eabi/10.3.1/thumb/v7e-m+fp/hard/crtn.o
 *(.fini)
 .fini          0x000000000800d0a0        0x4 c:/st/stm32cubeide_1.10.1/stm32cubeide/plugins/com.st.stm32cube.ide.mcu.externaltools.gnu-tools-for-stm32.10.3-2021.10.win32_1.0.0.202111181127/tools/bin/../lib/gcc/arm-none-eabi/10.3.1/thumb/v7e-m+fp/hard/crti.o
                0x000000000800d0a0                _fini
 .fini          0x000000000800d0a4        0x8 c:/st/stm32cubeide_1.10.1/stm32cubeide/plugins/com.st.stm32cube.ide.mcu.externaltools.gnu-tools-for-stm32.10.3-2021.10.win32_1.0.0.202111181127/tools/bin/../lib/gcc/arm-none-eabi/10.3.1/thumb/v7e-m+fp/hard/crtn.o
                0x000000000800d0ac                . = ALIGN (0x4)
                0x000000000800d0ac                _etext = .

.vfp11_veneer   0x000000000800d0ac        0x0
 .vfp11_veneer  0x000000000800d0ac        0x0 linker stubs

.v4_bx          0x000000000800d0ac        0x0
 .v4_bx         0x000000000800d0ac        0x0 linker stubs

.iplt           0x000000000800d0ac        0x0
 .iplt          0x000000000800d0ac        0x0 c:/st/stm32cubeide_1.10.1/stm32cubeide/plugins/com.st.stm32cube.ide.mcu.externaltools.gnu-tools-for-stm32.10.3-2021.10.win32_1.0.0.202111181127/tools/bin/../lib/gcc/arm-none-eabi/10.3.1/thumb/v7e-m+fp/hard/crtbegin.o

.rodata         0x000000000800d0ac      0x848
                0x000000000800d0ac                . = ALIGN (0x4)
 *(.rodata)
 .rodata        0x000000000800d0ac        0xc ./Core/Src/main.o
 .rodata        0x000000000800d0b8        0x5 ./Middlewares/Third_Party/FreeRTOS/Source/tasks.o
 *fill*         0x000000000800d0bd        0x3 
 .rodata        0x000000000800d0c0        0xd ./Middlewares/Third_Party/FreeRTOS/Source/timers.o
 *(.rodata*)
 *fill*         0x000000000800d0cd        0x3 
 .rodata.sine_table
                0x000000000800d0d0      0x16c ./Core/Src/inverter.o
 .rodata.defaultTask_attributes
                0x000000000800d23c       0x24 ./Core/Src/main.o
                0x000000000800d23c                defaultTask_attributes
 .rodata.duty_cycle_limit
                0x000000000800d260        0x2 ./Core/Src/stm32f4xx_it.o
                0x000000000800d260                duty_cycle_limit
 *fill*         0x000000000800d262        0x2 
 .rodata.AHBPrescTable
                0x000000000800d264       0x10 ./Core/Src/system_stm32f4xx.o
                0x000000000800d264                AHBPrescTable
 .rodata.APBPrescTable
                0x000000000800d274        0x8 ./Core/Src/system_stm32f4xx.o
                0x000000000800d274                APBPrescTable
 .rodata.aucCRCHi
                0x000000000800d27c      0x100 ./Core/stModbus/src/rtu/mbutils.o
 .rodata.aucCRCLo
                0x000000000800d37c      0x100 ./Core/stModbus/src/rtu/mbutils.o
 .rodata.flagBitshiftOffset.0
                0x000000000800d47c        0x8 ./Drivers/STM32F4xx_HAL_Driver/Src/stm32f4xx_hal_dma.o
 .rodata.__sf_fake_stderr
                0x000000000800d484       0x20 c:/st/stm32cubeide_1.10.1/stm32cubeide/plugins/com.st.stm32cube.ide.mcu.externaltools.gnu-tools-for-stm32.10.3-2021.10.win32_1.0.0.202111181127/tools/bin/../lib/gcc/arm-none-eabi/10.3.1/../../../../arm-none-eabi/lib/thumb/v7e-m+fp/hard\libc_nano.a(lib_a-findfp.o)
                0x000000000800d484                __sf_fake_stderr
 .rodata.__sf_fake_stdin
                0x000000000800d4a4       0x20 c:/st/stm32cubeide_1.10.1/stm32cubeide/plugins/com.st.stm32cube.ide.mcu.externaltools.gnu-tools-for-stm32.10.3-2021.10.win32_1.0.0.202111181127/tools/bin/../lib/gcc/arm-none-eabi/10.3.1/../../../../arm-none-eabi/lib/thumb/v7e-m+fp/hard\libc_nano.a(lib_a-findfp.o)
                0x000000000800d4a4                __sf_fake_stdin
 .rodata.__sf_fake_stdout
                0x000000000800d4c4       0x20 c:/st/stm32cubeide_1.10.1/stm32cubeide/plugins/com.st.stm32cube.ide.mcu.externaltools.gnu-tools-for-stm32.10.3-2021.10.win32_1.0.0.202111181127/tools/bin/../lib/gcc/arm-none-eabi/10.3.1/../../../../arm-none-eabi/lib/thumb/v7e-m+fp/hard\libc_nano.a(lib_a-findfp.o)
                0x000000000800d4c4                __sf_fake_stdout
 .rodata.CSWTCH.8
                0x000000000800d4e4        0xc c:/st/stm32cubeide_1.10.1/stm32cubeide/plugins/com.st.stm32cube.ide.mcu.externaltools.gnu-tools-for-stm32.10.3-2021.10.win32_1.0.0.202111181127/tools/bin/../lib/gcc/arm-none-eabi/10.3.1/../../../../arm-none-eabi/lib/thumb/v7e-m+fp/hard\libm.a(lib_a-ef_atan2.o)
 .rodata.CSWTCH.9
                0x000000000800d4f0        0xc c:/st/stm32cubeide_1.10.1/stm32cubeide/plugins/com.st.stm32cube.ide.mcu.externaltools.gnu-tools-for-stm32.10.3-2021.10.win32_1.0.0.202111181127/tools/bin/../lib/gcc/arm-none-eabi/10.3.1/../../../../arm-none-eabi/lib/thumb/v7e-m+fp/hard\libm.a(lib_a-ef_atan2.o)
 .rodata.Zero   0x000000000800d4fc        0x8 c:/st/stm32cubeide_1.10.1/stm32cubeide/plugins/com.st.stm32cube.ide.mcu.externaltools.gnu-tools-for-stm32.10.3-2021.10.win32_1.0.0.202111181127/tools/bin/../lib/gcc/arm-none-eabi/10.3.1/../../../../arm-none-eabi/lib/thumb/v7e-m+fp/hard\libm.a(lib_a-ef_fmod.o)
 .rodata.npio2_hw
                0x000000000800d504       0x80 c:/st/stm32cubeide_1.10.1/stm32cubeide/plugins/com.st.stm32cube.ide.mcu.externaltools.gnu-tools-for-stm32.10.3-2021.10.win32_1.0.0.202111181127/tools/bin/../lib/gcc/arm-none-eabi/10.3.1/../../../../arm-none-eabi/lib/thumb/v7e-m+fp/hard\libm.a(lib_a-ef_rem_pio2.o)
 .rodata.two_over_pi
                0x000000000800d584      0x318 c:/st/stm32cubeide_1.10.1/stm32cubeide/plugins/com.st.stm32cube.ide.mcu.externaltools.gnu-tools-for-stm32.10.3-2021.10.win32_1.0.0.202111181127/tools/bin/../lib/gcc/arm-none-eabi/10.3.1/../../../../arm-none-eabi/lib/thumb/v7e-m+fp/hard\libm.a(lib_a-ef_rem_pio2.o)
 .rodata.PIo2   0x000000000800d89c       0x2c c:/st/stm32cubeide_1.10.1/stm32cubeide/plugins/com.st.stm32cube.ide.mcu.externaltools.gnu-tools-for-stm32.10.3-2021.10.win32_1.0.0.202111181127/tools/bin/../lib/gcc/arm-none-eabi/10.3.1/../../../../arm-none-eabi/lib/thumb/v7e-m+fp/hard\libm.a(lib_a-kf_rem_pio2.o)
 .rodata.init_jk
                0x000000000800d8c8        0xc c:/st/stm32cubeide_1.10.1/stm32cubeide/plugins/com.st.stm32cube.ide.mcu.externaltools.gnu-tools-for-stm32.10.3-2021.10.win32_1.0.0.202111181127/tools/bin/../lib/gcc/arm-none-eabi/10.3.1/../../../../arm-none-eabi/lib/thumb/v7e-m+fp/hard\libm.a(lib_a-kf_rem_pio2.o)
 .rodata.atanhi
                0x000000000800d8d4       0x10 c:/st/stm32cubeide_1.10.1/stm32cubeide/plugins/com.st.stm32cube.ide.mcu.externaltools.gnu-tools-for-stm32.10.3-2021.10.win32_1.0.0.202111181127/tools/bin/../lib/gcc/arm-none-eabi/10.3.1/../../../../arm-none-eabi/lib/thumb/v7e-m+fp/hard\libm.a(lib_a-sf_atan.o)
 .rodata.atanlo
                0x000000000800d8e4       0x10 c:/st/stm32cubeide_1.10.1/stm32cubeide/plugins/com.st.stm32cube.ide.mcu.externaltools.gnu-tools-for-stm32.10.3-2021.10.win32_1.0.0.202111181127/tools/bin/../lib/gcc/arm-none-eabi/10.3.1/../../../../arm-none-eabi/lib/thumb/v7e-m+fp/hard\libm.a(lib_a-sf_atan.o)
                0x000000000800d8f4                . = ALIGN (0x4)

.ARM.extab      0x000000000800d8f4        0x0
                0x000000000800d8f4                . = ALIGN (0x4)
 *(.ARM.extab* .gnu.linkonce.armextab.*)
                0x000000000800d8f4                . = ALIGN (0x4)

.ARM            0x000000000800d8f4        0x8
                0x000000000800d8f4                . = ALIGN (0x4)
                0x000000000800d8f4                __exidx_start = .
 *(.ARM.exidx*)
 .ARM.exidx     0x000000000800d8f4        0x8 c:/st/stm32cubeide_1.10.1/stm32cubeide/plugins/com.st.stm32cube.ide.mcu.externaltools.gnu-tools-for-stm32.10.3-2021.10.win32_1.0.0.202111181127/tools/bin/../lib/gcc/arm-none-eabi/10.3.1/thumb/v7e-m+fp/hard\libgcc.a(_udivmoddi4.o)
                0x000000000800d8fc                __exidx_end = .
                0x000000000800d8fc                . = ALIGN (0x4)

.rel.dyn        0x000000000800d8fc        0x0
 .rel.iplt      0x000000000800d8fc        0x0 c:/st/stm32cubeide_1.10.1/stm32cubeide/plugins/com.st.stm32cube.ide.mcu.externaltools.gnu-tools-for-stm32.10.3-2021.10.win32_1.0.0.202111181127/tools/bin/../lib/gcc/arm-none-eabi/10.3.1/thumb/v7e-m+fp/hard/crtbegin.o

.preinit_array  0x000000000800d8fc        0x0
                0x000000000800d8fc                . = ALIGN (0x4)
                0x000000000800d8fc                PROVIDE (__preinit_array_start = .)
 *(.preinit_array*)
                0x000000000800d8fc                PROVIDE (__preinit_array_end = .)
                0x000000000800d8fc                . = ALIGN (0x4)

.init_array     0x000000000800d8fc        0x4
                0x000000000800d8fc                . = ALIGN (0x4)
                0x000000000800d8fc                PROVIDE (__init_array_start = .)
 *(SORT_BY_NAME(.init_array.*))
 *(.init_array*)
 .init_array    0x000000000800d8fc        0x4 c:/st/stm32cubeide_1.10.1/stm32cubeide/plugins/com.st.stm32cube.ide.mcu.externaltools.gnu-tools-for-stm32.10.3-2021.10.win32_1.0.0.202111181127/tools/bin/../lib/gcc/arm-none-eabi/10.3.1/thumb/v7e-m+fp/hard/crtbegin.o
                0x000000000800d900                PROVIDE (__init_array_end = .)
                0x000000000800d900                . = ALIGN (0x4)

.fini_array     0x000000000800d900        0x4
                0x000000000800d900                . = ALIGN (0x4)
                [!provide]                        PROVIDE (__fini_array_start = .)
 *(SORT_BY_NAME(.fini_array.*))
 *(.fini_array*)
 .fini_array    0x000000000800d900        0x4 c:/st/stm32cubeide_1.10.1/stm32cubeide/plugins/com.st.stm32cube.ide.mcu.externaltools.gnu-tools-for-stm32.10.3-2021.10.win32_1.0.0.202111181127/tools/bin/../lib/gcc/arm-none-eabi/10.3.1/thumb/v7e-m+fp/hard/crtbegin.o
                [!provide]                        PROVIDE (__fini_array_end = .)
                0x000000000800d904                . = ALIGN (0x4)
                0x000000000800d904                _sidata = LOADADDR (.data)

.data           0x0000000020000000      0x120 load address 0x000000000800d904
                0x0000000020000000                . = ALIGN (0x4)
                0x0000000020000000                _sdata = .
 *(.data)
 *(.data*)
 .data.modbus_registers_buffer
                0x0000000020000000       0x3c ./Core/Src/comm_modbus.o
                0x0000000020000000                modbus_registers_buffer
 .data.id_current_controller_data
                0x000000002000003c       0x24 ./Core/Src/stm32f4xx_it.o
                0x000000002000003c                id_current_controller_data
 .data.iq_current_controller_data
                0x0000000020000060       0x24 ./Core/Src/stm32f4xx_it.o
                0x0000000020000060                iq_current_controller_data
 .data.speed_controller_data
                0x0000000020000084       0x24 ./Core/Src/stm32f4xx_it.o
                0x0000000020000084                speed_controller_data
 .data.encoder_correction
                0x00000000200000a8        0x2 ./Core/Src/stm32f4xx_it.o
                0x00000000200000a8                encoder_correction
 .data.motor_feedback_type
                0x00000000200000aa        0x1 ./Core/Src/stm32f4xx_it.o
                0x00000000200000aa                motor_feedback_type
 *fill*         0x00000000200000ab        0x1 
 .data.SystemCoreClock
                0x00000000200000ac        0x4 ./Core/Src/system_stm32f4xx.o
                0x00000000200000ac                SystemCoreClock
 .data.uwTickPrio
                0x00000000200000b0        0x4 ./Drivers/STM32F4xx_HAL_Driver/Src/stm32f4xx_hal.o
                0x00000000200000b0                uwTickPrio
 .data.uwTickFreq
                0x00000000200000b4        0x1 ./Drivers/STM32F4xx_HAL_Driver/Src/stm32f4xx_hal.o
                0x00000000200000b4                uwTickFreq
 *fill*         0x00000000200000b5        0x3 
 .data.uxCriticalNesting
                0x00000000200000b8        0x4 ./Middlewares/Third_Party/FreeRTOS/Source/portable/GCC/ARM_CM4F/port.o
 .data._impure_ptr
                0x00000000200000bc        0x4 c:/st/stm32cubeide_1.10.1/stm32cubeide/plugins/com.st.stm32cube.ide.mcu.externaltools.gnu-tools-for-stm32.10.3-2021.10.win32_1.0.0.202111181127/tools/bin/../lib/gcc/arm-none-eabi/10.3.1/../../../../arm-none-eabi/lib/thumb/v7e-m+fp/hard\libc_nano.a(lib_a-impure.o)
                0x00000000200000bc                _impure_ptr
 .data.impure_data
                0x00000000200000c0       0x60 c:/st/stm32cubeide_1.10.1/stm32cubeide/plugins/com.st.stm32cube.ide.mcu.externaltools.gnu-tools-for-stm32.10.3-2021.10.win32_1.0.0.202111181127/tools/bin/../lib/gcc/arm-none-eabi/10.3.1/../../../../arm-none-eabi/lib/thumb/v7e-m+fp/hard\libc_nano.a(lib_a-impure.o)
 *(.RamFunc)
 *(.RamFunc*)
                0x0000000020000120                . = ALIGN (0x4)
                0x0000000020000120                _edata = .

.igot.plt       0x0000000020000120        0x0 load address 0x000000000800da24
 .igot.plt      0x0000000020000120        0x0 c:/st/stm32cubeide_1.10.1/stm32cubeide/plugins/com.st.stm32cube.ide.mcu.externaltools.gnu-tools-for-stm32.10.3-2021.10.win32_1.0.0.202111181127/tools/bin/../lib/gcc/arm-none-eabi/10.3.1/thumb/v7e-m+fp/hard/crtbegin.o
                0x0000000020000120                . = ALIGN (0x4)

.bss            0x0000000020000120     0x5340 load address 0x000000000800da24
                0x0000000020000120                _sbss = .
                0x0000000020000120                __bss_start__ = _sbss
 *(.bss)
 .bss           0x0000000020000120       0x1c c:/st/stm32cubeide_1.10.1/stm32cubeide/plugins/com.st.stm32cube.ide.mcu.externaltools.gnu-tools-for-stm32.10.3-2021.10.win32_1.0.0.202111181127/tools/bin/../lib/gcc/arm-none-eabi/10.3.1/thumb/v7e-m+fp/hard/crtbegin.o
 *(.bss*)
 .bss.modbus    0x000000002000013c        0x1 ./Core/Src/comm_modbus.o
                0x000000002000013c                modbus
 *fill*         0x000000002000013d        0x3 
 .bss.mb_config
                0x0000000020000140       0x28 ./Core/Src/comm_modbus.o
                0x0000000020000140                mb_config
 .bss.UART_RX_buf
                0x0000000020000168       0xc8 ./Core/Src/comm_modbus.o
                0x0000000020000168                UART_RX_buf
 .bss.UART_RX_FIFO
                0x0000000020000230      0x1f4 ./Core/Src/comm_modbus.o
                0x0000000020000230                UART_RX_FIFO
 .bss.fifo_oldpos
                0x0000000020000424        0x2 ./Core/Src/comm_modbus.o
                0x0000000020000424                fifo_oldpos
 .bss.fifo_newpos
                0x0000000020000426        0x2 ./Core/Src/comm_modbus.o
                0x0000000020000426                fifo_newpos
 .bss.fifo_read_pos
                0x0000000020000428        0x2 ./Core/Src/comm_modbus.o
                0x0000000020000428                fifo_read_pos
 *fill*         0x000000002000042a        0x2 
 .bss.modbusSendBufer
                0x000000002000042c       0x64 ./Core/Src/comm_modbus.o
                0x000000002000042c                modbusSendBufer
 .bss.modbusReceiveBufer
                0x0000000020000490       0x64 ./Core/Src/comm_modbus.o
                0x0000000020000490                modbusReceiveBufer
 .bss.inverter_error
                0x00000000200004f4        0x1 ./Core/Src/inverter.o
                0x00000000200004f4                inverter_error
 *fill*         0x00000000200004f5        0x3 
 .bss.hadc1     0x00000000200004f8       0x48 ./Core/Src/main.o
                0x00000000200004f8                hadc1
 .bss.hdma_adc1
                0x0000000020000540       0x60 ./Core/Src/main.o
                0x0000000020000540                hdma_adc1
 .bss.htim1     0x00000000200005a0       0x48 ./Core/Src/main.o
                0x00000000200005a0                htim1
 .bss.htim2     0x00000000200005e8       0x48 ./Core/Src/main.o
                0x00000000200005e8                htim2
 .bss.htim3     0x0000000020000630       0x48 ./Core/Src/main.o
                0x0000000020000630                htim3
 .bss.htim4     0x0000000020000678       0x48 ./Core/Src/main.o
                0x0000000020000678                htim4
 .bss.huart1    0x00000000200006c0       0x44 ./Core/Src/main.o
                0x00000000200006c0                huart1
 .bss.huart2    0x0000000020000704       0x44 ./Core/Src/main.o
                0x0000000020000704                huart2
 .bss.hdma_usart1_rx
                0x0000000020000748       0x60 ./Core/Src/main.o
                0x0000000020000748                hdma_usart1_rx
 .bss.hdma_usart1_tx
                0x00000000200007a8       0x60 ./Core/Src/main.o
                0x00000000200007a8                hdma_usart1_tx
 .bss.hdma_usart2_rx
                0x0000000020000808       0x60 ./Core/Src/main.o
                0x0000000020000808                hdma_usart2_rx
 .bss.hdma_usart2_tx
                0x0000000020000868       0x60 ./Core/Src/main.o
                0x0000000020000868                hdma_usart2_tx
 .bss.defaultTaskHandle
                0x00000000200008c8        0x4 ./Core/Src/main.o
                0x00000000200008c8                defaultTaskHandle
 .bss.UART2_RX_raw
                0x00000000200008cc        0x9 ./Core/Src/mitsubishi_encoder.o
                0x00000000200008cc                UART2_RX_raw
 *fill*         0x00000000200008d5        0x3 
 .bss.ssi_encoder_data
                0x00000000200008d8       0x24 ./Core/Src/mitsubishi_encoder.o
                0x00000000200008d8                ssi_encoder_data
 .bss.ADC_rawdata
                0x00000000200008fc        0x8 ./Core/Src/stm32f4xx_it.o
                0x00000000200008fc                ADC_rawdata
 .bss.inv_control_mode
                0x0000000020000904        0x1 ./Core/Src/stm32f4xx_it.o
                0x0000000020000904                inv_control_mode
 *fill*         0x0000000020000905        0x3 
 .bss.speed_setpoint_deg_s
                0x0000000020000908        0x4 ./Core/Src/stm32f4xx_it.o
                0x0000000020000908                speed_setpoint_deg_s
 .bss.speed_setpoint_rpm
                0x000000002000090c        0x2 ./Core/Src/stm32f4xx_it.o
                0x000000002000090c                speed_setpoint_rpm
 *fill*         0x000000002000090e        0x2 
 .bss.electric_angle
                0x0000000020000910        0x4 ./Core/Src/stm32f4xx_it.o
                0x0000000020000910                electric_angle
 .bss.duty_cycle
                0x0000000020000914        0x4 ./Core/Src/stm32f4xx_it.o
                0x0000000020000914                duty_cycle
 .bss.U_DClink  0x0000000020000918        0x4 ./Core/Src/stm32f4xx_it.o
                0x0000000020000918                U_DClink
 .bss.U_DClink_last
                0x000000002000091c        0x4 ./Core/Src/stm32f4xx_it.o
                0x000000002000091c                U_DClink_last
 .bss.U_DClink_filtered
                0x0000000020000920        0x4 ./Core/Src/stm32f4xx_it.o
                0x0000000020000920                U_DClink_filtered
 .bss.measurement_error_counter
                0x0000000020000924        0x1 ./Core/Src/stm32f4xx_it.o
                0x0000000020000924                measurement_error_counter
 .bss.OC_measurement_error_counter
                0x0000000020000925        0x1 ./Core/Src/stm32f4xx_it.o
                0x0000000020000925                OC_measurement_error_counter
 .bss.UV_measurement_error_counter
                0x0000000020000926        0x1 ./Core/Src/stm32f4xx_it.o
                0x0000000020000926                UV_measurement_error_counter
 .bss.OV_measurement_error_counter
                0x0000000020000927        0x1 ./Core/Src/stm32f4xx_it.o
                0x0000000020000927                OV_measurement_error_counter
 .bss.torque_setpoint
                0x0000000020000928        0x4 ./Core/Src/stm32f4xx_it.o
                0x0000000020000928                torque_setpoint
 .bss.zerocurrent_reading_loop_i
                0x000000002000092c        0x1 ./Core/Src/stm32f4xx_it.o
                0x000000002000092c                zerocurrent_reading_loop_i
 *fill*         0x000000002000092d        0x1 
 .bss.I_U_zerocurrentreading
                0x000000002000092e        0x2 ./Core/Src/stm32f4xx_it.o
                0x000000002000092e                I_U_zerocurrentreading
 .bss.I_V_zerocurrentreading
                0x0000000020000930        0x2 ./Core/Src/stm32f4xx_it.o
                0x0000000020000930                I_V_zerocurrentreading
 .bss.I_U_raw   0x0000000020000932        0x2 ./Core/Src/stm32f4xx_it.o
                0x0000000020000932                I_U_raw
 .bss.I_V_raw   0x0000000020000934        0x2 ./Core/Src/stm32f4xx_it.o
                0x0000000020000934                I_V_raw
 *fill*         0x0000000020000936        0x2 
 .bss.I_U       0x0000000020000938        0x4 ./Core/Src/stm32f4xx_it.o
                0x0000000020000938                I_U
 .bss.I_V       0x000000002000093c        0x4 ./Core/Src/stm32f4xx_it.o
                0x000000002000093c                I_V
 .bss.I_W       0x0000000020000940        0x4 ./Core/Src/stm32f4xx_it.o
                0x0000000020000940                I_W
 .bss.rms_count
                0x0000000020000944        0x2 ./Core/Src/stm32f4xx_it.o
                0x0000000020000944                rms_count
 *fill*         0x0000000020000946        0x2 
 .bss.I_U_square_sum
                0x0000000020000948        0x4 ./Core/Src/stm32f4xx_it.o
                0x0000000020000948                I_U_square_sum
 .bss.I_V_square_sum
                0x000000002000094c        0x4 ./Core/Src/stm32f4xx_it.o
                0x000000002000094c                I_V_square_sum
 .bss.I_W_square_sum
                0x0000000020000950        0x4 ./Core/Src/stm32f4xx_it.o
                0x0000000020000950                I_W_square_sum
 .bss.I_U_RMS   0x0000000020000954        0x4 ./Core/Src/stm32f4xx_it.o
                0x0000000020000954                I_U_RMS
 .bss.I_V_RMS   0x0000000020000958        0x4 ./Core/Src/stm32f4xx_it.o
                0x0000000020000958                I_V_RMS
 .bss.I_W_RMS   0x000000002000095c        0x4 ./Core/Src/stm32f4xx_it.o
                0x000000002000095c                I_W_RMS
 .bss.I_out     0x0000000020000960        0x4 ./Core/Src/stm32f4xx_it.o
                0x0000000020000960                I_out
 .bss.I_d       0x0000000020000964        0x4 ./Core/Src/stm32f4xx_it.o
                0x0000000020000964                I_d
 .bss.I_d_last  0x0000000020000968        0x4 ./Core/Src/stm32f4xx_it.o
                0x0000000020000968                I_d_last
 .bss.I_d_filtered
                0x000000002000096c        0x4 ./Core/Src/stm32f4xx_it.o
                0x000000002000096c                I_d_filtered
 .bss.I_q       0x0000000020000970        0x4 ./Core/Src/stm32f4xx_it.o
                0x0000000020000970                I_q
 .bss.I_q_last  0x0000000020000974        0x4 ./Core/Src/stm32f4xx_it.o
                0x0000000020000974                I_q_last
 .bss.I_q_filtered
                0x0000000020000978        0x4 ./Core/Src/stm32f4xx_it.o
                0x0000000020000978                I_q_filtered
 .bss.U_d       0x000000002000097c        0x4 ./Core/Src/stm32f4xx_it.o
                0x000000002000097c                U_d
 .bss.U_q       0x0000000020000980        0x4 ./Core/Src/stm32f4xx_it.o
                0x0000000020000980                U_q
 .bss.U_alpha   0x0000000020000984        0x4 ./Core/Src/stm32f4xx_it.o
                0x0000000020000984                U_alpha
 .bss.U_beta    0x0000000020000988        0x4 ./Core/Src/stm32f4xx_it.o
                0x0000000020000988                U_beta
 .bss.encoder_positioned
                0x000000002000098c        0x1 ./Core/Src/stm32f4xx_it.o
                0x000000002000098c                encoder_positioned
 *fill*         0x000000002000098d        0x1 
 .bss.encoder_actual_position
                0x000000002000098e        0x2 ./Core/Src/stm32f4xx_it.o
                0x000000002000098e                encoder_actual_position
 .bss.actual_electric_angle
                0x0000000020000990        0x4 ./Core/Src/stm32f4xx_it.o
                0x0000000020000990                actual_electric_angle
 .bss.last_actual_electric_angle
                0x0000000020000994        0x4 ./Core/Src/stm32f4xx_it.o
                0x0000000020000994                last_actual_electric_angle
 .bss.actual_torque_angle
                0x0000000020000998        0x4 ./Core/Src/stm32f4xx_it.o
                0x0000000020000998                actual_torque_angle
 .bss.speed_measurement_loop_i
                0x000000002000099c        0x4 ./Core/Src/stm32f4xx_it.o
                0x000000002000099c                speed_measurement_loop_i
 .bss.speed     0x00000000200009a0        0x4 ./Core/Src/stm32f4xx_it.o
                0x00000000200009a0                speed
 .bss.filtered_speed
                0x00000000200009a4        0x4 ./Core/Src/stm32f4xx_it.o
                0x00000000200009a4                filtered_speed