Archive member included to satisfy reference by file (symbol)

c:/st/stm32cubeide_1.9.0/stm32cubeide/plugins/com.st.stm32cube.ide.mcu.externaltools.gnu-tools-for-stm32.10.3-2021.10.win32_1.0.0.202111181127/tools/bin/../lib/gcc/arm-none-eabi/10.3.1/../../../../arm-none-eabi/lib/thumb/v7e-m+fp/hard\libc_nano.a(lib_a-errno.o)
                              ./Core/Src/syscalls.o (__errno)
c:/st/stm32cubeide_1.9.0/stm32cubeide/plugins/com.st.stm32cube.ide.mcu.externaltools.gnu-tools-for-stm32.10.3-2021.10.win32_1.0.0.202111181127/tools/bin/../lib/gcc/arm-none-eabi/10.3.1/../../../../arm-none-eabi/lib/thumb/v7e-m+fp/hard\libc_nano.a(lib_a-exit.o)
                              c:/st/stm32cubeide_1.9.0/stm32cubeide/plugins/com.st.stm32cube.ide.mcu.externaltools.gnu-tools-for-stm32.10.3-2021.10.win32_1.0.0.202111181127/tools/bin/../lib/gcc/arm-none-eabi/10.3.1/../../../../arm-none-eabi/lib/thumb/v7e-m+fp/hard/crt0.o (exit)
c:/st/stm32cubeide_1.9.0/stm32cubeide/plugins/com.st.stm32cube.ide.mcu.externaltools.gnu-tools-for-stm32.10.3-2021.10.win32_1.0.0.202111181127/tools/bin/../lib/gcc/arm-none-eabi/10.3.1/../../../../arm-none-eabi/lib/thumb/v7e-m+fp/hard\libc_nano.a(lib_a-findfp.o)
                              ./Middlewares/Third_Party/FreeRTOS/Source/tasks.o (__sf_fake_stderr)
c:/st/stm32cubeide_1.9.0/stm32cubeide/plugins/com.st.stm32cube.ide.mcu.externaltools.gnu-tools-for-stm32.10.3-2021.10.win32_1.0.0.202111181127/tools/bin/../lib/gcc/arm-none-eabi/10.3.1/../../../../arm-none-eabi/lib/thumb/v7e-m+fp/hard\libc_nano.a(lib_a-fwalk.o)
                              c:/st/stm32cubeide_1.9.0/stm32cubeide/plugins/com.st.stm32cube.ide.mcu.externaltools.gnu-tools-for-stm32.10.3-2021.10.win32_1.0.0.202111181127/tools/bin/../lib/gcc/arm-none-eabi/10.3.1/../../../../arm-none-eabi/lib/thumb/v7e-m+fp/hard\libc_nano.a(lib_a-findfp.o) (_fwalk)
c:/st/stm32cubeide_1.9.0/stm32cubeide/plugins/com.st.stm32cube.ide.mcu.externaltools.gnu-tools-for-stm32.10.3-2021.10.win32_1.0.0.202111181127/tools/bin/../lib/gcc/arm-none-eabi/10.3.1/../../../../arm-none-eabi/lib/thumb/v7e-m+fp/hard\libc_nano.a(lib_a-impure.o)
                              c:/st/stm32cubeide_1.9.0/stm32cubeide/plugins/com.st.stm32cube.ide.mcu.externaltools.gnu-tools-for-stm32.10.3-2021.10.win32_1.0.0.202111181127/tools/bin/../lib/gcc/arm-none-eabi/10.3.1/../../../../arm-none-eabi/lib/thumb/v7e-m+fp/hard\libc_nano.a(lib_a-exit.o) (_global_impure_ptr)
c:/st/stm32cubeide_1.9.0/stm32cubeide/plugins/com.st.stm32cube.ide.mcu.externaltools.gnu-tools-for-stm32.10.3-2021.10.win32_1.0.0.202111181127/tools/bin/../lib/gcc/arm-none-eabi/10.3.1/../../../../arm-none-eabi/lib/thumb/v7e-m+fp/hard\libc_nano.a(lib_a-init.o)
                              c:/st/stm32cubeide_1.9.0/stm32cubeide/plugins/com.st.stm32cube.ide.mcu.externaltools.gnu-tools-for-stm32.10.3-2021.10.win32_1.0.0.202111181127/tools/bin/../lib/gcc/arm-none-eabi/10.3.1/../../../../arm-none-eabi/lib/thumb/v7e-m+fp/hard/crt0.o (__libc_init_array)
c:/st/stm32cubeide_1.9.0/stm32cubeide/plugins/com.st.stm32cube.ide.mcu.externaltools.gnu-tools-for-stm32.10.3-2021.10.win32_1.0.0.202111181127/tools/bin/../lib/gcc/arm-none-eabi/10.3.1/../../../../arm-none-eabi/lib/thumb/v7e-m+fp/hard\libc_nano.a(lib_a-lock.o)
                              c:/st/stm32cubeide_1.9.0/stm32cubeide/plugins/com.st.stm32cube.ide.mcu.externaltools.gnu-tools-for-stm32.10.3-2021.10.win32_1.0.0.202111181127/tools/bin/../lib/gcc/arm-none-eabi/10.3.1/../../../../arm-none-eabi/lib/thumb/v7e-m+fp/hard\libc_nano.a(lib_a-findfp.o) (__retarget_lock_init_recursive)
c:/st/stm32cubeide_1.9.0/stm32cubeide/plugins/com.st.stm32cube.ide.mcu.externaltools.gnu-tools-for-stm32.10.3-2021.10.win32_1.0.0.202111181127/tools/bin/../lib/gcc/arm-none-eabi/10.3.1/../../../../arm-none-eabi/lib/thumb/v7e-m+fp/hard\libc_nano.a(lib_a-memcpy-stub.o)
                              ./Core/Src/comm_modbus.o (memcpy)
c:/st/stm32cubeide_1.9.0/stm32cubeide/plugins/com.st.stm32cube.ide.mcu.externaltools.gnu-tools-for-stm32.10.3-2021.10.win32_1.0.0.202111181127/tools/bin/../lib/gcc/arm-none-eabi/10.3.1/../../../../arm-none-eabi/lib/thumb/v7e-m+fp/hard\libc_nano.a(lib_a-memset.o)
                              c:/st/stm32cubeide_1.9.0/stm32cubeide/plugins/com.st.stm32cube.ide.mcu.externaltools.gnu-tools-for-stm32.10.3-2021.10.win32_1.0.0.202111181127/tools/bin/../lib/gcc/arm-none-eabi/10.3.1/../../../../arm-none-eabi/lib/thumb/v7e-m+fp/hard/crt0.o (memset)
c:/st/stm32cubeide_1.9.0/stm32cubeide/plugins/com.st.stm32cube.ide.mcu.externaltools.gnu-tools-for-stm32.10.3-2021.10.win32_1.0.0.202111181127/tools/bin/../lib/gcc/arm-none-eabi/10.3.1/../../../../arm-none-eabi/lib/thumb/v7e-m+fp/hard\libc_nano.a(lib_a-nano-mallocr.o)
[...]
Memory Configuration

Name             Origin             Length             Attributes
RAM              0x0000000020000000 0x0000000000010000 xrw
FLASH            0x0000000008000000 0x0000000000040000 xr
*default*        0x0000000000000000 0xffffffffffffffff

Linker script and memory map

LOAD c:/st/stm32cubeide_1.9.0/stm32cubeide/plugins/com.st.stm32cube.ide.mcu.externaltools.gnu-tools-for-stm32.10.3-2021.10.win32_1.0.0.202111181127/tools/bin/../lib/gcc/arm-none-eabi/10.3.1/thumb/v7e-m+fp/hard/crti.o
LOAD c:/st/stm32cubeide_1.9.0/stm32cubeide/plugins/com.st.stm32cube.ide.mcu.externaltools.gnu-tools-for-stm32.10.3-2021.10.win32_1.0.0.202111181127/tools/bin/../lib/gcc/arm-none-eabi/10.3.1/thumb/v7e-m+fp/hard/crtbegin.o
LOAD c:/st/stm32cubeide_1.9.0/stm32cubeide/plugins/com.st.stm32cube.ide.mcu.externaltools.gnu-tools-for-stm32.10.3-2021.10.win32_1.0.0.202111181127/tools/bin/../lib/gcc/arm-none-eabi/10.3.1/../../../../arm-none-eabi/lib/thumb/v7e-m+fp/hard/crt0.o
LOAD ./Core/Src/comm_modbus.o
LOAD ./Core/Src/freertos.o
LOAD ./Core/Src/inverter.o
LOAD ./Core/Src/main.o
LOAD ./Core/Src/stm32f4xx_hal_msp.o
LOAD ./Core/Src/stm32f4xx_it.o
LOAD ./Core/Src/syscalls.o
LOAD ./Core/Src/sysmem.o
LOAD ./Core/Src/system_stm32f4xx.o
LOAD ./Core/Startup/startup_stm32f401ccux.o
LOAD ./Core/stModbus/src/modbus.o
LOAD ./Core/stModbus/src/rtu/mbutils.o
LOAD ./Drivers/STM32F4xx_HAL_Driver/Src/stm32f4xx_hal.o
LOAD ./Drivers/STM32F4xx_HAL_Driver/Src/stm32f4xx_hal_adc.o
LOAD ./Drivers/STM32F4xx_HAL_Driver/Src/stm32f4xx_hal_adc_ex.o
LOAD ./Drivers/STM32F4xx_HAL_Driver/Src/stm32f4xx_hal_cortex.o
LOAD ./Drivers/STM32F4xx_HAL_Driver/Src/stm32f4xx_hal_dma.o
LOAD ./Drivers/STM32F4xx_HAL_Driver/Src/stm32f4xx_hal_dma_ex.o
LOAD ./Drivers/STM32F4xx_HAL_Driver/Src/stm32f4xx_hal_exti.o
LOAD ./Drivers/STM32F4xx_HAL_Driver/Src/stm32f4xx_hal_flash.o
LOAD ./Drivers/STM32F4xx_HAL_Driver/Src/stm32f4xx_hal_flash_ex.o
LOAD ./Drivers/STM32F4xx_HAL_Driver/Src/stm32f4xx_hal_flash_ramfunc.o
LOAD ./Drivers/STM32F4xx_HAL_Driver/Src/stm32f4xx_hal_gpio.o
LOAD ./Drivers/STM32F4xx_HAL_Driver/Src/stm32f4xx_hal_pwr.o
LOAD ./Drivers/STM32F4xx_HAL_Driver/Src/stm32f4xx_hal_pwr_ex.o
LOAD ./Drivers/STM32F4xx_HAL_Driver/Src/stm32f4xx_hal_rcc.o
LOAD ./Drivers/STM32F4xx_HAL_Driver/Src/stm32f4xx_hal_rcc_ex.o
LOAD ./Drivers/STM32F4xx_HAL_Driver/Src/stm32f4xx_hal_tim.o
LOAD ./Drivers/STM32F4xx_HAL_Driver/Src/stm32f4xx_hal_tim_ex.o
LOAD ./Drivers/STM32F4xx_HAL_Driver/Src/stm32f4xx_hal_uart.o
LOAD ./Drivers/STM32F4xx_HAL_Driver/Src/stm32f4xx_ll_adc.o
LOAD ./Middlewares/Third_Party/FreeRTOS/Source/CMSIS_RTOS_V2/cmsis_os2.o
LOAD ./Middlewares/Third_Party/FreeRTOS/Source/croutine.o
LOAD ./Middlewares/Third_Party/FreeRTOS/Source/event_groups.o
LOAD ./Middlewares/Third_Party/FreeRTOS/Source/list.o
LOAD ./Middlewares/Third_Party/FreeRTOS/Source/queue.o
LOAD ./Middlewares/Third_Party/FreeRTOS/Source/stream_buffer.o
LOAD ./Middlewares/Third_Party/FreeRTOS/Source/tasks.o
LOAD ./Middlewares/Third_Party/FreeRTOS/Source/timers.o
LOAD ./Middlewares/Third_Party/FreeRTOS/Source/portable/GCC/ARM_CM4F/port.o
LOAD ./Middlewares/Third_Party/FreeRTOS/Source/portable/MemMang/heap_4.o
START GROUP
LOAD c:/st/stm32cubeide_1.9.0/stm32cubeide/plugins/com.st.stm32cube.ide.mcu.externaltools.gnu-tools-for-stm32.10.3-2021.10.win32_1.0.0.202111181127/tools/bin/../lib/gcc/arm-none-eabi/10.3.1/../../../../arm-none-eabi/lib/thumb/v7e-m+fp/hard\libc_nano.a
LOAD c:/st/stm32cubeide_1.9.0/stm32cubeide/plugins/com.st.stm32cube.ide.mcu.externaltools.gnu-tools-for-stm32.10.3-2021.10.win32_1.0.0.202111181127/tools/bin/../lib/gcc/arm-none-eabi/10.3.1/../../../../arm-none-eabi/lib/thumb/v7e-m+fp/hard\libm.a
END GROUP
START GROUP
LOAD c:/st/stm32cubeide_1.9.0/stm32cubeide/plugins/com.st.stm32cube.ide.mcu.externaltools.gnu-tools-for-stm32.10.3-2021.10.win32_1.0.0.202111181127/tools/bin/../lib/gcc/arm-none-eabi/10.3.1/thumb/v7e-m+fp/hard\libgcc.a
LOAD c:/st/stm32cubeide_1.9.0/stm32cubeide/plugins/com.st.stm32cube.ide.mcu.externaltools.gnu-tools-for-stm32.10.3-2021.10.win32_1.0.0.202111181127/tools/bin/../lib/gcc/arm-none-eabi/10.3.1/../../../../arm-none-eabi/lib/thumb/v7e-m+fp/hard\libc_nano.a
END GROUP
START GROUP
LOAD c:/st/stm32cubeide_1.9.0/stm32cubeide/plugins/com.st.stm32cube.ide.mcu.externaltools.gnu-tools-for-stm32.10.3-2021.10.win32_1.0.0.202111181127/tools/bin/../lib/gcc/arm-none-eabi/10.3.1/thumb/v7e-m+fp/hard\libgcc.a
LOAD c:/st/stm32cubeide_1.9.0/stm32cubeide/plugins/com.st.stm32cube.ide.mcu.externaltools.gnu-tools-for-stm32.10.3-2021.10.win32_1.0.0.202111181127/tools/bin/../lib/gcc/arm-none-eabi/10.3.1/../../../../arm-none-eabi/lib/thumb/v7e-m+fp/hard\libc_nano.a
LOAD c:/st/stm32cubeide_1.9.0/stm32cubeide/plugins/com.st.stm32cube.ide.mcu.externaltools.gnu-tools-for-stm32.10.3-2021.10.win32_1.0.0.202111181127/tools/bin/../lib/gcc/arm-none-eabi/10.3.1/../../../../arm-none-eabi/lib/thumb/v7e-m+fp/hard\libnosys.a
END GROUP
START GROUP
LOAD c:/st/stm32cubeide_1.9.0/stm32cubeide/plugins/com.st.stm32cube.ide.mcu.externaltools.gnu-tools-for-stm32.10.3-2021.10.win32_1.0.0.202111181127/tools/bin/../lib/gcc/arm-none-eabi/10.3.1/thumb/v7e-m+fp/hard\libgcc.a
LOAD c:/st/stm32cubeide_1.9.0/stm32cubeide/plugins/com.st.stm32cube.ide.mcu.externaltools.gnu-tools-for-stm32.10.3-2021.10.win32_1.0.0.202111181127/tools/bin/../lib/gcc/arm-none-eabi/10.3.1/../../../../arm-none-eabi/lib/thumb/v7e-m+fp/hard\libc_nano.a
LOAD c:/st/stm32cubeide_1.9.0/stm32cubeide/plugins/com.st.stm32cube.ide.mcu.externaltools.gnu-tools-for-stm32.10.3-2021.10.win32_1.0.0.202111181127/tools/bin/../lib/gcc/arm-none-eabi/10.3.1/../../../../arm-none-eabi/lib/thumb/v7e-m+fp/hard\libnosys.a
END GROUP
LOAD c:/st/stm32cubeide_1.9.0/stm32cubeide/plugins/com.st.stm32cube.ide.mcu.externaltools.gnu-tools-for-stm32.10.3-2021.10.win32_1.0.0.202111181127/tools/bin/../lib/gcc/arm-none-eabi/10.3.1/thumb/v7e-m+fp/hard/crtend.o
LOAD c:/st/stm32cubeide_1.9.0/stm32cubeide/plugins/com.st.stm32cube.ide.mcu.externaltools.gnu-tools-for-stm32.10.3-2021.10.win32_1.0.0.202111181127/tools/bin/../lib/gcc/arm-none-eabi/10.3.1/thumb/v7e-m+fp/hard/crtn.o
                0x0000000020010000                _estack = (ORIGIN (RAM) + LENGTH (RAM))
                0x0000000000000200                _Min_Heap_Size = 0x200
                0x0000000000000400                _Min_Stack_Size = 0x400

.isr_vector     0x0000000008000000      0x194
                0x0000000008000000                . = ALIGN (0x4)
 *(.isr_vector)
 .isr_vector    0x0000000008000000      0x194 ./Core/Startup/startup_stm32f401ccux.o
                0x0000000008000000                g_pfnVectors
                0x0000000008000194                . = ALIGN (0x4)

.text           0x00000000080001a0     0x9080
                0x00000000080001a0                . = ALIGN (0x4)
 *(.text)
 .text          0x00000000080001a0       0x40 c:/st/stm32cubeide_1.9.0/stm32cubeide/plugins/com.st.stm32cube.ide.mcu.externaltools.gnu-tools-for-stm32.10.3-2021.10.win32_1.0.0.202111181127/tools/bin/../lib/gcc/arm-none-eabi/10.3.1/thumb/v7e-m+fp/hard/crtbegin.o
 .text          0x00000000080001e0       0x30 c:/st/stm32cubeide_1.9.0/stm32cubeide/plugins/com.st.stm32cube.ide.mcu.externaltools.gnu-tools-for-stm32.10.3-2021.10.win32_1.0.0.202111181127/tools/bin/../lib/gcc/arm-none-eabi/10.3.1/thumb/v7e-m+fp/hard\libgcc.a(_aeabi_uldivmod.o)
                0x00000000080001e0                __aeabi_uldivmod
 .text          0x0000000008000210      0x2d0 c:/st/stm32cubeide_1.9.0/stm32cubeide/plugins/com.st.stm32cube.ide.mcu.externaltools.gnu-tools-for-stm32.10.3-2021.10.win32_1.0.0.202111181127/tools/bin/../lib/gcc/arm-none-eabi/10.3.1/thumb/v7e-m+fp/hard\libgcc.a(_udivmoddi4.o)
                0x0000000008000210                __udivmoddi4
 .text          0x00000000080004e0        0x4 c:/st/stm32cubeide_1.9.0/stm32cubeide/plugins/com.st.stm32cube.ide.mcu.externaltools.gnu-tools-for-stm32.10.3-2021.10.win32_1.0.0.202111181127/tools/bin/../lib/gcc/arm-none-eabi/10.3.1/thumb/v7e-m+fp/hard\libgcc.a(_dvmd_tls.o)
                0x00000000080004e0                __aeabi_idiv0
                0x00000000080004e0                __aeabi_ldiv0
 *(.text*)
 .text.modbus_protocol_read
                0x00000000080004e4       0x40 ./Core/Src/comm_modbus.o
                0x00000000080004e4                modbus_protocol_read
 .text.modbus_protocol_write
                0x0000000008000524      0x1c0 ./Core/Src/comm_modbus.o
                0x0000000008000524                modbus_protocol_write
 .text.mbus_send
                0x00000000080006e4       0x38 ./Core/Src/comm_modbus.o
                0x00000000080006e4                mbus_send
 .text.Modbus_init
                0x000000000800071c       0x8c ./Core/Src/comm_modbus.o
                0x000000000800071c                Modbus_init
 .text.modbus_process_new_data_to_fifo
                0x00000000080007a8       0xd4 ./Core/Src/comm_modbus.o
                0x00000000080007a8                modbus_process_new_data_to_fifo
 .text.process_modbus_command
                0x000000000800087c       0x5c ./Core/Src/comm_modbus.o
                0x000000000800087c                process_modbus_command
 .text.inverter_enable
                0x00000000080008d8       0x7c ./Core/Src/inverter.o
                0x00000000080008d8                inverter_enable
 .text.inverter_disable
                0x0000000008000954       0x64 ./Core/Src/inverter.o
                0x0000000008000954                inverter_disable
 .text.main     0x00000000080009b8       0x50 ./Core/Src/main.o
                0x00000000080009b8                main
 .text.SystemClock_Config
                0x0000000008000a08       0xd4 ./Core/Src/main.o
                0x0000000008000a08                SystemClock_Config
 .text.MX_ADC1_Init
                0x0000000008000adc       0xf8 ./Core/Src/main.o
 .text.MX_TIM1_Init
                0x0000000008000bd4      0x170 ./Core/Src/main.o
 .text.MX_TIM2_Init
                0x0000000008000d44       0xa8 ./Core/Src/main.o
 .text.MX_USART1_UART_Init
                0x0000000008000dec       0x54 ./Core/Src/main.o
 .text.MX_USART2_UART_Init
                0x0000000008000e40       0x54 ./Core/Src/main.o
 .text.MX_DMA_Init
                0x0000000008000e94       0x60 ./Core/Src/main.o
 .text.MX_GPIO_Init
                0x0000000008000ef4      0x170 ./Core/Src/main.o
 .text.HAL_UARTEx_RxEventCallback
                0x0000000008001064       0x22 ./Core/Src/main.o
                0x0000000008001064                HAL_UARTEx_RxEventCallback
 *fill*         0x0000000008001086        0x2 
 .text.HAL_UART_ErrorCallback
                0x0000000008001088       0x28 ./Core/Src/main.o
                0x0000000008001088                HAL_UART_ErrorCallback
 .text.StartDefaultTask
                0x00000000080010b0       0x14 ./Core/Src/main.o
                0x00000000080010b0                StartDefaultTask
 .text.Error_Handler
                0x00000000080010c4        0xa ./Core/Src/main.o
                0x00000000080010c4                Error_Handler
 *fill*         0x00000000080010ce        0x2 
 .text.HAL_MspInit
                0x00000000080010d0       0x58 ./Core/Src/stm32f4xx_hal_msp.o
                0x00000000080010d0                HAL_MspInit
 .text.HAL_ADC_MspInit
                0x0000000008001128       0xec ./Core/Src/stm32f4xx_hal_msp.o
                0x0000000008001128                HAL_ADC_MspInit
 .text.HAL_TIM_Base_MspInit
                0x0000000008001214       0x44 ./Core/Src/stm32f4xx_hal_msp.o
                0x0000000008001214                HAL_TIM_Base_MspInit
 .text.HAL_TIM_Encoder_MspInit
                0x0000000008001258       0x8c ./Core/Src/stm32f4xx_hal_msp.o
                0x0000000008001258                HAL_TIM_Encoder_MspInit
 .text.HAL_TIM_MspPostInit
                0x00000000080012e4       0x74 ./Core/Src/stm32f4xx_hal_msp.o
                0x00000000080012e4                HAL_TIM_MspPostInit
 .text.HAL_UART_MspInit
                0x0000000008001358      0x1d4 ./Core/Src/stm32f4xx_hal_msp.o
                0x0000000008001358                HAL_UART_MspInit
 .text.HAL_UART_MspDeInit
                0x000000000800152c       0x7c ./Core/Src/stm32f4xx_hal_msp.o
                0x000000000800152c                HAL_UART_MspDeInit
 .text.NMI_Handler
                0x00000000080015a8        0x6 ./Core/Src/stm32f4xx_it.o
                0x00000000080015a8                NMI_Handler
 .text.HardFault_Handler
                0x00000000080015ae        0x6 ./Core/Src/stm32f4xx_it.o
                0x00000000080015ae                HardFault_Handler
 .text.MemManage_Handler
                0x00000000080015b4        0x6 ./Core/Src/stm32f4xx_it.o
                0x00000000080015b4                MemManage_Handler
 .text.BusFault_Handler
                0x00000000080015ba        0x6 ./Core/Src/stm32f4xx_it.o
                0x00000000080015ba                BusFault_Handler
 .text.UsageFault_Handler
                0x00000000080015c0        0x6 ./Core/Src/stm32f4xx_it.o
                0x00000000080015c0                UsageFault_Handler
 .text.DebugMon_Handler
                0x00000000080015c6        0xe ./Core/Src/stm32f4xx_it.o
                0x00000000080015c6                DebugMon_Handler
 .text.SysTick_Handler
                0x00000000080015d4       0x1a ./Core/Src/stm32f4xx_it.o
                0x00000000080015d4                SysTick_Handler
 *fill*         0x00000000080015ee        0x2 
 .text.USART1_IRQHandler
                0x00000000080015f0       0x14 ./Core/Src/stm32f4xx_it.o
                0x00000000080015f0                USART1_IRQHandler
 .text.DMA2_Stream0_IRQHandler
                0x0000000008001604       0x14 ./Core/Src/stm32f4xx_it.o
                0x0000000008001604                DMA2_Stream0_IRQHandler
 .text.DMA2_Stream2_IRQHandler
                0x0000000008001618       0x14 ./Core/Src/stm32f4xx_it.o
                0x0000000008001618                DMA2_Stream2_IRQHandler
 .text.DMA2_Stream7_IRQHandler
                0x000000000800162c       0x14 ./Core/Src/stm32f4xx_it.o
                0x000000000800162c                DMA2_Stream7_IRQHandler
 .text.SystemInit
                0x0000000008001640       0x24 ./Core/Src/system_stm32f4xx.o
                0x0000000008001640                SystemInit
 .text.Reset_Handler
                0x0000000008001664       0x50 ./Core/Startup/startup_stm32f401ccux.o
                0x0000000008001664                Reset_Handler
 .text.Default_Handler
                0x00000000080016b4        0x2 ./Core/Startup/startup_stm32f401ccux.o
                0x00000000080016b4                RTC_Alarm_IRQHandler
                0x00000000080016b4                EXTI2_IRQHandler
                0x00000000080016b4                SPI4_IRQHandler
                0x00000000080016b4                TIM1_CC_IRQHandler
                0x00000000080016b4                DMA2_Stream5_IRQHandler
                0x00000000080016b4                DMA1_Stream5_IRQHandler
                0x00000000080016b4                PVD_IRQHandler
                0x00000000080016b4                SDIO_IRQHandler
                0x00000000080016b4                TAMP_STAMP_IRQHandler
                0x00000000080016b4                EXTI3_IRQHandler
                0x00000000080016b4                TIM1_UP_TIM10_IRQHandler
                0x00000000080016b4                I2C3_ER_IRQHandler
                0x00000000080016b4                EXTI0_IRQHandler
                0x00000000080016b4                I2C2_EV_IRQHandler
                0x00000000080016b4                DMA1_Stream2_IRQHandler
                0x00000000080016b4                FPU_IRQHandler
                0x00000000080016b4                SPI1_IRQHandler
                0x00000000080016b4                TIM1_BRK_TIM9_IRQHandler
                0x00000000080016b4                DMA2_Stream3_IRQHandler
                0x00000000080016b4                USART6_IRQHandler
                0x00000000080016b4                TIM4_IRQHandler
                0x00000000080016b4                I2C1_EV_IRQHandler
                0x00000000080016b4                DMA1_Stream6_IRQHandler
                0x00000000080016b4                DMA1_Stream1_IRQHandler
                0x00000000080016b4                TIM3_IRQHandler
                0x00000000080016b4                RCC_IRQHandler
                0x00000000080016b4                Default_Handler
                0x00000000080016b4                EXTI15_10_IRQHandler
                0x00000000080016b4                ADC_IRQHandler
                0x00000000080016b4                DMA1_Stream7_IRQHandler
                0x00000000080016b4                TIM5_IRQHandler
                0x00000000080016b4                I2C3_EV_IRQHandler
                0x00000000080016b4                EXTI9_5_IRQHandler
                0x00000000080016b4                RTC_WKUP_IRQHandler
                0x00000000080016b4                SPI2_IRQHandler
                0x00000000080016b4                DMA1_Stream0_IRQHandler
                0x00000000080016b4                EXTI4_IRQHandler
                0x00000000080016b4                WWDG_IRQHandler
                0x00000000080016b4                TIM2_IRQHandler
                0x00000000080016b4                OTG_FS_WKUP_IRQHandler
                0x00000000080016b4                TIM1_TRG_COM_TIM11_IRQHandler
                0x00000000080016b4                EXTI1_IRQHandler
                0x00000000080016b4                USART2_IRQHandler
                0x00000000080016b4                I2C2_ER_IRQHandler
                0x00000000080016b4                DMA2_Stream1_IRQHandler
                0x00000000080016b4                FLASH_IRQHandler
                0x00000000080016b4                DMA2_Stream4_IRQHandler
                0x00000000080016b4                OTG_FS_IRQHandler
                0x00000000080016b4                SPI3_IRQHandler
                0x00000000080016b4                DMA1_Stream4_IRQHandler
                0x00000000080016b4                I2C1_ER_IRQHandler
                0x00000000080016b4                DMA2_Stream6_IRQHandler
                0x00000000080016b4                DMA1_Stream3_IRQHandler
 *fill*         0x00000000080016b6        0x2 
 .text.mbus_open
                0x00000000080016b8       0xa0 ./Core/stModbus/src/modbus.o
                0x00000000080016b8                mbus_open
 .text.mbus_flush
                0x0000000008001758       0x48 ./Core/stModbus/src/modbus.o
                0x0000000008001758                mbus_flush
 .text.mbus_response
                0x00000000080017a0       0x34 ./Core/stModbus/src/modbus.o
                0x00000000080017a0                mbus_response
 .text.mbus_poll_response
                0x00000000080017d4      0x394 ./Core/stModbus/src/modbus.o
                0x00000000080017d4                mbus_poll_response
 .text.mbus_poll
                0x0000000008001b68      0x3d0 ./Core/stModbus/src/modbus.o
                0x0000000008001b68                mbus_poll
 .text.mbus_send_error
                0x0000000008001f38       0x54 ./Core/stModbus/src/modbus.o
                0x0000000008001f38                mbus_send_error
 .text.mbus_send_data
                0x0000000008001f8c       0xc8 ./Core/stModbus/src/modbus.o
                0x0000000008001f8c                mbus_send_data
 .text.mbus_proto_address
                0x0000000008002054       0xbc ./Core/stModbus/src/modbus.o
                0x0000000008002054                mbus_proto_address
 .text.mbus_crc16
                0x0000000008002110       0x58 ./Core/stModbus/src/rtu/mbutils.o
                0x0000000008002110                mbus_crc16
 .text.mbus_tickcount
                0x0000000008002168       0x10 ./Core/stModbus/src/rtu/mbutils.o
                0x0000000008002168                mbus_tickcount
 .text.HAL_Init
                0x0000000008002178       0x44 ./Drivers/STM32F4xx_HAL_Driver/Src/stm32f4xx_hal.o
                0x0000000008002178                HAL_Init
 .text.HAL_InitTick
                0x00000000080021bc       0x60 ./Drivers/STM32F4xx_HAL_Driver/Src/stm32f4xx_hal.o
                0x00000000080021bc                HAL_InitTick
 .text.HAL_IncTick
                0x000000000800221c       0x28 ./Drivers/STM32F4xx_HAL_Driver/Src/stm32f4xx_hal.o
                0x000000000800221c                HAL_IncTick
 .text.HAL_GetTick
                0x0000000008002244       0x18 ./Drivers/STM32F4xx_HAL_Driver/Src/stm32f4xx_hal.o
                0x0000000008002244                HAL_GetTick
 .text.HAL_ADC_Init
                0x000000000800225c       0x86 ./Drivers/STM32F4xx_HAL_Driver/Src/stm32f4xx_hal_adc.o
                0x000000000800225c                HAL_ADC_Init
 *fill*         0x00000000080022e2        0x2 
 .text.HAL_ADC_ConfigChannel
                0x00000000080022e4      0x244 ./Drivers/STM32F4xx_HAL_Driver/Src/stm32f4xx_hal_adc.o
                0x00000000080022e4                HAL_ADC_ConfigChannel
 .text.ADC_Init
                0x0000000008002528      0x1f8 ./Drivers/STM32F4xx_HAL_Driver/Src/stm32f4xx_hal_adc.o
 .text.__NVIC_SetPriorityGrouping
                0x0000000008002720       0x48 ./Drivers/STM32F4xx_HAL_Driver/Src/stm32f4xx_hal_cortex.o
 .text.__NVIC_GetPriorityGrouping
                0x0000000008002768       0x1c ./Drivers/STM32F4xx_HAL_Driver/Src/stm32f4xx_hal_cortex.o
 .text.__NVIC_EnableIRQ
                0x0000000008002784       0x3c ./Drivers/STM32F4xx_HAL_Driver/Src/stm32f4xx_hal_cortex.o
 .text.__NVIC_DisableIRQ
                0x00000000080027c0       0x48 ./Drivers/STM32F4xx_HAL_Driver/Src/stm32f4xx_hal_cortex.o
 .text.__NVIC_SetPriority
                0x0000000008002808       0x54 ./Drivers/STM32F4xx_HAL_Driver/Src/stm32f4xx_hal_cortex.o
 .text.NVIC_EncodePriority
                0x000000000800285c       0x66 ./Drivers/STM32F4xx_HAL_Driver/Src/stm32f4xx_hal_cortex.o
 *fill*         0x00000000080028c2        0x2 
 .text.SysTick_Config
                0x00000000080028c4       0x44 ./Drivers/STM32F4xx_HAL_Driver/Src/stm32f4xx_hal_cortex.o
 .text.HAL_NVIC_SetPriorityGrouping
                0x0000000008002908       0x16 ./Drivers/STM32F4xx_HAL_Driver/Src/stm32f4xx_hal_cortex.o
                0x0000000008002908                HAL_NVIC_SetPriorityGrouping
 .text.HAL_NVIC_SetPriority
                0x000000000800291e       0x38 ./Drivers/STM32F4xx_HAL_Driver/Src/stm32f4xx_hal_cortex.o
                0x000000000800291e                HAL_NVIC_SetPriority
 .text.HAL_NVIC_EnableIRQ
                0x0000000008002956       0x1c ./Drivers/STM32F4xx_HAL_Driver/Src/stm32f4xx_hal_cortex.o
                0x0000000008002956                HAL_NVIC_EnableIRQ
 .text.HAL_NVIC_DisableIRQ
                0x0000000008002972       0x1c ./Drivers/STM32F4xx_HAL_Driver/Src/stm32f4xx_hal_cortex.o
                0x0000000008002972                HAL_NVIC_DisableIRQ
 .text.HAL_SYSTICK_Config
                0x000000000800298e       0x18 ./Drivers/STM32F4xx_HAL_Driver/Src/stm32f4xx_hal_cortex.o
                0x000000000800298e                HAL_SYSTICK_Config
 *fill*         0x00000000080029a6        0x2 
 .text.HAL_DMA_Init
                0x00000000080029a8      0x15c ./Drivers/STM32F4xx_HAL_Driver/Src/stm32f4xx_hal_dma.o
                0x00000000080029a8                HAL_DMA_Init
 .text.HAL_DMA_DeInit
                0x0000000008002b04       0xbc ./Drivers/STM32F4xx_HAL_Driver/Src/stm32f4xx_hal_dma.o
                0x0000000008002b04                HAL_DMA_DeInit
 .text.HAL_DMA_Start_IT
                0x0000000008002bc0       0xb0 ./Drivers/STM32F4xx_HAL_Driver/Src/stm32f4xx_hal_dma.o
                0x0000000008002bc0                HAL_DMA_Start_IT
 .text.HAL_DMA_Abort
                0x0000000008002c70       0xe0 ./Drivers/STM32F4xx_HAL_Driver/Src/stm32f4xx_hal_dma.o
                0x0000000008002c70                HAL_DMA_Abort
 .text.HAL_DMA_Abort_IT
                0x0000000008002d50       0x44 ./Drivers/STM32F4xx_HAL_Driver/Src/stm32f4xx_hal_dma.o
                0x0000000008002d50                HAL_DMA_Abort_IT
 .text.HAL_DMA_IRQHandler
                0x0000000008002d94      0x314 ./Drivers/STM32F4xx_HAL_Driver/Src/stm32f4xx_hal_dma.o
                0x0000000008002d94                HAL_DMA_IRQHandler
 .text.DMA_SetConfig
                0x00000000080030a8       0x5c ./Drivers/STM32F4xx_HAL_Driver/Src/stm32f4xx_hal_dma.o
 .text.DMA_CalcBaseAndBitshift
                0x0000000008003104       0x6c ./Drivers/STM32F4xx_HAL_Driver/Src/stm32f4xx_hal_dma.o
 .text.DMA_CheckFifoParam
                0x0000000008003170       0xf8 ./Drivers/STM32F4xx_HAL_Driver/Src/stm32f4xx_hal_dma.o
 .text.HAL_GPIO_Init
                0x0000000008003268      0x308 ./Drivers/STM32F4xx_HAL_Driver/Src/stm32f4xx_hal_gpio.o
                0x0000000008003268                HAL_GPIO_Init
 .text.HAL_GPIO_DeInit
                0x0000000008003570      0x1c8 ./Drivers/STM32F4xx_HAL_Driver/Src/stm32f4xx_hal_gpio.o
                0x0000000008003570                HAL_GPIO_DeInit
 .text.HAL_GPIO_WritePin
                0x0000000008003738       0x32 ./Drivers/STM32F4xx_HAL_Driver/Src/stm32f4xx_hal_gpio.o
                0x0000000008003738                HAL_GPIO_WritePin
 *fill*         0x000000000800376a        0x2 
 .text.HAL_RCC_OscConfig
                0x000000000800376c      0x4f0 ./Drivers/STM32F4xx_HAL_Driver/Src/stm32f4xx_hal_rcc.o
                0x000000000800376c                HAL_RCC_OscConfig
 .text.HAL_RCC_ClockConfig
                0x0000000008003c5c      0x1cc ./Drivers/STM32F4xx_HAL_Driver/Src/stm32f4xx_hal_rcc.o
                0x0000000008003c5c                HAL_RCC_ClockConfig
 .text.HAL_RCC_GetSysClockFreq
                0x0000000008003e28      0x18c ./Drivers/STM32F4xx_HAL_Driver/Src/stm32f4xx_hal_rcc.o
                0x0000000008003e28                HAL_RCC_GetSysClockFreq
 .text.HAL_RCC_GetHCLKFreq
                0x0000000008003fb4       0x18 ./Drivers/STM32F4xx_HAL_Driver/Src/stm32f4xx_hal_rcc.o
                0x0000000008003fb4                HAL_RCC_GetHCLKFreq
 .text.HAL_RCC_GetPCLK1Freq
                0x0000000008003fcc       0x28 ./Drivers/STM32F4xx_HAL_Driver/Src/stm32f4xx_hal_rcc.o
                0x0000000008003fcc                HAL_RCC_GetPCLK1Freq
 .text.HAL_RCC_GetPCLK2Freq
                0x0000000008003ff4       0x28 ./Drivers/STM32F4xx_HAL_Driver/Src/stm32f4xx_hal_rcc.o
                0x0000000008003ff4                HAL_RCC_GetPCLK2Freq
 .text.HAL_TIM_Base_Init
                0x000000000800401c       0x9e ./Drivers/STM32F4xx_HAL_Driver/Src/stm32f4xx_hal_tim.o
                0x000000000800401c                HAL_TIM_Base_Init
 *fill*         0x00000000080040ba        0x2 
 .text.HAL_TIM_Base_Start_IT
                0x00000000080040bc       0xc4 ./Drivers/STM32F4xx_HAL_Driver/Src/stm32f4xx_hal_tim.o
                0x00000000080040bc                HAL_TIM_Base_Start_IT
 .text.HAL_TIM_Base_Stop_IT
                0x0000000008004180       0x5e ./Drivers/STM32F4xx_HAL_Driver/Src/stm32f4xx_hal_tim.o
                0x0000000008004180                HAL_TIM_Base_Stop_IT
 .text.HAL_TIM_PWM_Init
                0x00000000080041de       0x9e ./Drivers/STM32F4xx_HAL_Driver/Src/stm32f4xx_hal_tim.o
                0x00000000080041de                HAL_TIM_PWM_Init
 .text.HAL_TIM_PWM_MspInit
                0x000000000800427c       0x14 ./Drivers/STM32F4xx_HAL_Driver/Src/stm32f4xx_hal_tim.o
                0x000000000800427c                HAL_TIM_PWM_MspInit
 .text.HAL_TIM_PWM_Start
                0x0000000008004290      0x160 ./Drivers/STM32F4xx_HAL_Driver/Src/stm32f4xx_hal_tim.o
                0x0000000008004290                HAL_TIM_PWM_Start
 .text.HAL_TIM_PWM_Stop
                0x00000000080043f0       0xc8 ./Drivers/STM32F4xx_HAL_Driver/Src/stm32f4xx_hal_tim.o
                0x00000000080043f0                HAL_TIM_PWM_Stop
 .text.HAL_TIM_Encoder_Init
                0x00000000080044b8      0x14c ./Drivers/STM32F4xx_HAL_Driver/Src/stm32f4xx_hal_tim.o
                0x00000000080044b8                HAL_TIM_Encoder_Init
 .text.HAL_TIM_PWM_ConfigChannel
                0x0000000008004604      0x184 ./Drivers/STM32F4xx_HAL_Driver/Src/stm32f4xx_hal_tim.o
                0x0000000008004604                HAL_TIM_PWM_ConfigChannel
 .text.HAL_TIM_ConfigClockSource
                0x0000000008004788      0x18e ./Drivers/STM32F4xx_HAL_Driver/Src/stm32f4xx_hal_tim.o
                0x0000000008004788                HAL_TIM_ConfigClockSource
 *fill*         0x0000000008004916        0x2 
 .text.TIM_Base_SetConfig
                0x0000000008004918      0x100 ./Drivers/STM32F4xx_HAL_Driver/Src/stm32f4xx_hal_tim.o
                0x0000000008004918                TIM_Base_SetConfig
 .text.TIM_OC1_SetConfig
                0x0000000008004a18       0xcc ./Drivers/STM32F4xx_HAL_Driver/Src/stm32f4xx_hal_tim.o
 .text.TIM_OC2_SetConfig
                0x0000000008004ae4       0xd8 ./Drivers/STM32F4xx_HAL_Driver/Src/stm32f4xx_hal_tim.o
                0x0000000008004ae4                TIM_OC2_SetConfig
 .text.TIM_OC3_SetConfig
                0x0000000008004bbc       0xd4 ./Drivers/STM32F4xx_HAL_Driver/Src/stm32f4xx_hal_tim.o
 .text.TIM_OC4_SetConfig
                0x0000000008004c90       0xa0 ./Drivers/STM32F4xx_HAL_Driver/Src/stm32f4xx_hal_tim.o
 .text.TIM_TI1_ConfigInputStage
                0x0000000008004d30       0x5e ./Drivers/STM32F4xx_HAL_Driver/Src/stm32f4xx_hal_tim.o
 .text.TIM_TI2_ConfigInputStage
                0x0000000008004d8e       0x60 ./Drivers/STM32F4xx_HAL_Driver/Src/stm32f4xx_hal_tim.o
 .text.TIM_ITRx_SetConfig
                0x0000000008004dee       0x36 ./Drivers/STM32F4xx_HAL_Driver/Src/stm32f4xx_hal_tim.o
 .text.TIM_ETR_SetConfig
                0x0000000008004e24       0x40 ./Drivers/STM32F4xx_HAL_Driver/Src/stm32f4xx_hal_tim.o
                0x0000000008004e24                TIM_ETR_SetConfig
 .text.TIM_CCxChannelCmd
                0x0000000008004e64       0x4a ./Drivers/STM32F4xx_HAL_Driver/Src/stm32f4xx_hal_tim.o
                0x0000000008004e64                TIM_CCxChannelCmd
 *fill*         0x0000000008004eae        0x2 
 .text.HAL_TIMEx_MasterConfigSynchronization
                0x0000000008004eb0       0xdc ./Drivers/STM32F4xx_HAL_Driver/Src/stm32f4xx_hal_tim_ex.o
                0x0000000008004eb0                HAL_TIMEx_MasterConfigSynchronization
 .text.HAL_TIMEx_ConfigBreakDeadTime
                0x0000000008004f8c       0xa4 ./Drivers/STM32F4xx_HAL_Driver/Src/stm32f4xx_hal_tim_ex.o
                0x0000000008004f8c                HAL_TIMEx_ConfigBreakDeadTime
 .text.HAL_UART_Init
                0x0000000008005030       0x9a ./Drivers/STM32F4xx_HAL_Driver/Src/stm32f4xx_hal_uart.o
                0x0000000008005030                HAL_UART_Init
 .text.HAL_UART_DeInit
                0x00000000080050ca       0x5e ./Drivers/STM32F4xx_HAL_Driver/Src/stm32f4xx_hal_uart.o
                0x00000000080050ca                HAL_UART_DeInit
 .text.HAL_UART_Transmit_DMA
                0x0000000008005128       0xfc ./Drivers/STM32F4xx_HAL_Driver/Src/stm32f4xx_hal_uart.o
                0x0000000008005128                HAL_UART_Transmit_DMA
 .text.HAL_UARTEx_ReceiveToIdle_DMA
                0x0000000008005224       0xca ./Drivers/STM32F4xx_HAL_Driver/Src/stm32f4xx_hal_uart.o
                0x0000000008005224                HAL_UARTEx_ReceiveToIdle_DMA
 *fill*         0x00000000080052ee        0x2 
 .text.HAL_UART_IRQHandler
                0x00000000080052f0      0x51c ./Drivers/STM32F4xx_HAL_Driver/Src/stm32f4xx_hal_uart.o
                0x00000000080052f0                HAL_UART_IRQHandler
 .text.HAL_UART_TxCpltCallback
                0x000000000800580c       0x14 ./Drivers/STM32F4xx_HAL_Driver/Src/stm32f4xx_hal_uart.o
                0x000000000800580c                HAL_UART_TxCpltCallback
 .text.HAL_UART_TxHalfCpltCallback
                0x0000000008005820       0x14 ./Drivers/STM32F4xx_HAL_Driver/Src/stm32f4xx_hal_uart.o
                0x0000000008005820                HAL_UART_TxHalfCpltCallback
 .text.HAL_UART_RxCpltCallback
                0x0000000008005834       0x14 ./Drivers/STM32F4xx_HAL_Driver/Src/stm32f4xx_hal_uart.o
                0x0000000008005834                HAL_UART_RxCpltCallback
 .text.HAL_UART_RxHalfCpltCallback
                0x0000000008005848       0x14 ./Drivers/STM32F4xx_HAL_Driver/Src/stm32f4xx_hal_uart.o
                0x0000000008005848                HAL_UART_RxHalfCpltCallback
 .text.UART_DMATransmitCplt
                0x000000000800585c       0x9a ./Drivers/STM32F4xx_HAL_Driver/Src/stm32f4xx_hal_uart.o
 .text.UART_DMATxHalfCplt
                0x00000000080058f6       0x1c ./Drivers/STM32F4xx_HAL_Driver/Src/stm32f4xx_hal_uart.o
 .text.UART_DMAReceiveCplt
                0x0000000008005912      0x126 ./Drivers/STM32F4xx_HAL_Driver/Src/stm32f4xx_hal_uart.o
 .text.UART_DMARxHalfCplt
                0x0000000008005a38       0x36 ./Drivers/STM32F4xx_HAL_Driver/Src/stm32f4xx_hal_uart.o
 .text.UART_DMAError
                0x0000000008005a6e       0x94 ./Drivers/STM32F4xx_HAL_Driver/Src/stm32f4xx_hal_uart.o
 *fill*         0x0000000008005b02        0x2 
 .text.UART_Start_Receive_DMA
                0x0000000008005b04      0x13c ./Drivers/STM32F4xx_HAL_Driver/Src/stm32f4xx_hal_uart.o
                0x0000000008005b04                UART_Start_Receive_DMA
 .text.UART_EndTxTransfer
                0x0000000008005c40       0x50 ./Drivers/STM32F4xx_HAL_Driver/Src/stm32f4xx_hal_uart.o
 .text.UART_EndRxTransfer
                0x0000000008005c90       0xc6 ./Drivers/STM32F4xx_HAL_Driver/Src/stm32f4xx_hal_uart.o
 .text.UART_DMAAbortOnError
                0x0000000008005d56       0x28 ./Drivers/STM32F4xx_HAL_Driver/Src/stm32f4xx_hal_uart.o
 .text.UART_Transmit_IT
                0x0000000008005d7e       0xa0 ./Drivers/STM32F4xx_HAL_Driver/Src/stm32f4xx_hal_uart.o
 .text.UART_EndTransmit_IT
                0x0000000008005e1e       0x30 ./Drivers/STM32F4xx_HAL_Driver/Src/stm32f4xx_hal_uart.o
 .text.UART_Receive_IT
                0x0000000008005e4e      0x176 ./Drivers/STM32F4xx_HAL_Driver/Src/stm32f4xx_hal_uart.o
 .text.UART_SetConfig
                0x0000000008005fc4      0x4e8 ./Drivers/STM32F4xx_HAL_Driver/Src/stm32f4xx_hal_uart.o
 .text.__NVIC_SetPriority
                0x00000000080064ac       0x54 ./Middlewares/Third_Party/FreeRTOS/Source/CMSIS_RTOS_V2/cmsis_os2.o
 .text.SVC_Setup
                0x0000000008006500       0x12 ./Middlewares/Third_Party/FreeRTOS/Source/CMSIS_RTOS_V2/cmsis_os2.o
 *fill*         0x0000000008006512        0x2 
 .text.osKernelInitialize
                0x0000000008006514       0x48 ./Middlewares/Third_Party/FreeRTOS/Source/CMSIS_RTOS_V2/cmsis_os2.o
                0x0000000008006514                osKernelInitialize
 .text.osKernelStart
                0x000000000800655c       0x4c ./Middlewares/Third_Party/FreeRTOS/Source/CMSIS_RTOS_V2/cmsis_os2.o
                0x000000000800655c                osKernelStart
 .text.osThreadNew
                0x00000000080065a8      0x124 ./Middlewares/Third_Party/FreeRTOS/Source/CMSIS_RTOS_V2/cmsis_os2.o
                0x00000000080065a8                osThreadNew
 .text.osDelay  0x00000000080066cc       0x36 ./Middlewares/Third_Party/FreeRTOS/Source/CMSIS_RTOS_V2/cmsis_os2.o
                0x00000000080066cc                osDelay
 *fill*         0x0000000008006702        0x2 
 .text.vApplicationGetIdleTaskMemory
                0x0000000008006704       0x34 ./Middlewares/Third_Party/FreeRTOS/Source/CMSIS_RTOS_V2/cmsis_os2.o
                0x0000000008006704                vApplicationGetIdleTaskMemory
 .text.vApplicationGetTimerTaskMemory
                0x0000000008006738       0x34 ./Middlewares/Third_Party/FreeRTOS/Source/CMSIS_RTOS_V2/cmsis_os2.o
                0x0000000008006738                vApplicationGetTimerTaskMemory
 .text.vListInitialise
                0x000000000800676c       0x40 ./Middlewares/Third_Party/FreeRTOS/Source/list.o
                0x000000000800676c                vListInitialise
 .text.vListInitialiseItem
                0x00000000080067ac       0x1a ./Middlewares/Third_Party/FreeRTOS/Source/list.o
                0x00000000080067ac                vListInitialiseItem
 .text.vListInsertEnd
                0x00000000080067c6       0x48 ./Middlewares/Third_Party/FreeRTOS/Source/list.o
                0x00000000080067c6                vListInsertEnd
 .text.vListInsert
                0x000000000800680e       0x72 ./Middlewares/Third_Party/FreeRTOS/Source/list.o
                0x000000000800680e                vListInsert
 .text.uxListRemove
                0x0000000008006880       0x54 ./Middlewares/Third_Party/FreeRTOS/Source/list.o
                0x0000000008006880                uxListRemove
 .text.xQueueGenericReset
                0x00000000080068d4       0xd0 ./Middlewares/Third_Party/FreeRTOS/Source/queue.o
                0x00000000080068d4                xQueueGenericReset
 .text.xQueueGenericCreateStatic
                0x00000000080069a4       0xf0 ./Middlewares/Third_Party/FreeRTOS/Source/queue.o
                0x00000000080069a4                xQueueGenericCreateStatic
 .text.prvInitialiseNewQueue
                0x0000000008006a94       0x46 ./Middlewares/Third_Party/FreeRTOS/Source/queue.o
 *fill*         0x0000000008006ada        0x2 
 .text.xQueueGenericSend
                0x0000000008006adc      0x1fc ./Middlewares/Third_Party/FreeRTOS/Source/queue.o
                0x0000000008006adc                xQueueGenericSend
 .text.xQueueGenericSendFromISR
                0x0000000008006cd8      0x136 ./Middlewares/Third_Party/FreeRTOS/Source/queue.o
                0x0000000008006cd8                xQueueGenericSendFromISR
 *fill*         0x0000000008006e0e        0x2 
 .text.xQueueReceive
                0x0000000008006e10      0x1c0 ./Middlewares/Third_Party/FreeRTOS/Source/queue.o
                0x0000000008006e10                xQueueReceive
 .text.prvCopyDataToQueue
                0x0000000008006fd0       0xd4 ./Middlewares/Third_Party/FreeRTOS/Source/queue.o
 .text.prvCopyDataFromQueue
                0x00000000080070a4       0x4c ./Middlewares/Third_Party/FreeRTOS/Source/queue.o
 .text.prvUnlockQueue
                0x00000000080070f0       0xa4 ./Middlewares/Third_Party/FreeRTOS/Source/queue.o
 .text.prvIsQueueEmpty
                0x0000000008007194       0x2c ./Middlewares/Third_Party/FreeRTOS/Source/queue.o
 .text.prvIsQueueFull
                0x00000000080071c0       0x30 ./Middlewares/Third_Party/FreeRTOS/Source/queue.o
 .text.vQueueAddToRegistry
                0x00000000080071f0       0x54 ./Middlewares/Third_Party/FreeRTOS/Source/queue.o
                0x00000000080071f0                vQueueAddToRegistry
 .text.vQueueWaitForMessageRestricted
                0x0000000008007244       0x68 ./Middlewares/Third_Party/FreeRTOS/Source/queue.o
                0x0000000008007244                vQueueWaitForMessageRestricted
 .text.xTaskCreateStatic
                0x00000000080072ac       0xba ./Middlewares/Third_Party/FreeRTOS/Source/tasks.o
                0x00000000080072ac                xTaskCreateStatic
 .text.xTaskCreate
                0x0000000008007366       0x8a ./Middlewares/Third_Party/FreeRTOS/Source/tasks.o
                0x0000000008007366                xTaskCreate
 .text.prvInitialiseNewTask
                0x00000000080073f0      0x14c ./Middlewares/Third_Party/FreeRTOS/Source/tasks.o
 .text.prvAddNewTaskToReadyList
                0x000000000800753c       0xe0 ./Middlewares/Third_Party/FreeRTOS/Source/tasks.o
 .text.vTaskDelay
                0x000000000800761c       0x68 ./Middlewares/Third_Party/FreeRTOS/Source/tasks.o
                0x000000000800761c                vTaskDelay
 .text.vTaskStartScheduler
                0x0000000008007684       0xe0 ./Middlewares/Third_Party/FreeRTOS/Source/tasks.o
                0x0000000008007684                vTaskStartScheduler
 .text.vTaskSuspendAll
                0x0000000008007764       0x1c ./Middlewares/Third_Party/FreeRTOS/Source/tasks.o
                0x0000000008007764                vTaskSuspendAll
 .text.xTaskResumeAll
                0x0000000008007780      0x13c ./Middlewares/Third_Party/FreeRTOS/Source/tasks.o
                0x0000000008007780                xTaskResumeAll
 .text.xTaskGetTickCount
                0x00000000080078bc       0x20 ./Middlewares/Third_Party/FreeRTOS/Source/tasks.o
                0x00000000080078bc                xTaskGetTickCount
 .text.xTaskIncrementTick
                0x00000000080078dc      0x174 ./Middlewares/Third_Party/FreeRTOS/Source/tasks.o
                0x00000000080078dc                xTaskIncrementTick
 .text.vTaskSwitchContext
                0x0000000008007a50       0xc8 ./Middlewares/Third_Party/FreeRTOS/Source/tasks.o
                0x0000000008007a50                vTaskSwitchContext
 .text.vTaskPlaceOnEventList
                0x0000000008007b18       0x48 ./Middlewares/Third_Party/FreeRTOS/Source/tasks.o
                0x0000000008007b18                vTaskPlaceOnEventList
 .text.vTaskPlaceOnEventListRestricted
                0x0000000008007b60       0x58 ./Middlewares/Third_Party/FreeRTOS/Source/tasks.o
                0x0000000008007b60                vTaskPlaceOnEventListRestricted
 .text.xTaskRemoveFromEventList
                0x0000000008007bb8       0xc8 ./Middlewares/Third_Party/FreeRTOS/Source/tasks.o
                0x0000000008007bb8                xTaskRemoveFromEventList
 .text.vTaskInternalSetTimeOutState
                0x0000000008007c80       0x2c ./Middlewares/Third_Party/FreeRTOS/Source/tasks.o
                0x0000000008007c80                vTaskInternalSetTimeOutState
 .text.xTaskCheckForTimeOut
                0x0000000008007cac       0xc4 ./Middlewares/Third_Party/FreeRTOS/Source/tasks.o
                0x0000000008007cac                xTaskCheckForTimeOut
 .text.vTaskMissedYield
                0x0000000008007d70       0x18 ./Middlewares/Third_Party/FreeRTOS/Source/tasks.o
                0x0000000008007d70                vTaskMissedYield
 .text.prvIdleTask
                0x0000000008007d88       0x30 ./Middlewares/Third_Party/FreeRTOS/Source/tasks.o
 .text.prvInitialiseTaskLists
                0x0000000008007db8       0x80 ./Middlewares/Third_Party/FreeRTOS/Source/tasks.o
 .text.prvCheckTasksWaitingTermination
                0x0000000008007e38       0x5c ./Middlewares/Third_Party/FreeRTOS/Source/tasks.o
 .text.prvDeleteTCB
                0x0000000008007e94       0x68 ./Middlewares/Third_Party/FreeRTOS/Source/tasks.o
 .text.prvResetNextTaskUnblockTime
                0x0000000008007efc       0x40 ./Middlewares/Third_Party/FreeRTOS/Source/tasks.o
 .text.xTaskGetSchedulerState
                0x0000000008007f3c       0x3c ./Middlewares/Third_Party/FreeRTOS/Source/tasks.o
                0x0000000008007f3c                xTaskGetSchedulerState
 .text.xTaskPriorityDisinherit
                0x0000000008007f78       0xdc ./Middlewares/Third_Party/FreeRTOS/Source/tasks.o
                0x0000000008007f78                xTaskPriorityDisinherit
 .text.prvAddCurrentTaskToDelayedList
                0x0000000008008054       0xa8 ./Middlewares/Third_Party/FreeRTOS/Source/tasks.o
 .text.xTimerCreateTimerTask
                0x00000000080080fc       0x90 ./Middlewares/Third_Party/FreeRTOS/Source/timers.o
                0x00000000080080fc                xTimerCreateTimerTask
 .text.xTimerGenericCommand
                0x000000000800818c       0x9c ./Middlewares/Third_Party/FreeRTOS/Source/timers.o
                0x000000000800818c                xTimerGenericCommand
 .text.prvProcessExpiredTimer
                0x0000000008008228       0x98 ./Middlewares/Third_Party/FreeRTOS/Source/timers.o
 .text.prvTimerTask
                0x00000000080082c0       0x24 ./Middlewares/Third_Party/FreeRTOS/Source/timers.o
 .text.prvProcessTimerOrBlockTask
                0x00000000080082e4       0x9c ./Middlewares/Third_Party/FreeRTOS/Source/timers.o
 .text.prvGetNextExpireTime
                0x0000000008008380       0x48 ./Middlewares/Third_Party/FreeRTOS/Source/timers.o
 .text.prvSampleTimeNow
                0x00000000080083c8       0x40 ./Middlewares/Third_Party/FreeRTOS/Source/timers.o
 .text.prvInsertTimerInActiveList
                0x0000000008008408       0x84 ./Middlewares/Third_Party/FreeRTOS/Source/timers.o
 .text.prvProcessReceivedCommands
                0x000000000800848c      0x1c4 ./Middlewares/Third_Party/FreeRTOS/Source/timers.o
 .text.prvSwitchTimerLists
                0x0000000008008650       0xc8 ./Middlewares/Third_Party/FreeRTOS/Source/timers.o
 .text.prvCheckForValidListAndQueue
                0x0000000008008718       0x80 ./Middlewares/Third_Party/FreeRTOS/Source/timers.o
 .text.pxPortInitialiseStack
                0x0000000008008798       0x68 ./Middlewares/Third_Party/FreeRTOS/Source/portable/GCC/ARM_CM4F/port.o
                0x0000000008008798                pxPortInitialiseStack
 .text.prvTaskExitError
                0x0000000008008800       0x58 ./Middlewares/Third_Party/FreeRTOS/Source/portable/GCC/ARM_CM4F/port.o
 *fill*         0x0000000008008858        0x8 
 .text.SVC_Handler
                0x0000000008008860       0x28 ./Middlewares/Third_Party/FreeRTOS/Source/portable/GCC/ARM_CM4F/port.o
                0x0000000008008860                SVC_Handler
 .text.prvPortStartFirstTask
                0x0000000008008888       0x28 ./Middlewares/Third_Party/FreeRTOS/Source/portable/GCC/ARM_CM4F/port.o
 .text.xPortStartScheduler
                0x00000000080088b0      0x144 ./Middlewares/Third_Party/FreeRTOS/Source/portable/GCC/ARM_CM4F/port.o
                0x00000000080088b0                xPortStartScheduler
 .text.vPortEnterCritical
                0x00000000080089f4       0x60 ./Middlewares/Third_Party/FreeRTOS/Source/portable/GCC/ARM_CM4F/port.o
                0x00000000080089f4                vPortEnterCritical
 .text.vPortExitCritical
                0x0000000008008a54       0x54 ./Middlewares/Third_Party/FreeRTOS/Source/portable/GCC/ARM_CM4F/port.o
                0x0000000008008a54                vPortExitCritical
 *fill*         0x0000000008008aa8        0x8 
 .text.PendSV_Handler
                0x0000000008008ab0       0x68 ./Middlewares/Third_Party/FreeRTOS/Source/portable/GCC/ARM_CM4F/port.o
                0x0000000008008ab0                PendSV_Handler
 .text.xPortSysTickHandler
                0x0000000008008b18       0x44 ./Middlewares/Third_Party/FreeRTOS/Source/portable/GCC/ARM_CM4F/port.o
                0x0000000008008b18                xPortSysTickHandler
 .text.vPortSetupTimerInterrupt
                0x0000000008008b5c       0x48 ./Middlewares/Third_Party/FreeRTOS/Source/portable/GCC/ARM_CM4F/port.o
                0x0000000008008b5c                vPortSetupTimerInterrupt
 .text.vPortEnableVFP
                0x0000000008008ba4       0x14 ./Middlewares/Third_Party/FreeRTOS/Source/portable/GCC/ARM_CM4F/port.o
 .text.vPortValidateInterruptPriority
                0x0000000008008bb8       0x80 ./Middlewares/Third_Party/FreeRTOS/Source/portable/GCC/ARM_CM4F/port.o
                0x0000000008008bb8                vPortValidateInterruptPriority
 .text.pvPortMalloc
                0x0000000008008c38      0x198 ./Middlewares/Third_Party/FreeRTOS/Source/portable/MemMang/heap_4.o
                0x0000000008008c38                pvPortMalloc
 .text.vPortFree
                0x0000000008008dd0       0xc4 ./Middlewares/Third_Party/FreeRTOS/Source/portable/MemMang/heap_4.o
                0x0000000008008dd0                vPortFree
 .text.prvHeapInit
                0x0000000008008e94       0xc4 ./Middlewares/Third_Party/FreeRTOS/Source/portable/MemMang/heap_4.o
 .text.prvInsertBlockIntoFreeList
                0x0000000008008f58       0xb4 ./Middlewares/Third_Party/FreeRTOS/Source/portable/MemMang/heap_4.o
 .text.__libc_init_array
                0x000000000800900c       0x48 c:/st/stm32cubeide_1.9.0/stm32cubeide/plugins/com.st.stm32cube.ide.mcu.externaltools.gnu-tools-for-stm32.10.3-2021.10.win32_1.0.0.202111181127/tools/bin/../lib/gcc/arm-none-eabi/10.3.1/../../../../arm-none-eabi/lib/thumb/v7e-m+fp/hard\libc_nano.a(lib_a-init.o)
                0x000000000800900c                __libc_init_array
 .text.__retarget_lock_acquire_recursive
                0x0000000008009054        0x2 c:/st/stm32cubeide_1.9.0/stm32cubeide/plugins/com.st.stm32cube.ide.mcu.externaltools.gnu-tools-for-stm32.10.3-2021.10.win32_1.0.0.202111181127/tools/bin/../lib/gcc/arm-none-eabi/10.3.1/../../../../arm-none-eabi/lib/thumb/v7e-m+fp/hard\libc_nano.a(lib_a-lock.o)
                0x0000000008009054                __retarget_lock_acquire_recursive
 .text.__retarget_lock_release_recursive
                0x0000000008009056        0x2 c:/st/stm32cubeide_1.9.0/stm32cubeide/plugins/com.st.stm32cube.ide.mcu.externaltools.gnu-tools-for-stm32.10.3-2021.10.win32_1.0.0.202111181127/tools/bin/../lib/gcc/arm-none-eabi/10.3.1/../../../../arm-none-eabi/lib/thumb/v7e-m+fp/hard\libc_nano.a(lib_a-lock.o)
                0x0000000008009056                __retarget_lock_release_recursive
 .text.memcpy   0x0000000008009058       0x1c c:/st/stm32cubeide_1.9.0/stm32cubeide/plugins/com.st.stm32cube.ide.mcu.externaltools.gnu-tools-for-stm32.10.3-2021.10.win32_1.0.0.202111181127/tools/bin/../lib/gcc/arm-none-eabi/10.3.1/../../../../arm-none-eabi/lib/thumb/v7e-m+fp/hard\libc_nano.a(lib_a-memcpy-stub.o)
                0x0000000008009058                memcpy
 .text.memset   0x0000000008009074       0x10 c:/st/stm32cubeide_1.9.0/stm32cubeide/plugins/com.st.stm32cube.ide.mcu.externaltools.gnu-tools-for-stm32.10.3-2021.10.win32_1.0.0.202111181127/tools/bin/../lib/gcc/arm-none-eabi/10.3.1/../../../../arm-none-eabi/lib/thumb/v7e-m+fp/hard\libc_nano.a(lib_a-memset.o)
                0x0000000008009074                memset
 .text.cleanup_glue
                0x0000000008009084       0x1a c:/st/stm32cubeide_1.9.0/stm32cubeide/plugins/com.st.stm32cube.ide.mcu.externaltools.gnu-tools-for-stm32.10.3-2021.10.win32_1.0.0.202111181127/tools/bin/../lib/gcc/arm-none-eabi/10.3.1/../../../../arm-none-eabi/lib/thumb/v7e-m+fp/hard\libc_nano.a(lib_a-reent.o)
                0x0000000008009084                cleanup_glue
 *fill*         0x000000000800909e        0x2 
 .text._reclaim_reent
                0x00000000080090a0       0xb8 c:/st/stm32cubeide_1.9.0/stm32cubeide/plugins/com.st.stm32cube.ide.mcu.externaltools.gnu-tools-for-stm32.10.3-2021.10.win32_1.0.0.202111181127/tools/bin/../lib/gcc/arm-none-eabi/10.3.1/../../../../arm-none-eabi/lib/thumb/v7e-m+fp/hard\libc_nano.a(lib_a-reent.o)
                0x00000000080090a0                _reclaim_reent
 .text.__malloc_lock
                0x0000000008009158        0xc c:/st/stm32cubeide_1.9.0/stm32cubeide/plugins/com.st.stm32cube.ide.mcu.externaltools.gnu-tools-for-stm32.10.3-2021.10.win32_1.0.0.202111181127/tools/bin/../lib/gcc/arm-none-eabi/10.3.1/../../../../arm-none-eabi/lib/thumb/v7e-m+fp/hard\libc_nano.a(lib_a-mlock.o)
                0x0000000008009158                __malloc_lock
 .text.__malloc_unlock
                0x0000000008009164        0xc c:/st/stm32cubeide_1.9.0/stm32cubeide/plugins/com.st.stm32cube.ide.mcu.externaltools.gnu-tools-for-stm32.10.3-2021.10.win32_1.0.0.202111181127/tools/bin/../lib/gcc/arm-none-eabi/10.3.1/../../../../arm-none-eabi/lib/thumb/v7e-m+fp/hard\libc_nano.a(lib_a-mlock.o)
                0x0000000008009164                __malloc_unlock
 .text._free_r  0x0000000008009170       0x98 c:/st/stm32cubeide_1.9.0/stm32cubeide/plugins/com.st.stm32cube.ide.mcu.externaltools.gnu-tools-for-stm32.10.3-2021.10.win32_1.0.0.202111181127/tools/bin/../lib/gcc/arm-none-eabi/10.3.1/../../../../arm-none-eabi/lib/thumb/v7e-m+fp/hard\libc_nano.a(lib_a-nano-freer.o)
                0x0000000008009170                _free_r
 *(.glue_7)
 .glue_7        0x0000000008009208        0x0 linker stubs
 *(.glue_7t)
 .glue_7t       0x0000000008009208        0x0 linker stubs
 *(.eh_frame)
 .eh_frame      0x0000000008009208        0x0 c:/st/stm32cubeide_1.9.0/stm32cubeide/plugins/com.st.stm32cube.ide.mcu.externaltools.gnu-tools-for-stm32.10.3-2021.10.win32_1.0.0.202111181127/tools/bin/../lib/gcc/arm-none-eabi/10.3.1/thumb/v7e-m+fp/hard/crtbegin.o
 *(.init)
 .init          0x0000000008009208        0x4 c:/st/stm32cubeide_1.9.0/stm32cubeide/plugins/com.st.stm32cube.ide.mcu.externaltools.gnu-tools-for-stm32.10.3-2021.10.win32_1.0.0.202111181127/tools/bin/../lib/gcc/arm-none-eabi/10.3.1/thumb/v7e-m+fp/hard/crti.o
                0x0000000008009208                _init
 .init          0x000000000800920c        0x8 c:/st/stm32cubeide_1.9.0/stm32cubeide/plugins/com.st.stm32cube.ide.mcu.externaltools.gnu-tools-for-stm32.10.3-2021.10.win32_1.0.0.202111181127/tools/bin/../lib/gcc/arm-none-eabi/10.3.1/thumb/v7e-m+fp/hard/crtn.o
 *(.fini)
 .fini          0x0000000008009214        0x4 c:/st/stm32cubeide_1.9.0/stm32cubeide/plugins/com.st.stm32cube.ide.mcu.externaltools.gnu-tools-for-stm32.10.3-2021.10.win32_1.0.0.202111181127/tools/bin/../lib/gcc/arm-none-eabi/10.3.1/thumb/v7e-m+fp/hard/crti.o
                0x0000000008009214                _fini
 .fini          0x0000000008009218        0x8 c:/st/stm32cubeide_1.9.0/stm32cubeide/plugins/com.st.stm32cube.ide.mcu.externaltools.gnu-tools-for-stm32.10.3-2021.10.win32_1.0.0.202111181127/tools/bin/../lib/gcc/arm-none-eabi/10.3.1/thumb/v7e-m+fp/hard/crtn.o
                0x0000000008009220                . = ALIGN (0x4)
                0x0000000008009220                _etext = .

.vfp11_veneer   0x0000000008009220        0x0
 .vfp11_veneer  0x0000000008009220        0x0 linker stubs

.v4_bx          0x0000000008009220        0x0
 .v4_bx         0x0000000008009220        0x0 linker stubs

.iplt           0x0000000008009220        0x0
 .iplt          0x0000000008009220        0x0 c:/st/stm32cubeide_1.9.0/stm32cubeide/plugins/com.st.stm32cube.ide.mcu.externaltools.gnu-tools-for-stm32.10.3-2021.10.win32_1.0.0.202111181127/tools/bin/../lib/gcc/arm-none-eabi/10.3.1/thumb/v7e-m+fp/hard/crtbegin.o

.rodata         0x0000000008009220      0x2cc
                0x0000000008009220                . = ALIGN (0x4)
 *(.rodata)
 .rodata        0x0000000008009220        0xc ./Core/Src/main.o
 .rodata        0x000000000800922c        0x5 ./Middlewares/Third_Party/FreeRTOS/Source/tasks.o
 *fill*         0x0000000008009231        0x3 
 .rodata        0x0000000008009234        0xd ./Middlewares/Third_Party/FreeRTOS/Source/timers.o
 *(.rodata*)
 *fill*         0x0000000008009241        0x3 
 .rodata.defaultTask_attributes
                0x0000000008009244       0x24 ./Core/Src/main.o
                0x0000000008009244                defaultTask_attributes
 .rodata.duty_cycle_limit
                0x0000000008009268        0x2 ./Core/Src/stm32f4xx_it.o
                0x0000000008009268                duty_cycle_limit
 *fill*         0x000000000800926a        0x2 
 .rodata.AHBPrescTable
                0x000000000800926c       0x10 ./Core/Src/system_stm32f4xx.o
                0x000000000800926c                AHBPrescTable
 .rodata.APBPrescTable
                0x000000000800927c        0x8 ./Core/Src/system_stm32f4xx.o
                0x000000000800927c                APBPrescTable
 .rodata.aucCRCHi
                0x0000000008009284      0x100 ./Core/stModbus/src/rtu/mbutils.o
 .rodata.aucCRCLo
                0x0000000008009384      0x100 ./Core/stModbus/src/rtu/mbutils.o
 .rodata.flagBitshiftOffset.0
                0x0000000008009484        0x8 ./Drivers/STM32F4xx_HAL_Driver/Src/stm32f4xx_hal_dma.o
 .rodata.__sf_fake_stderr
                0x000000000800948c       0x20 c:/st/stm32cubeide_1.9.0/stm32cubeide/plugins/com.st.stm32cube.ide.mcu.externaltools.gnu-tools-for-stm32.10.3-2021.10.win32_1.0.0.202111181127/tools/bin/../lib/gcc/arm-none-eabi/10.3.1/../../../../arm-none-eabi/lib/thumb/v7e-m+fp/hard\libc_nano.a(lib_a-findfp.o)
                0x000000000800948c                __sf_fake_stderr
 .rodata.__sf_fake_stdin
                0x00000000080094ac       0x20 c:/st/stm32cubeide_1.9.0/stm32cubeide/plugins/com.st.stm32cube.ide.mcu.externaltools.gnu-tools-for-stm32.10.3-2021.10.win32_1.0.0.202111181127/tools/bin/../lib/gcc/arm-none-eabi/10.3.1/../../../../arm-none-eabi/lib/thumb/v7e-m+fp/hard\libc_nano.a(lib_a-findfp.o)
                0x00000000080094ac                __sf_fake_stdin
 .rodata.__sf_fake_stdout
                0x00000000080094cc       0x20 c:/st/stm32cubeide_1.9.0/stm32cubeide/plugins/com.st.stm32cube.ide.mcu.externaltools.gnu-tools-for-stm32.10.3-2021.10.win32_1.0.0.202111181127/tools/bin/../lib/gcc/arm-none-eabi/10.3.1/../../../../arm-none-eabi/lib/thumb/v7e-m+fp/hard\libc_nano.a(lib_a-findfp.o)
                0x00000000080094cc                __sf_fake_stdout
                0x00000000080094ec                . = ALIGN (0x4)

.ARM.extab      0x00000000080094ec        0x0
                0x00000000080094ec                . = ALIGN (0x4)
 *(.ARM.extab* .gnu.linkonce.armextab.*)
                0x00000000080094ec                . = ALIGN (0x4)

.ARM            0x00000000080094ec        0x8
                0x00000000080094ec                . = ALIGN (0x4)
                0x00000000080094ec                __exidx_start = .
 *(.ARM.exidx*)
 .ARM.exidx     0x00000000080094ec        0x8 c:/st/stm32cubeide_1.9.0/stm32cubeide/plugins/com.st.stm32cube.ide.mcu.externaltools.gnu-tools-for-stm32.10.3-2021.10.win32_1.0.0.202111181127/tools/bin/../lib/gcc/arm-none-eabi/10.3.1/thumb/v7e-m+fp/hard\libgcc.a(_udivmoddi4.o)
                0x00000000080094f4                __exidx_end = .
                0x00000000080094f4                . = ALIGN (0x4)

.rel.dyn        0x00000000080094f4        0x0
 .rel.iplt      0x00000000080094f4        0x0 c:/st/stm32cubeide_1.9.0/stm32cubeide/plugins/com.st.stm32cube.ide.mcu.externaltools.gnu-tools-for-stm32.10.3-2021.10.win32_1.0.0.202111181127/tools/bin/../lib/gcc/arm-none-eabi/10.3.1/thumb/v7e-m+fp/hard/crtbegin.o

.preinit_array  0x00000000080094f4        0x0
                0x00000000080094f4                . = ALIGN (0x4)
                0x00000000080094f4                PROVIDE (__preinit_array_start = .)
 *(.preinit_array*)
                0x00000000080094f4                PROVIDE (__preinit_array_end = .)
                0x00000000080094f4                . = ALIGN (0x4)

.init_array     0x00000000080094f4        0x4
                0x00000000080094f4                . = ALIGN (0x4)
                0x00000000080094f4                PROVIDE (__init_array_start = .)
 *(SORT_BY_NAME(.init_array.*))
 *(.init_array*)
 .init_array    0x00000000080094f4        0x4 c:/st/stm32cubeide_1.9.0/stm32cubeide/plugins/com.st.stm32cube.ide.mcu.externaltools.gnu-tools-for-stm32.10.3-2021.10.win32_1.0.0.202111181127/tools/bin/../lib/gcc/arm-none-eabi/10.3.1/thumb/v7e-m+fp/hard/crtbegin.o
                0x00000000080094f8                PROVIDE (__init_array_end = .)
                0x00000000080094f8                . = ALIGN (0x4)

.fini_array     0x00000000080094f8        0x4
                0x00000000080094f8                . = ALIGN (0x4)
                [!provide]                        PROVIDE (__fini_array_start = .)
 *(SORT_BY_NAME(.fini_array.*))
 *(.fini_array*)
 .fini_array    0x00000000080094f8        0x4 c:/st/stm32cubeide_1.9.0/stm32cubeide/plugins/com.st.stm32cube.ide.mcu.externaltools.gnu-tools-for-stm32.10.3-2021.10.win32_1.0.0.202111181127/tools/bin/../lib/gcc/arm-none-eabi/10.3.1/thumb/v7e-m+fp/hard/crtbegin.o
                [!provide]                        PROVIDE (__fini_array_end = .)
                0x00000000080094fc                . = ALIGN (0x4)
                0x00000000080094fc                _sidata = LOADADDR (.data)

.data           0x0000000020000000       0xb0 load address 0x00000000080094fc
                0x0000000020000000                . = ALIGN (0x4)
                0x0000000020000000                _sdata = .
 *(.data)
 *(.data*)
 .data.modbus_registers_buffer
                0x0000000020000000       0x3c ./Core/Src/comm_modbus.o
                0x0000000020000000                modbus_registers_buffer
 .data.SystemCoreClock
                0x000000002000003c        0x4 ./Core/Src/system_stm32f4xx.o
                0x000000002000003c                SystemCoreClock
 .data.uwTickPrio
                0x0000000020000040        0x4 ./Drivers/STM32F4xx_HAL_Driver/Src/stm32f4xx_hal.o
                0x0000000020000040                uwTickPrio
 .data.uwTickFreq
                0x0000000020000044        0x1 ./Drivers/STM32F4xx_HAL_Driver/Src/stm32f4xx_hal.o
                0x0000000020000044                uwTickFreq
 *fill*         0x0000000020000045        0x3 
 .data.uxCriticalNesting
                0x0000000020000048        0x4 ./Middlewares/Third_Party/FreeRTOS/Source/portable/GCC/ARM_CM4F/port.o
 .data._impure_ptr
                0x000000002000004c        0x4 c:/st/stm32cubeide_1.9.0/stm32cubeide/plugins/com.st.stm32cube.ide.mcu.externaltools.gnu-tools-for-stm32.10.3-2021.10.win32_1.0.0.202111181127/tools/bin/../lib/gcc/arm-none-eabi/10.3.1/../../../../arm-none-eabi/lib/thumb/v7e-m+fp/hard\libc_nano.a(lib_a-impure.o)
                0x000000002000004c                _impure_ptr
 .data.impure_data
                0x0000000020000050       0x60 c:/st/stm32cubeide_1.9.0/stm32cubeide/plugins/com.st.stm32cube.ide.mcu.externaltools.gnu-tools-for-stm32.10.3-2021.10.win32_1.0.0.202111181127/tools/bin/../lib/gcc/arm-none-eabi/10.3.1/../../../../arm-none-eabi/lib/thumb/v7e-m+fp/hard\libc_nano.a(lib_a-impure.o)
 *(.RamFunc)
 *(.RamFunc*)
                0x00000000200000b0                . = ALIGN (0x4)
                0x00000000200000b0                _edata = .

.igot.plt       0x00000000200000b0        0x0 load address 0x00000000080095ac
 .igot.plt      0x00000000200000b0        0x0 c:/st/stm32cubeide_1.9.0/stm32cubeide/plugins/com.st.stm32cube.ide.mcu.externaltools.gnu-tools-for-stm32.10.3-2021.10.win32_1.0.0.202111181127/tools/bin/../lib/gcc/arm-none-eabi/10.3.1/thumb/v7e-m+fp/hard/crtbegin.o
                0x00000000200000b0                . = ALIGN (0x4)

.bss            0x00000000200000b0     0x5120 load address 0x00000000080095ac
                0x00000000200000b0                _sbss = .
                0x00000000200000b0                __bss_start__ = _sbss
 *(.bss)
 .bss           0x00000000200000b0       0x1c c:/st/stm32cubeide_1.9.0/stm32cubeide/plugins/com.st.stm32cube.ide.mcu.externaltools.gnu-tools-for-stm32.10.3-2021.10.win32_1.0.0.202111181127/tools/bin/../lib/gcc/arm-none-eabi/10.3.1/thumb/v7e-m+fp/hard/crtbegin.o
 *(.bss*)
 .bss.modbus    0x00000000200000cc        0x1 ./Core/Src/comm_modbus.o
                0x00000000200000cc                modbus
 *fill*         0x00000000200000cd        0x3 
 .bss.mb_config
                0x00000000200000d0       0x28 ./Core/Src/comm_modbus.o
                0x00000000200000d0                mb_config
 .bss.UART_RX_buf
                0x00000000200000f8       0xc8 ./Core/Src/comm_modbus.o
                0x00000000200000f8                UART_RX_buf
 .bss.UART_RX_FIFO
                0x00000000200001c0      0x1f4 ./Core/Src/comm_modbus.o
                0x00000000200001c0                UART_RX_FIFO
 .bss.fifo_oldpos
                0x00000000200003b4        0x2 ./Core/Src/comm_modbus.o
                0x00000000200003b4                fifo_oldpos
 .bss.fifo_newpos
                0x00000000200003b6        0x2 ./Core/Src/comm_modbus.o
                0x00000000200003b6                fifo_newpos
 .bss.fifo_read_pos
                0x00000000200003b8        0x2 ./Core/Src/comm_modbus.o
                0x00000000200003b8                fifo_read_pos
 *fill*         0x00000000200003ba        0x2 
 .bss.modbusSendBufer
                0x00000000200003bc       0x64 ./Core/Src/comm_modbus.o
                0x00000000200003bc                modbusSendBufer
 .bss.modbusReceiveBufer
                0x0000000020000420       0x64 ./Core/Src/comm_modbus.o
                0x0000000020000420                modbusReceiveBufer
 .bss.inverter_error
                0x0000000020000484        0x1 ./Core/Src/inverter.o
                0x0000000020000484                inverter_error
 *fill*         0x0000000020000485        0x3 
 .bss.hadc1     0x0000000020000488       0x48 ./Core/Src/main.o
                0x0000000020000488                hadc1
 .bss.hdma_adc1
                0x00000000200004d0       0x60 ./Core/Src/main.o
                0x00000000200004d0                hdma_adc1
 .bss.htim1     0x0000000020000530       0x48 ./Core/Src/main.o
                0x0000000020000530                htim1
 .bss.htim2     0x0000000020000578       0x48 ./Core/Src/main.o
                0x0000000020000578                htim2
 .bss.huart1    0x00000000200005c0       0x44 ./Core/Src/main.o
                0x00000000200005c0                huart1
 .bss.huart2    0x0000000020000604       0x44 ./Core/Src/main.o
                0x0000000020000604                huart2
 .bss.hdma_usart1_rx
                0x0000000020000648       0x60 ./Core/Src/main.o
                0x0000000020000648                hdma_usart1_rx
 .bss.hdma_usart1_tx
                0x00000000200006a8       0x60 ./Core/Src/main.o
                0x00000000200006a8                hdma_usart1_tx
 .bss.defaultTaskHandle
                0x0000000020000708        0x4 ./Core/Src/main.o
                0x0000000020000708                defaultTaskHandle
 .bss.inv_control_mode
                0x000000002000070c        0x1 ./Core/Src/stm32f4xx_it.o
                0x000000002000070c                inv_control_mode
 *fill*         0x000000002000070d        0x3 
 .bss.speed_setpoint_deg_s
                0x0000000020000710        0x4 ./Core/Src/stm32f4xx_it.o
                0x0000000020000710                speed_setpoint_deg_s
 .bss.duty_cycle
                0x0000000020000714        0x4 ./Core/Src/stm32f4xx_it.o
                0x0000000020000714                duty_cycle
 .bss.torque_setpoint
                0x0000000020000718        0x4 ./Core/Src/stm32f4xx_it.o
                0x0000000020000718                torque_setpoint
 .bss.g_mbusContext
                0x000000002000071c       0x94 ./Core/stModbus/src/modbus.o
                0x000000002000071c                g_mbusContext
 .bss.g_userError
                0x00000000200007b0        0x1 ./Core/stModbus/src/modbus.o
                0x00000000200007b0                g_userError
 *fill*         0x00000000200007b1        0x3 
 .bss.uwTick    0x00000000200007b4        0x4 ./Drivers/STM32F4xx_HAL_Driver/Src/stm32f4xx_hal.o
                0x00000000200007b4                uwTick
 .bss.KernelState
                0x00000000200007b8        0x4 ./Middlewares/Third_Party/FreeRTOS/Source/CMSIS_RTOS_V2/cmsis_os2.o
 .bss.Idle_TCB.3
                0x00000000200007bc       0xbc ./Middlewares/Third_Party/FreeRTOS/Source/CMSIS_RTOS_V2/cmsis_os2.o
 .bss.Idle_Stack.2
                0x0000000020000878      0x200 ./Middlewares/Third_Party/FreeRTOS/Source/CMSIS_RTOS_V2/cmsis_os2.o
 .bss.Timer_TCB.1
                0x0000000020000a78       0xbc ./Middlewares/Third_Party/FreeRTOS/Source/CMSIS_RTOS_V2/cmsis_os2.o
 .bss.Timer_Stack.0
                0x0000000020000b34      0x400 ./Middlewares/Third_Party/FreeRTOS/Source/CMSIS_RTOS_V2/cmsis_os2.o
 .bss.xQueueRegistry
                0x0000000020000f34       0x40 ./Middlewares/Third_Party/FreeRTOS/Source/queue.o
                0x0000000020000f34                xQueueRegistry
 .bss.pxCurrentTCB
                0x0000000020000f74        0x4 ./Middlewares/Third_Party/FreeRTOS/Source/tasks.o
                0x0000000020000f74                pxCurrentTCB
 .bss.pxReadyTasksLists
                0x0000000020000f78      0x460 ./Middlewares/Third_Party/FreeRTOS/Source/tasks.o
 .bss.xDelayedTaskList1
                0x00000000200013d8       0x14 ./Middlewares/Third_Party/FreeRTOS/Source/tasks.o
 .bss.xDelayedTaskList2
                0x00000000200013ec       0x14 ./Middlewares/Third_Party/FreeRTOS/Source/tasks.o
 .bss.pxDelayedTaskList
                0x0000000020001400        0x4 ./Middlewares/Third_Party/FreeRTOS/Source/tasks.o
 .bss.pxOverflowDelayedTaskList
                0x0000000020001404        0x4 ./Middlewares/Third_Party/FreeRTOS/Source/tasks.o
 .bss.xPendingReadyList
                0x0000000020001408       0x14 ./Middlewares/Third_Party/FreeRTOS/Source/tasks.o
 .bss.xTasksWaitingTermination
                0x000000002000141c       0x14 ./Middlewares/Third_Party/FreeRTOS/Source/tasks.o
 .bss.uxDeletedTasksWaitingCleanUp
                0x0000000020001430        0x4 ./Middlewares/Third_Party/FreeRTOS/Source/tasks.o
 .bss.xSuspendedTaskList
                0x0000000020001434       0x14 ./Middlewares/Third_Party/FreeRTOS/Source/tasks.o
 .bss.uxCurrentNumberOfTasks
                0x0000000020001448        0x4 ./Middlewares/Third_Party/FreeRTOS/Source/tasks.o
 .bss.xTickCount
                0x000000002000144c        0x4 ./Middlewares/Third_Party/FreeRTOS/Source/tasks.o
 .bss.uxTopReadyPriority
                0x0000000020001450        0x4 ./Middlewares/Third_Party/FreeRTOS/Source/tasks.o
 .bss.xSchedulerRunning
                0x0000000020001454        0x4 ./Middlewares/Third_Party/FreeRTOS/Source/tasks.o
 .bss.xPendedTicks
                0x0000000020001458        0x4 ./Middlewares/Third_Party/FreeRTOS/Source/tasks.o
 .bss.xYieldPending
                0x000000002000145c        0x4 ./Middlewares/Third_Party/FreeRTOS/Source/tasks.o
 .bss.xNumOfOverflows
                0x0000000020001460        0x4 ./Middlewares/Third_Party/FreeRTOS/Source/tasks.o
 .bss.uxTaskNumber
                0x0000000020001464        0x4 ./Middlewares/Third_Party/FreeRTOS/Source/tasks.o
 .bss.xNextTaskUnblockTime
                0x0000000020001468        0x4 ./Middlewares/Third_Party/FreeRTOS/Source/tasks.o
 .bss.xIdleTaskHandle
                0x000000002000146c        0x4 ./Middlewares/Third_Party/FreeRTOS/Source/tasks.o
 .bss.uxSchedulerSuspended
                0x0000000020001470        0x4 ./Middlewares/Third_Party/FreeRTOS/Source/tasks.o
 .bss.xActiveTimerList1
                0x0000000020001474       0x14 ./Middlewares/Third_Party/FreeRTOS/Source/timers.o
 .bss.xActiveTimerList2
                0x0000000020001488       0x14 ./Middlewares/Third_Party/FreeRTOS/Source/timers.o
 .bss.pxCurrentTimerList
                0x000000002000149c        0x4 ./Middlewares/Third_Party/FreeRTOS/Source/timers.o
 .bss.pxOverflowTimerList
                0x00000000200014a0        0x4 ./Middlewares/Third_Party/FreeRTOS/Source/timers.o
 .bss.xTimerQueue
                0x00000000200014a4        0x4 ./Middlewares/Third_Party/FreeRTOS/Source/timers.o
 .bss.xTimerTaskHandle
                0x00000000200014a8        0x4 ./Middlewares/Third_Party/FreeRTOS/Source/timers.o
 .bss.xLastTime.2
                0x00000000200014ac        0x4 ./Middlewares/Third_Party/FreeRTOS/Source/timers.o
 .bss.ucStaticTimerQueueStorage.1
                0x00000000200014b0       0xa0 ./Middlewares/Third_Party/FreeRTOS/Source/timers.o
 .bss.xStaticTimerQueue.0
                0x0000000020001550       0x50 ./Middlewares/Third_Party/FreeRTOS/Source/timers.o
 .bss.ucMaxSysCallPriority
                0x00000000200015a0        0x1 ./Middlewares/Third_Party/FreeRTOS/Source/portable/GCC/ARM_CM4F/port.o
 *fill*         0x00000000200015a1        0x3 
 .bss.ulMaxPRIGROUPValue
                0x00000000200015a4        0x4 ./Middlewares/Third_Party/FreeRTOS/Source/portable/GCC/ARM_CM4F/port.o
 .bss.ucHeap    0x00000000200015a8     0x3c00 ./Middlewares/Third_Party/FreeRTOS/Source/portable/MemMang/heap_4.o
 .bss.xStart    0x00000000200051a8        0x8 ./Middlewares/Third_Party/FreeRTOS/Source/portable/MemMang/heap_4.o
 .bss.pxEnd     0x00000000200051b0        0x4 ./Middlewares/Third_Party/FreeRTOS/Source/portable/MemMang/heap_4.o
 .bss.xFreeBytesRemaining
                0x00000000200051b4        0x4 ./Middlewares/Third_Party/FreeRTOS/Source/portable/MemMang/heap_4.o
 .bss.xMinimumEverFreeBytesRemaining
                0x00000000200051b8        0x4 ./Middlewares/Third_Party/FreeRTOS/Source/portable/MemMang/heap_4.o
 .bss.xNumberOfSuccessfulAllocations
                0x00000000200051bc        0x4 ./Middlewares/Third_Party/FreeRTOS/Source/portable/MemMang/heap_4.o
 .bss.xNumberOfSuccessfulFrees
                0x00000000200051c0        0x4 ./Middlewares/Third_Party/FreeRTOS/Source/portable/MemMang/heap_4.o
 .bss.xBlockAllocatedBit
                0x00000000200051c4        0x4 ./Middlewares/Third_Party/FreeRTOS/Source/portable/MemMang/heap_4.o
 .bss.__lock___malloc_recursive_mutex
                0x00000000200051c8        0x1 c:/st/stm32cubeide_1.9.0/stm32cubeide/plugins/com.st.stm32cube.ide.mcu.externaltools.gnu-tools-for-stm32.10.3-2021.10.win32_1.0.0.202111181127/tools/bin/../lib/gcc/arm-none-eabi/10.3.1/../../../../arm-none-eabi/lib/thumb/v7e-m+fp/hard\libc_nano.a(lib_a-lock.o)
                0x00000000200051c8                __lock___malloc_recursive_mutex
 *fill*         0x00000000200051c9        0x3 
 .bss.__malloc_free_list
                0x00000000200051cc        0x4 c:/st/stm32cubeide_1.9.0/stm32cubeide/plugins/com.st.stm32cube.ide.mcu.externaltools.gnu-tools-for-stm32.10.3-2021.10.win32_1.0.0.202111181127/tools/bin/../lib/gcc/arm-none-eabi/10.3.1/../../../../arm-none-eabi/lib/thumb/v7e-m+fp/hard\libc_nano.a(lib_a-nano-mallocr.o)
                0x00000000200051cc                __malloc_free_list
 *(COMMON)
                0x00000000200051d0                . = ALIGN (0x4)
                0x00000000200051d0                _ebss = .
                0x00000000200051d0                __bss_end__ = _ebss

._user_heap_stack
                0x00000000200051d0      0x600 load address 0x00000000080095ac
                0x00000000200051d0                . = ALIGN (0x8)
                [!provide]                        PROVIDE (end = .)
                0x00000000200051d0                PROVIDE (_end = .)
                0x00000000200053d0                . = (. + _Min_Heap_Size)
 *fill*         0x00000000200051d0      0x200 
                0x00000000200057d0                . = (. + _Min_Stack_Size)
 *fill*         0x00000000200053d0      0x400 
                0x00000000200057d0                . = ALIGN (0x8)

/DISCARD/
 libc.a(*)
 libm.a(*)
 libgcc.a(*)

.ARM.attributes
                0x0000000000000000       0x30
 *(.ARM.attributes)
 .ARM.attributes
                0x0000000000000000       0x1e c:/st/stm32cubeide_1.9.0/stm32cubeide/plugins/com.st.stm32cube.ide.mcu.externaltools.gnu-tools-for-stm32.10.3-2021.10.win32_1.0.0.202111181127/tools/bin/../lib/gcc/arm-none-eabi/10.3.1/thumb/v7e-m+fp/hard/crti.o
 .ARM.attributes
                0x000000000000001e       0x34 c:/st/stm32cubeide_1.9.0/stm32cubeide/plugins/com.st.stm32cube.ide.mcu.externaltools.gnu-tools-for-stm32.10.3-2021.10.win32_1.0.0.202111181127/tools/bin/../lib/gcc/arm-none-eabi/10.3.1/thumb/v7e-m+fp/hard/crtbegin.o
 .ARM.attributes
                0x0000000000000052       0x34 ./Core/Src/comm_modbus.o
 .ARM.attributes
                0x0000000000000086       0x34 ./Core/Src/inverter.o
 .ARM.attributes
                0x00000000000000ba       0x34 ./Core/Src/main.o
 .ARM.attributes
                0x00000000000000ee       0x34 ./Core/Src/stm32f4xx_hal_msp.o
 .ARM.attributes
                0x0000000000000122       0x34 ./Core/Src/stm32f4xx_it.o
 .ARM.attributes
                0x0000000000000156       0x34 ./Core/Src/system_stm32f4xx.o
 .ARM.attributes
                0x000000000000018a       0x21 ./Core/Startup/startup_stm32f401ccux.o
 .ARM.attributes
                0x00000000000001ab       0x34 ./Core/stModbus/src/modbus.o
 .ARM.attributes
                0x00000000000001df       0x34 ./Core/stModbus/src/rtu/mbutils.o
 .ARM.attributes
                0x0000000000000213       0x34 ./Drivers/STM32F4xx_HAL_Driver/Src/stm32f4xx_hal.o
 .ARM.attributes
                0x0000000000000247       0x34 ./Drivers/STM32F4xx_HAL_Driver/Src/stm32f4xx_hal_adc.o
 .ARM.attributes
                0x000000000000027b       0x34 ./Drivers/STM32F4xx_HAL_Driver/Src/stm32f4xx_hal_cortex.o
 .ARM.attributes
                0x00000000000002af       0x34 ./Drivers/STM32F4xx_HAL_Driver/Src/stm32f4xx_hal_dma.o
 .ARM.attributes
                0x00000000000002e3       0x34 ./Drivers/STM32F4xx_HAL_Driver/Src/stm32f4xx_hal_gpio.o
 .ARM.attributes
                0x0000000000000317       0x34 ./Drivers/STM32F4xx_HAL_Driver/Src/stm32f4xx_hal_rcc.o
 .ARM.attributes
                0x000000000000034b       0x34 ./Drivers/STM32F4xx_HAL_Driver/Src/stm32f4xx_hal_tim.o
 .ARM.attributes
                0x000000000000037f       0x34 ./Drivers/STM32F4xx_HAL_Driver/Src/stm32f4xx_hal_tim_ex.o
 .ARM.attributes
                0x00000000000003b3       0x34 ./Drivers/STM32F4xx_HAL_Driver/Src/stm32f4xx_hal_uart.o
 .ARM.attributes
                0x00000000000003e7       0x34 ./Middlewares/Third_Party/FreeRTOS/Source/CMSIS_RTOS_V2/cmsis_os2.o
 .ARM.attributes
                0x000000000000041b       0x34 ./Middlewares/Third_Party/FreeRTOS/Source/list.o
 .ARM.attributes
                0x000000000000044f       0x34 ./Middlewares/Third_Party/FreeRTOS/Source/queue.o
 .ARM.attributes
                0x0000000000000483       0x34 ./Middlewares/Third_Party/FreeRTOS/Source/tasks.o
 .ARM.attributes
                0x00000000000004b7       0x34 ./Middlewares/Third_Party/FreeRTOS/Source/timers.o
 .ARM.attributes
                0x00000000000004eb       0x34 ./Middlewares/Third_Party/FreeRTOS/Source/portable/GCC/ARM_CM4F/port.o
 .ARM.attributes
                0x000000000000051f       0x34 ./Middlewares/Third_Party/FreeRTOS/Source/portable/MemMang/heap_4.o
 .ARM.attributes
                0x0000000000000553       0x34 c:/st/stm32cubeide_1.9.0/stm32cubeide/plugins/com.st.stm32cube.ide.mcu.externaltools.gnu-tools-for-stm32.10.3-2021.10.win32_1.0.0.202111181127/tools/bin/../lib/gcc/arm-none-eabi/10.3.1/../../../../arm-none-eabi/lib/thumb/v7e-m+fp/hard\libc_nano.a(lib_a-findfp.o)
 .ARM.attributes
                0x0000000000000587       0x34 c:/st/stm32cubeide_1.9.0/stm32cubeide/plugins/com.st.stm32cube.ide.mcu.externaltools.gnu-tools-for-stm32.10.3-2021.10.win32_1.0.0.202111181127/tools/bin/../lib/gcc/arm-none-eabi/10.3.1/../../../../arm-none-eabi/lib/thumb/v7e-m+fp/hard\libc_nano.a(lib_a-impure.o)
 .ARM.attributes
                0x00000000000005bb       0x34 c:/st/stm32cubeide_1.9.0/stm32cubeide/plugins/com.st.stm32cube.ide.mcu.externaltools.gnu-tools-for-stm32.10.3-2021.10.win32_1.0.0.202111181127/tools/bin/../lib/gcc/arm-none-eabi/10.3.1/../../../../arm-none-eabi/lib/thumb/v7e-m+fp/hard\libc_nano.a(lib_a-init.o)
 .ARM.attributes
                0x00000000000005ef       0x34 c:/st/stm32cubeide_1.9.0/stm32cubeide/plugins/com.st.stm32cube.ide.mcu.externaltools.gnu-tools-for-stm32.10.3-2021.10.win32_1.0.0.202111181127/tools/bin/../lib/gcc/arm-none-eabi/10.3.1/../../../../arm-none-eabi/lib/thumb/v7e-m+fp/hard\libc_nano.a(lib_a-lock.o)
 .ARM.attributes
                0x0000000000000623       0x34 c:/st/stm32cubeide_1.9.0/stm32cubeide/plugins/com.st.stm32cube.ide.mcu.externaltools.gnu-tools-for-stm32.10.3-2021.10.win32_1.0.0.202111181127/tools/bin/../lib/gcc/arm-none-eabi/10.3.1/../../../../arm-none-eabi/lib/thumb/v7e-m+fp/hard\libc_nano.a(lib_a-memcpy-stub.o)
 .ARM.attributes
                0x0000000000000657       0x34 c:/st/stm32cubeide_1.9.0/stm32cubeide/plugins/com.st.stm32cube.ide.mcu.externaltools.gnu-tools-for-stm32.10.3-2021.10.win32_1.0.0.202111181127/tools/bin/../lib/gcc/arm-none-eabi/10.3.1/../../../../arm-none-eabi/lib/thumb/v7e-m+fp/hard\libc_nano.a(lib_a-memset.o)
 .ARM.attributes
                0x000000000000068b       0x34 c:/st/stm32cubeide_1.9.0/stm32cubeide/plugins/com.st.stm32cube.ide.mcu.externaltools.gnu-tools-for-stm32.10.3-2021.10.win32_1.0.0.202111181127/tools/bin/../lib/gcc/arm-none-eabi/10.3.1/../../../../arm-none-eabi/lib/thumb/v7e-m+fp/hard\libc_nano.a(lib_a-nano-mallocr.o)
 .ARM.attributes
                0x00000000000006bf       0x34 c:/st/stm32cubeide_1.9.0/stm32cubeide/plugins/com.st.stm32cube.ide.mcu.externaltools.gnu-tools-for-stm32.10.3-2021.10.win32_1.0.0.202111181127/tools/bin/../lib/gcc/arm-none-eabi/10.3.1/../../../../arm-none-eabi/lib/thumb/v7e-m+fp/hard\libc_nano.a(lib_a-reent.o)
 .ARM.attributes
                0x00000000000006f3       0x34 c:/st/stm32cubeide_1.9.0/stm32cubeide/plugins/com.st.stm32cube.ide.mcu.externaltools.gnu-tools-for-stm32.10.3-2021.10.win32_1.0.0.202111181127/tools/bin/../lib/gcc/arm-none-eabi/10.3.1/../../../../arm-none-eabi/lib/thumb/v7e-m+fp/hard\libc_nano.a(lib_a-mlock.o)
 .ARM.attributes
                0x0000000000000727       0x34 c:/st/stm32cubeide_1.9.0/stm32cubeide/plugins/com.st.stm32cube.ide.mcu.externaltools.gnu-tools-for-stm32.10.3-2021.10.win32_1.0.0.202111181127/tools/bin/../lib/gcc/arm-none-eabi/10.3.1/../../../../arm-none-eabi/lib/thumb/v7e-m+fp/hard\libc_nano.a(lib_a-nano-freer.o)
 .ARM.attributes
                0x000000000000075b       0x1e c:/st/stm32cubeide_1.9.0/stm32cubeide/plugins/com.st.stm32cube.ide.mcu.externaltools.gnu-tools-for-stm32.10.3-2021.10.win32_1.0.0.202111181127/tools/bin/../lib/gcc/arm-none-eabi/10.3.1/thumb/v7e-m+fp/hard\libgcc.a(_aeabi_uldivmod.o)
 .ARM.attributes
                0x0000000000000779       0x34 c:/st/stm32cubeide_1.9.0/stm32cubeide/plugins/com.st.stm32cube.ide.mcu.externaltools.gnu-tools-for-stm32.10.3-2021.10.win32_1.0.0.202111181127/tools/bin/../lib/gcc/arm-none-eabi/10.3.1/thumb/v7e-m+fp/hard\libgcc.a(_udivmoddi4.o)
 .ARM.attributes
                0x00000000000007ad       0x1e c:/st/stm32cubeide_1.9.0/stm32cubeide/plugins/com.st.stm32cube.ide.mcu.externaltools.gnu-tools-for-stm32.10.3-2021.10.win32_1.0.0.202111181127/tools/bin/../lib/gcc/arm-none-eabi/10.3.1/thumb/v7e-m+fp/hard\libgcc.a(_dvmd_tls.o)
 .ARM.attributes
                0x00000000000007cb       0x1e c:/st/stm32cubeide_1.9.0/stm32cubeide/plugins/com.st.stm32cube.ide.mcu.externaltools.gnu-tools-for-stm32.10.3-2021.10.win32_1.0.0.202111181127/tools/bin/../lib/gcc/arm-none-eabi/10.3.1/thumb/v7e-m+fp/hard/crtn.o
OUTPUT(servo401.elf elf32-littlearm)
LOAD linker stubs
LOAD c:/st/stm32cubeide_1.9.0/stm32cubeide/plugins/com.st.stm32cube.ide.mcu.externaltools.gnu-tools-for-stm32.10.3-2021.10.win32_1.0.0.202111181127/tools/bin/../lib/gcc/arm-none-eabi/10.3.1/../../../../arm-none-eabi/lib/thumb/v7e-m+fp/hard\libc.a
LOAD c:/st/stm32cubeide_1.9.0/stm32cubeide/plugins/com.st.stm32cube.ide.mcu.externaltools.gnu-tools-for-stm32.10.3-2021.10.win32_1.0.0.202111181127/tools/bin/../lib/gcc/arm-none-eabi/10.3.1/../../../../arm-none-eabi/lib/thumb/v7e-m+fp/hard\libm.a
LOAD c:/st/stm32cubeide_1.9.0/stm32cubeide/plugins/com.st.stm32cube.ide.mcu.externaltools.gnu-tools-for-stm32.10.3-2021.10.win32_1.0.0.202111181127/tools/bin/../lib/gcc/arm-none-eabi/10.3.1/thumb/v7e-m+fp/hard\libgcc.a

.debug_info     0x0000000000000000    0x1c8d9
 .debug_info    0x0000000000000000      0xb86 ./Core/Src/comm_modbus.o
 .debug_info    0x0000000000000b86      0xa99 ./Core/Src/inverter.o
 .debug_info    0x000000000000161f     0x1c82 ./Core/Src/main.o
 .debug_info    0x00000000000032a1     0x13ce ./Core/Src/stm32f4xx_hal_msp.o
 .debug_info    0x000000000000466f      0xc1f ./Core/Src/stm32f4xx_it.o
 .debug_info    0x000000000000528e      0x54f ./Core/Src/system_stm32f4xx.o
 .debug_info    0x00000000000057dd       0x22 ./Core/Startup/startup_stm32f401ccux.o
 .debug_info    0x00000000000057ff      0x9ec ./Core/stModbus/src/modbus.o
 .debug_info    0x00000000000061eb      0x15c ./Core/stModbus/src/rtu/mbutils.o
 .debug_info    0x0000000000006347      0x906 ./Drivers/STM32F4xx_HAL_Driver/Src/stm32f4xx_hal.o
 .debug_info    0x0000000000006c4d      0xd68 ./Drivers/STM32F4xx_HAL_Driver/Src/stm32f4xx_hal_adc.o
 .debug_info    0x00000000000079b5      0xd85 ./Drivers/STM32F4xx_HAL_Driver/Src/stm32f4xx_hal_cortex.o
 .debug_info    0x000000000000873a      0x947 ./Drivers/STM32F4xx_HAL_Driver/Src/stm32f4xx_hal_dma.o
 .debug_info    0x0000000000009081      0x78e ./Drivers/STM32F4xx_HAL_Driver/Src/stm32f4xx_hal_gpio.o
 .debug_info    0x000000000000980f      0x98c ./Drivers/STM32F4xx_HAL_Driver/Src/stm32f4xx_hal_rcc.o
 .debug_info    0x000000000000a19b     0x2bb6 ./Drivers/STM32F4xx_HAL_Driver/Src/stm32f4xx_hal_tim.o
 .debug_info    0x000000000000cd51     0x15d8 ./Drivers/STM32F4xx_HAL_Driver/Src/stm32f4xx_hal_tim_ex.o
 .debug_info    0x000000000000e329     0x31b4 ./Drivers/STM32F4xx_HAL_Driver/Src/stm32f4xx_hal_uart.o
 .debug_info    0x00000000000114dd     0x4291 ./Middlewares/Third_Party/FreeRTOS/Source/CMSIS_RTOS_V2/cmsis_os2.o
 .debug_info    0x000000000001576e      0x2d1 ./Middlewares/Third_Party/FreeRTOS/Source/list.o
 .debug_info    0x0000000000015a3f     0x1cbf ./Middlewares/Third_Party/FreeRTOS/Source/queue.o
 .debug_info    0x00000000000176fe     0x2b40 ./Middlewares/Third_Party/FreeRTOS/Source/tasks.o
 .debug_info    0x000000000001a23e     0x1c89 ./Middlewares/Third_Party/FreeRTOS/Source/timers.o
 .debug_info    0x000000000001bec7      0x507 ./Middlewares/Third_Party/FreeRTOS/Source/portable/GCC/ARM_CM4F/port.o
 .debug_info    0x000000000001c3ce      0x50b ./Middlewares/Third_Party/FreeRTOS/Source/portable/MemMang/heap_4.o

.debug_abbrev   0x0000000000000000     0x3bb5
 .debug_abbrev  0x0000000000000000      0x290 ./Core/Src/comm_modbus.o
 .debug_abbrev  0x0000000000000290      0x1fb ./Core/Src/inverter.o
 .debug_abbrev  0x000000000000048b      0x30d ./Core/Src/main.o
 .debug_abbrev  0x0000000000000798      0x27f ./Core/Src/stm32f4xx_hal_msp.o
 .debug_abbrev  0x0000000000000a17      0x21e ./Core/Src/stm32f4xx_it.o
 .debug_abbrev  0x0000000000000c35      0x116 ./Core/Src/system_stm32f4xx.o
 .debug_abbrev  0x0000000000000d4b       0x12 ./Core/Startup/startup_stm32f401ccux.o
 .debug_abbrev  0x0000000000000d5d      0x281 ./Core/stModbus/src/modbus.o
 .debug_abbrev  0x0000000000000fde       0xad ./Core/stModbus/src/rtu/mbutils.o
 .debug_abbrev  0x000000000000108b      0x23e ./Drivers/STM32F4xx_HAL_Driver/Src/stm32f4xx_hal.o
 .debug_abbrev  0x00000000000012c9      0x204 ./Drivers/STM32F4xx_HAL_Driver/Src/stm32f4xx_hal_adc.o
 .debug_abbrev  0x00000000000014cd      0x316 ./Drivers/STM32F4xx_HAL_Driver/Src/stm32f4xx_hal_cortex.o
 .debug_abbrev  0x00000000000017e3      0x21b ./Drivers/STM32F4xx_HAL_Driver/Src/stm32f4xx_hal_dma.o
 .debug_abbrev  0x00000000000019fe      0x1c4 ./Drivers/STM32F4xx_HAL_Driver/Src/stm32f4xx_hal_gpio.o
 .debug_abbrev  0x0000000000001bc2      0x2aa ./Drivers/STM32F4xx_HAL_Driver/Src/stm32f4xx_hal_rcc.o
 .debug_abbrev  0x0000000000001e6c      0x26e ./Drivers/STM32F4xx_HAL_Driver/Src/stm32f4xx_hal_tim.o
 .debug_abbrev  0x00000000000020da      0x276 ./Drivers/STM32F4xx_HAL_Driver/Src/stm32f4xx_hal_tim_ex.o
 .debug_abbrev  0x0000000000002350      0x305 ./Drivers/STM32F4xx_HAL_Driver/Src/stm32f4xx_hal_uart.o
 .debug_abbrev  0x0000000000002655      0x50f ./Middlewares/Third_Party/FreeRTOS/Source/CMSIS_RTOS_V2/cmsis_os2.o
 .debug_abbrev  0x0000000000002b64       0xf2 ./Middlewares/Third_Party/FreeRTOS/Source/list.o
 .debug_abbrev  0x0000000000002c56      0x3a1 ./Middlewares/Third_Party/FreeRTOS/Source/queue.o
 .debug_abbrev  0x0000000000002ff7      0x3f3 ./Middlewares/Third_Party/FreeRTOS/Source/tasks.o
 .debug_abbrev  0x00000000000033ea      0x360 ./Middlewares/Third_Party/FreeRTOS/Source/timers.o
 .debug_abbrev  0x000000000000374a      0x259 ./Middlewares/Third_Party/FreeRTOS/Source/portable/GCC/ARM_CM4F/port.o
 .debug_abbrev  0x00000000000039a3      0x212 ./Middlewares/Third_Party/FreeRTOS/Source/portable/MemMang/heap_4.o

.debug_aranges  0x0000000000000000     0x1690
 .debug_aranges
                0x0000000000000000       0x48 ./Core/Src/comm_modbus.o
 .debug_aranges
                0x0000000000000048       0x48 ./Core/Src/inverter.o
 .debug_aranges
                0x0000000000000090       0x80 ./Core/Src/main.o
 .debug_aranges
                0x0000000000000110       0x68 ./Core/Src/stm32f4xx_hal_msp.o
 .debug_aranges
                0x0000000000000178       0x70 ./Core/Src/stm32f4xx_it.o
 .debug_aranges
                0x00000000000001e8       0x28 ./Core/Src/system_stm32f4xx.o
 .debug_aranges
                0x0000000000000210       0x28 ./Core/Startup/startup_stm32f401ccux.o
 .debug_aranges
                0x0000000000000238       0x88 ./Core/stModbus/src/modbus.o
 .debug_aranges
                0x00000000000002c0       0x28 ./Core/stModbus/src/rtu/mbutils.o
 .debug_aranges
                0x00000000000002e8       0xf0 ./Drivers/STM32F4xx_HAL_Driver/Src/stm32f4xx_hal.o
 .debug_aranges
                0x00000000000003d8       0xe8 ./Drivers/STM32F4xx_HAL_Driver/Src/stm32f4xx_hal_adc.o
 .debug_aranges
                0x00000000000004c0      0x118 ./Drivers/STM32F4xx_HAL_Driver/Src/stm32f4xx_hal_cortex.o
 .debug_aranges
                0x00000000000005d8       0x90 ./Drivers/STM32F4xx_HAL_Driver/Src/stm32f4xx_hal_dma.o
 .debug_aranges
                0x0000000000000668       0x58 ./Drivers/STM32F4xx_HAL_Driver/Src/stm32f4xx_hal_gpio.o
 .debug_aranges
                0x00000000000006c0       0x88 ./Drivers/STM32F4xx_HAL_Driver/Src/stm32f4xx_hal_rcc.o
 .debug_aranges
                0x0000000000000748      0x3d0 ./Drivers/STM32F4xx_HAL_Driver/Src/stm32f4xx_hal_tim.o
 .debug_aranges
                0x0000000000000b18      0x168 ./Drivers/STM32F4xx_HAL_Driver/Src/stm32f4xx_hal_tim_ex.o
 .debug_aranges
                0x0000000000000c80      0x200 ./Drivers/STM32F4xx_HAL_Driver/Src/stm32f4xx_hal_uart.o
 .debug_aranges
                0x0000000000000e80      0x2a8 ./Middlewares/Third_Party/FreeRTOS/Source/CMSIS_RTOS_V2/cmsis_os2.o
 .debug_aranges
                0x0000000000001128       0x40 ./Middlewares/Third_Party/FreeRTOS/Source/list.o
 .debug_aranges
                0x0000000000001168      0x158 ./Middlewares/Third_Party/FreeRTOS/Source/queue.o
 .debug_aranges
                0x00000000000012c0      0x208 ./Middlewares/Third_Party/FreeRTOS/Source/tasks.o
 .debug_aranges
                0x00000000000014c8       0xf0 ./Middlewares/Third_Party/FreeRTOS/Source/timers.o
 .debug_aranges
                0x00000000000015b8       0x80 ./Middlewares/Third_Party/FreeRTOS/Source/portable/GCC/ARM_CM4F/port.o
 .debug_aranges
                0x0000000000001638       0x58 ./Middlewares/Third_Party/FreeRTOS/Source/portable/MemMang/heap_4.o

.debug_ranges   0x0000000000000000     0x1538
 .debug_ranges  0x0000000000000000       0x38 ./Core/Src/comm_modbus.o
 .debug_ranges  0x0000000000000038       0x38 ./Core/Src/inverter.o
 .debug_ranges  0x0000000000000070       0x70 ./Core/Src/main.o
 .debug_ranges  0x00000000000000e0       0x58 ./Core/Src/stm32f4xx_hal_msp.o
 .debug_ranges  0x0000000000000138       0x60 ./Core/Src/stm32f4xx_it.o
 .debug_ranges  0x0000000000000198       0x18 ./Core/Src/system_stm32f4xx.o
 .debug_ranges  0x00000000000001b0       0x20 ./Core/Startup/startup_stm32f401ccux.o
 .debug_ranges  0x00000000000001d0       0x78 ./Core/stModbus/src/modbus.o
 .debug_ranges  0x0000000000000248       0x18 ./Core/stModbus/src/rtu/mbutils.o
 .debug_ranges  0x0000000000000260       0xe0 ./Drivers/STM32F4xx_HAL_Driver/Src/stm32f4xx_hal.o
 .debug_ranges  0x0000000000000340       0xd8 ./Drivers/STM32F4xx_HAL_Driver/Src/stm32f4xx_hal_adc.o
 .debug_ranges  0x0000000000000418      0x108 ./Drivers/STM32F4xx_HAL_Driver/Src/stm32f4xx_hal_cortex.o
 .debug_ranges  0x0000000000000520       0x80 ./Drivers/STM32F4xx_HAL_Driver/Src/stm32f4xx_hal_dma.o
 .debug_ranges  0x00000000000005a0       0x48 ./Drivers/STM32F4xx_HAL_Driver/Src/stm32f4xx_hal_gpio.o
 .debug_ranges  0x00000000000005e8       0x78 ./Drivers/STM32F4xx_HAL_Driver/Src/stm32f4xx_hal_rcc.o
 .debug_ranges  0x0000000000000660      0x3c0 ./Drivers/STM32F4xx_HAL_Driver/Src/stm32f4xx_hal_tim.o
 .debug_ranges  0x0000000000000a20      0x158 ./Drivers/STM32F4xx_HAL_Driver/Src/stm32f4xx_hal_tim_ex.o
 .debug_ranges  0x0000000000000b78      0x220 ./Drivers/STM32F4xx_HAL_Driver/Src/stm32f4xx_hal_uart.o
 .debug_ranges  0x0000000000000d98      0x298 ./Middlewares/Third_Party/FreeRTOS/Source/CMSIS_RTOS_V2/cmsis_os2.o
 .debug_ranges  0x0000000000001030       0x30 ./Middlewares/Third_Party/FreeRTOS/Source/list.o
 .debug_ranges  0x0000000000001060      0x148 ./Middlewares/Third_Party/FreeRTOS/Source/queue.o
 .debug_ranges  0x00000000000011a8      0x1f8 ./Middlewares/Third_Party/FreeRTOS/Source/tasks.o
 .debug_ranges  0x00000000000013a0       0xe0 ./Middlewares/Third_Party/FreeRTOS/Source/timers.o
 .debug_ranges  0x0000000000001480       0x70 ./Middlewares/Third_Party/FreeRTOS/Source/portable/GCC/ARM_CM4F/port.o
 .debug_ranges  0x00000000000014f0       0x48 ./Middlewares/Third_Party/FreeRTOS/Source/portable/MemMang/heap_4.o

.debug_macro    0x0000000000000000    0x19fca
 .debug_macro   0x0000000000000000      0x308 ./Core/Src/comm_modbus.o
 .debug_macro   0x0000000000000308      0xa78 ./Core/Src/comm_modbus.o
 .debug_macro   0x0000000000000d80      0x2a1 ./Core/Src/comm_modbus.o
 .debug_macro   0x0000000000001021       0x2e ./Core/Src/comm_modbus.o
 .debug_macro   0x000000000000104f       0x28 ./Core/Src/comm_modbus.o
 .debug_macro   0x0000000000001077       0x22 ./Core/Src/comm_modbus.o
 .debug_macro   0x0000000000001099       0x8e ./Core/Src/comm_modbus.o
 .debug_macro   0x0000000000001127       0x51 ./Core/Src/comm_modbus.o
 .debug_macro   0x0000000000001178      0x103 ./Core/Src/comm_modbus.o
 .debug_macro   0x000000000000127b       0x6a ./Core/Src/comm_modbus.o
 .debug_macro   0x00000000000012e5      0x1df ./Core/Src/comm_modbus.o
 .debug_macro   0x00000000000014c4       0x1c ./Core/Src/comm_modbus.o
 .debug_macro   0x00000000000014e0       0x22 ./Core/Src/comm_modbus.o
 .debug_macro   0x0000000000001502       0xd9 ./Core/Src/comm_modbus.o
 .debug_macro   0x00000000000015db     0x102d ./Core/Src/comm_modbus.o
 .debug_macro   0x0000000000002608      0x11f ./Core/Src/comm_modbus.o
 .debug_macro   0x0000000000002727     0xb86c ./Core/Src/comm_modbus.o
 .debug_macro   0x000000000000df93       0x6d ./Core/Src/comm_modbus.o
 .debug_macro   0x000000000000e000     0x367e ./Core/Src/comm_modbus.o
 .debug_macro   0x000000000001167e      0x174 ./Core/Src/comm_modbus.o
 .debug_macro   0x00000000000117f2       0x5c ./Core/Src/comm_modbus.o
 .debug_macro   0x000000000001184e      0x416 ./Core/Src/comm_modbus.o
 .debug_macro   0x0000000000011c64      0x9fe ./Core/Src/comm_modbus.o
 .debug_macro   0x0000000000012662      0x115 ./Core/Src/comm_modbus.o
 .debug_macro   0x0000000000012777       0xf8 ./Core/Src/comm_modbus.o
 .debug_macro   0x000000000001286f       0xa5 ./Core/Src/comm_modbus.o
 .debug_macro   0x0000000000012914      0x15f ./Core/Src/comm_modbus.o
 .debug_macro   0x0000000000012a73      0x287 ./Core/Src/comm_modbus.o