../Core/Src/main.c:78:5:main	8	static
../Core/Src/main.c:127:6:SystemClock_Config	88	static
../Core/Src/main.c:173:13:MX_ADC1_Init	24	static
../Core/Src/main.c:225:13:MX_SPI2_Init	8	static
../Core/Src/main.c:263:13:MX_TIM1_Init	96	static
../Core/Src/main.c:346:13:MX_TIM2_Init	56	static
../Core/Src/main.c:395:13:MX_USART1_UART_Init	8	static
../Core/Src/main.c:428:13:MX_USART2_UART_Init	8	static
../Core/Src/main.c:461:13:MX_GPIO_Init	48	static
../Core/Src/main.c:522:6:Error_Handler	4	static,ignoring_inline_asm
