../Core/Src/main.c:90:5:main	8	static
../Core/Src/main.c:175:6:SystemClock_Config	88	static
../Core/Src/main.c:221:13:MX_ADC1_Init	24	static
../Core/Src/main.c:282:13:MX_TIM1_Init	96	static
../Core/Src/main.c:365:13:MX_TIM2_Init	56	static
../Core/Src/main.c:414:13:MX_USART1_UART_Init	8	static
../Core/Src/main.c:448:13:MX_USART2_UART_Init	8	static
../Core/Src/main.c:479:13:MX_DMA_Init	16	static
../Core/Src/main.c:503:13:MX_GPIO_Init	48	static
../Core/Src/main.c:568:6:HAL_UARTEx_RxEventCallback	16	static
../Core/Src/main.c:573:6:HAL_UART_ErrorCallback	16	static
../Core/Src/main.c:582:6:HAL_UART_TxCpltCallback	16	static
../Core/Src/main.c:597:6:StartDefaultTask	16	static
../Core/Src/main.c:618:6:Error_Handler	4	static,ignoring_inline_asm
