../Core/Src/main.c:95:5:main	8	static
../Core/Src/main.c:180:6:SystemClock_Config	88	static
../Core/Src/main.c:226:13:MX_ADC1_Init	24	static
../Core/Src/main.c:305:13:MX_TIM1_Init	96	static
../Core/Src/main.c:388:13:MX_TIM2_Init	56	static
../Core/Src/main.c:437:13:MX_TIM3_Init	32	static
../Core/Src/main.c:482:13:MX_USART1_UART_Init	8	static
../Core/Src/main.c:516:13:MX_USART2_UART_Init	8	static
../Core/Src/main.c:547:13:MX_DMA_Init	16	static
../Core/Src/main.c:578:13:MX_GPIO_Init	48	static
../Core/Src/main.c:643:6:HAL_UARTEx_RxEventCallback	16	static
../Core/Src/main.c:648:6:HAL_UART_ErrorCallback	16	static
../Core/Src/main.c:657:6:HAL_UART_TxCpltCallback	16	static
../Core/Src/main.c:672:6:StartDefaultTask	16	static
../Core/Src/main.c:694:6:Error_Handler	4	static,ignoring_inline_asm
