../Core/Src/stm32f4xx_it.c:161:6:NMI_Handler	4	static
../Core/Src/stm32f4xx_it.c:176:6:HardFault_Handler	4	static
../Core/Src/stm32f4xx_it.c:191:6:MemManage_Handler	4	static
../Core/Src/stm32f4xx_it.c:206:6:BusFault_Handler	4	static
../Core/Src/stm32f4xx_it.c:221:6:UsageFault_Handler	4	static
../Core/Src/stm32f4xx_it.c:236:6:DebugMon_Handler	4	static
../Core/Src/stm32f4xx_it.c:249:6:SysTick_Handler	8	static
../Core/Src/stm32f4xx_it.c:278:6:DMA1_Stream5_IRQHandler	8	static
../Core/Src/stm32f4xx_it.c:292:6:DMA1_Stream6_IRQHandler	8	static
../Core/Src/stm32f4xx_it.c:306:6:TIM1_UP_TIM10_IRQHandler	8	static
../Core/Src/stm32f4xx_it.c:320:6:TIM3_IRQHandler	8	static
../Core/Src/stm32f4xx_it.c:337:6:TIM4_IRQHandler	8	static
../Core/Src/stm32f4xx_it.c:353:6:USART1_IRQHandler	8	static
../Core/Src/stm32f4xx_it.c:367:6:USART2_IRQHandler	8	static
../Core/Src/stm32f4xx_it.c:381:6:DMA2_Stream0_IRQHandler	16	static
../Core/Src/stm32f4xx_it.c:532:6:DMA2_Stream2_IRQHandler	8	static
../Core/Src/stm32f4xx_it.c:546:6:DMA2_Stream7_IRQHandler	8	static
../Core/Src/stm32f4xx_it.c:558:6:HAL_GPIO_EXTI_Callback	16	static
