../Core/Src/stm32f4xx_it.c:148:6:NMI_Handler	4	static
../Core/Src/stm32f4xx_it.c:163:6:HardFault_Handler	4	static
../Core/Src/stm32f4xx_it.c:178:6:MemManage_Handler	4	static
../Core/Src/stm32f4xx_it.c:193:6:BusFault_Handler	4	static
../Core/Src/stm32f4xx_it.c:208:6:UsageFault_Handler	4	static
../Core/Src/stm32f4xx_it.c:223:6:DebugMon_Handler	4	static
../Core/Src/stm32f4xx_it.c:236:6:SysTick_Handler	8	static
../Core/Src/stm32f4xx_it.c:265:6:TIM1_UP_TIM10_IRQHandler	8	static
../Core/Src/stm32f4xx_it.c:279:6:TIM3_IRQHandler	8	static
../Core/Src/stm32f4xx_it.c:294:6:USART1_IRQHandler	8	static
../Core/Src/stm32f4xx_it.c:308:6:DMA2_Stream0_IRQHandler	16	static
../Core/Src/stm32f4xx_it.c:426:6:DMA2_Stream2_IRQHandler	8	static
../Core/Src/stm32f4xx_it.c:440:6:DMA2_Stream7_IRQHandler	8	static
../Core/Src/stm32f4xx_it.c:452:6:HAL_GPIO_EXTI_Callback	16	static
