../Core/Src/stm32f4xx_it.c:162:6:NMI_Handler	4	static
../Core/Src/stm32f4xx_it.c:177:6:HardFault_Handler	4	static
../Core/Src/stm32f4xx_it.c:192:6:MemManage_Handler	4	static
../Core/Src/stm32f4xx_it.c:207:6:BusFault_Handler	4	static
../Core/Src/stm32f4xx_it.c:222:6:UsageFault_Handler	4	static
../Core/Src/stm32f4xx_it.c:237:6:DebugMon_Handler	4	static
../Core/Src/stm32f4xx_it.c:250:6:SysTick_Handler	8	static
../Core/Src/stm32f4xx_it.c:279:6:DMA1_Stream5_IRQHandler	8	static
../Core/Src/stm32f4xx_it.c:293:6:DMA1_Stream6_IRQHandler	8	static
../Core/Src/stm32f4xx_it.c:307:6:TIM1_UP_TIM10_IRQHandler	8	static
../Core/Src/stm32f4xx_it.c:321:6:TIM3_IRQHandler	8	static
../Core/Src/stm32f4xx_it.c:338:6:TIM4_IRQHandler	8	static
../Core/Src/stm32f4xx_it.c:354:6:USART1_IRQHandler	8	static
../Core/Src/stm32f4xx_it.c:368:6:USART2_IRQHandler	8	static
../Core/Src/stm32f4xx_it.c:382:6:DMA2_Stream0_IRQHandler	16	static
../Core/Src/stm32f4xx_it.c:557:6:DMA2_Stream2_IRQHandler	8	static
../Core/Src/stm32f4xx_it.c:571:6:DMA2_Stream7_IRQHandler	8	static
../Core/Src/stm32f4xx_it.c:583:6:HAL_GPIO_EXTI_Callback	16	static
