../Core/Src/stm32f4xx_it.c:147:6:NMI_Handler	4	static
../Core/Src/stm32f4xx_it.c:162:6:HardFault_Handler	4	static
../Core/Src/stm32f4xx_it.c:177:6:MemManage_Handler	4	static
../Core/Src/stm32f4xx_it.c:192:6:BusFault_Handler	4	static
../Core/Src/stm32f4xx_it.c:207:6:UsageFault_Handler	4	static
../Core/Src/stm32f4xx_it.c:222:6:DebugMon_Handler	4	static
../Core/Src/stm32f4xx_it.c:235:6:SysTick_Handler	8	static
../Core/Src/stm32f4xx_it.c:264:6:TIM1_UP_TIM10_IRQHandler	8	static
../Core/Src/stm32f4xx_it.c:278:6:USART1_IRQHandler	8	static
../Core/Src/stm32f4xx_it.c:292:6:DMA2_Stream0_IRQHandler	16	static
../Core/Src/stm32f4xx_it.c:406:6:DMA2_Stream2_IRQHandler	8	static
../Core/Src/stm32f4xx_it.c:420:6:DMA2_Stream7_IRQHandler	8	static
../Core/Src/stm32f4xx_it.c:432:6:HAL_GPIO_EXTI_Callback	16	static
../Core/Src/stm32f4xx_it.c:438:6:output_svpwm	32	static
