../Core/Src/stm32f4xx_it.c:154:6:NMI_Handler	4	static
../Core/Src/stm32f4xx_it.c:169:6:HardFault_Handler	4	static
../Core/Src/stm32f4xx_it.c:184:6:MemManage_Handler	4	static
../Core/Src/stm32f4xx_it.c:199:6:BusFault_Handler	4	static
../Core/Src/stm32f4xx_it.c:214:6:UsageFault_Handler	4	static
../Core/Src/stm32f4xx_it.c:229:6:DebugMon_Handler	4	static
../Core/Src/stm32f4xx_it.c:242:6:SysTick_Handler	8	static
../Core/Src/stm32f4xx_it.c:271:6:DMA1_Stream5_IRQHandler	8	static
../Core/Src/stm32f4xx_it.c:285:6:DMA1_Stream6_IRQHandler	8	static
../Core/Src/stm32f4xx_it.c:299:6:TIM1_UP_TIM10_IRQHandler	8	static
../Core/Src/stm32f4xx_it.c:313:6:TIM3_IRQHandler	8	static
../Core/Src/stm32f4xx_it.c:330:6:USART1_IRQHandler	8	static
../Core/Src/stm32f4xx_it.c:344:6:USART2_IRQHandler	8	static
../Core/Src/stm32f4xx_it.c:358:6:DMA2_Stream0_IRQHandler	16	static
../Core/Src/stm32f4xx_it.c:502:6:DMA2_Stream2_IRQHandler	8	static
../Core/Src/stm32f4xx_it.c:516:6:DMA2_Stream7_IRQHandler	8	static
../Core/Src/stm32f4xx_it.c:528:6:HAL_GPIO_EXTI_Callback	16	static
