../Core/Src/stm32f4xx_it.c:205:6:NMI_Handler	4	static
../Core/Src/stm32f4xx_it.c:220:6:HardFault_Handler	4	static
../Core/Src/stm32f4xx_it.c:235:6:MemManage_Handler	4	static
../Core/Src/stm32f4xx_it.c:250:6:BusFault_Handler	4	static
../Core/Src/stm32f4xx_it.c:265:6:UsageFault_Handler	4	static
../Core/Src/stm32f4xx_it.c:280:6:DebugMon_Handler	4	static
../Core/Src/stm32f4xx_it.c:293:6:SysTick_Handler	8	static
../Core/Src/stm32f4xx_it.c:322:6:DMA1_Stream5_IRQHandler	8	static
../Core/Src/stm32f4xx_it.c:336:6:DMA1_Stream6_IRQHandler	8	static
../Core/Src/stm32f4xx_it.c:350:6:TIM1_UP_TIM10_IRQHandler	8	static
../Core/Src/stm32f4xx_it.c:364:6:TIM3_IRQHandler	8	static
../Core/Src/stm32f4xx_it.c:381:6:TIM4_IRQHandler	8	static
../Core/Src/stm32f4xx_it.c:397:6:USART1_IRQHandler	8	static
../Core/Src/stm32f4xx_it.c:411:6:USART2_IRQHandler	8	static
../Core/Src/stm32f4xx_it.c:425:6:DMA2_Stream0_IRQHandler	16	static
../Core/Src/stm32f4xx_it.c:610:6:DMA2_Stream2_IRQHandler	8	static
../Core/Src/stm32f4xx_it.c:624:6:DMA2_Stream7_IRQHandler	8	static
../Core/Src/stm32f4xx_it.c:636:6:HAL_GPIO_EXTI_Callback	16	static
