../Core/Src/stm32f4xx_it.c:160:6:NMI_Handler	4	static
../Core/Src/stm32f4xx_it.c:175:6:HardFault_Handler	4	static
../Core/Src/stm32f4xx_it.c:190:6:MemManage_Handler	4	static
../Core/Src/stm32f4xx_it.c:205:6:BusFault_Handler	4	static
../Core/Src/stm32f4xx_it.c:220:6:UsageFault_Handler	4	static
../Core/Src/stm32f4xx_it.c:235:6:DebugMon_Handler	4	static
../Core/Src/stm32f4xx_it.c:248:6:SysTick_Handler	8	static
../Core/Src/stm32f4xx_it.c:277:6:DMA1_Stream5_IRQHandler	8	static
../Core/Src/stm32f4xx_it.c:291:6:DMA1_Stream6_IRQHandler	8	static
../Core/Src/stm32f4xx_it.c:305:6:TIM1_UP_TIM10_IRQHandler	8	static
../Core/Src/stm32f4xx_it.c:319:6:TIM3_IRQHandler	8	static
../Core/Src/stm32f4xx_it.c:336:6:TIM4_IRQHandler	8	static
../Core/Src/stm32f4xx_it.c:352:6:USART1_IRQHandler	8	static
../Core/Src/stm32f4xx_it.c:366:6:USART2_IRQHandler	8	static
../Core/Src/stm32f4xx_it.c:380:6:DMA2_Stream0_IRQHandler	16	static
../Core/Src/stm32f4xx_it.c:523:6:DMA2_Stream2_IRQHandler	8	static
../Core/Src/stm32f4xx_it.c:537:6:DMA2_Stream7_IRQHandler	8	static
../Core/Src/stm32f4xx_it.c:549:6:HAL_GPIO_EXTI_Callback	16	static
